# Внешний аудит работы s43 — журнал (s44, 13.09.2026)

Аудитор: чистый контекст, дерево `D:\Docs\Aurora_Ai\Dev\Aurora_Econometrica_thinwt`.
Материал: `Projects/audit_s43_committed.diff` (663 строки, записи `21d28ebe..fbc80994`),
`Projects/audit_s43_uncommitted.diff` (175 строк), файлы дерева, `aurora-meta`
(ENGINEERING_INVARIANTS §6, CROSS_PRODUCT_DEFECT_REGISTRY CPD-167).
Ничего не правила. Живьём не запускала (порт занят другим исполнителем) — всё, что
требует запуска, вынесено в раздел 4.

⚠️ За время разбора другой исполнитель уже сдвинул `ExpandableCard.svelte` с `70vh`
на `86vh` и приложил живое измерение 13.09. Это учтено: находки про цепочку высоты
пересмотрены по фактическому состоянию дерева, а не только по снимку.

---

## 1. Сводка

| Уровень | Число |
|---|---|
| Critical | 0 |
| High | 2 |
| Medium | 3 |
| Low | 7 |

Оба High — в новом пользовательском пути «человеческий текст отказа обновления»
(`updateErrorText.js` + `UpdateBlockingOverlay.svelte`). Графики и разворот — чисто,
кроме одного косметического следствия на клиентском экране (M-3).

---

## 2. Находки

### 🔴 H-1. Общий текст по коду ЗАТИРАЕТ точную причину, которую программа уже знает

**Уровень:** High
**Где:** `src/lib/updateErrorText.js:72` (`const human = (code && UPDATE_ERROR_TEXTS[code]) || UPDATE_ERROR_FALLBACK;`)
+ `src/lib/components/UpdateBlockingOverlay.svelte:66-69`
против `src-tauri/src/commands/updater.rs:438, 467, 620, 622`.

**Что сломано.** `describeUpdateError` выбирает текст ТОЛЬКО по коду и всегда
выбрасывает деталь отказа. Но коды UP-002/UP-003/UP-004 в Rust покрывают по 4–8
разных причин, и часть деталей — это уже готовый русский текст «причина + что
делать», написанный специально для этого окна. Теперь он на экран не попадает, а
вместо него человеку называют ОДНУ причину, которую программа не устанавливала.

**Конкретный сценарий отказа (самый дорогой).** Клиент со старой машинной
установкой в `Program Files` (ветка CPD-116) нажимает «Скачать и установить» →
видит запрос прав → нажимает «Нет».
- Rust возвращает `[UP-004] Установщик не запустился (отказ в правах
  администратора). Приложение продолжает работать — повторите обновление и
  подтвердите запрос прав.` (`updater.rs:620`)
- На экране человек читает: «Установить обновление не удалось: запустить
  установщик не получилось. Чаще всего мешает нехватка места на диске или защитное
  средство, которое держит файл – освободите место, закройте лишние программы и
  нажмите «Повторить».» (`updateErrorText.js:38`)

То есть: освобождает место, выключает антивирус, жмёт «Повторить», снова жмёт «Нет»
в запросе прав — и так по кругу. Единственная работающая инструкция («подтвердите
запрос прав») спрятана под «Подробности». Окно блокирующее — пока обновление не
встало, работать нельзя.

**Ещё два вхождения того же класса:**
1. `updater.rs:438` — пустая контрольная сумма в манифесте. Rust даёт русский текст
   «…установка непроверенного файла отклонена. Повторите позже или обратитесь в
   поддержку». Кода у этого отказа нет вовсе (`anyhow::bail!`, не `coded_err`) →
   на экране запасной текст «нажмите «Повторить»», который не поможет никогда:
   сумма в манифесте не появится от повторов.
   🔴 Дополнительно: комментарий над функцией (`updater.rs:434-435`) —
   «B2/B3 (2026-07-03): сообщения по-русски — уходят в errorMsg блокирующего
   оверлея обновления, клиент должен понимать, что делать» — **стал ложным**: с s43
   они туда больше не уходят. Комментарий говорит одно, код делает другое.
2. `updater.rs:467` — «Файл установщика не найден: <путь>. Повторите загрузку
   обновления» превращается в тот же текст про нехватку места.

**Лечение.** Предпочитать деталь из Rust, когда она уже человеческая: если после
`[UP-00X] ` в строке есть кириллица — показывать её, а таблицу
`UPDATE_ERROR_TEXTS` держать запасным вариантом для английских и бескодовых
отказов. Признак дешёвый и точный: все английские детали в `updater.rs` —
служебные (`Installer must be .exe`, `Download failed: …`), все русские написаны
именно для этого окна.

**Как проверялось.** Прочитаны все ветки `coded_err` в `updater.rs` (строки
105–624) и обёртки `download_update`/`apply_update` в `src-tauri/src/lib.rs:2839-2852`
(`.map_err(|e| e.to_string())` — строка доезжает до фронта целиком, вместе с
префиксом кода). Путь исполняемый: `startUpdate` вызывает ровно эти две команды.

---

### 🔴 H-2. Самый частый отказ — «нет сети» — приходит БЕЗ кода, и в запасном тексте про сеть не сказано

**Уровень:** High
**Где:** `src-tauri/src/commands/updater.rs:102` (и `:91`, `:108`), `src/lib/updateErrorText.js:53-56`.

**Что сломано.** `download_update` первым делом заново ходит в сеть
(`lib.rs:2841` → `check_for_updates`). Без интернета: Supabase падает → запасной
GitHub Pages → `client.get(&url).send().await?` — это голый `?` по `reqwest`, БЕЗ
`coded_err`. Кода в строке нет → `describeUpdateError` отдаёт
`UPDATE_ERROR_FALLBACK`.

**Конкретный сценарий отказа.** У клиента отвалился интернет (или прокси/фаервол
режет `github.io`). Нажимает «Скачать и установить» → получает: «Обновление
установить не удалось. Без него продолжить работу не получится – нажмите
«Повторить», а если ошибка повторяется, напишите нам на support@auroraai.pro».
Про проверку подключения — ни слова, хотя ровно этот текст уже написан и лежит
рядом, в `UP-001`. Клиент без интернета пишет в поддержку вместо того, чтобы
включить интернет. Это ровно тот случай, ради которого заводился CPD-167, и он
остался незакрытым.

Тем же путём (без кода → запасной текст) идут: ошибка разбора JSON манифеста
(`updater.rs:108`), сбой сборки HTTP-клиента, и `Ok(None)` из `check_for_updates`
→ `lib.rs:2842` «Обновление недоступно» (человеку предлагают «Повторить» там, где
сервер вообще не считает обновление нужным).

**Лечение.** Обернуть сетевые отказы `check_github_pages` в `coded_err(UP001, …)`
(одна строка на каждый `?`), а в запасной текст добавить проверку подключения —
это самая частая причина, и она обязана звучать даже без кода.

**Как проверялось.** Прослежен путь от `startUpdate` (`UpdateBlockingOverlay.svelte:59`)
до `updater.rs:95-109`; сверено, что `coded_err` в `check_github_pages` стоит только
на ветке «сервер ответил не-200» (`:105`), а не на сетевом отказе.

---

### 🟠 M-1. CPD-167 закрыт точечно в одном продукте — против прямо записанного лечения

**Уровень:** Medium (процесс, повтор записанной ошибки)
**Где:** `src/lib/updateErrorText.js` (новый файл, локальная таблица продукта)
против `aurora-meta/CROSS_PRODUCT_DEFECT_REGISTRY.md`, раздел CPD-167.

**Что сломано.** В реестре решение CPD-167 записано так: «Одна общая таблица
текстов на линейку, иначе класс вернётся точечными починками», и матрица помечает
🔴 у шести продуктов (DM, LG, SA, CH, EC, OR). s43 сделала ровно точечную починку —
таблица живёт в `src/lib/` одного продукта, в общий крейт не вынесена, матрица
CPD-167 не обновлена (EC по-прежнему 🔴).

**Сценарий отказа.** Следующая сессия по Legal/Docs Lab/Oracle заведёт свою таблицу
с другими формулировками, и у одного и того же кода UP-002 в линейке будет пять
разных текстов; либо, увидев в реестре 🔴 у EC, кто-то починит уже починенное.

**Лечение.** Либо вынести таблицу туда же, где живут коды (`aurora_core::errors`,
рядом с `coded`), либо явно записать в CPD-167 отступление от лечения с причиной.
Плюс обновить колонку EC в матрице.

**Как проверялось.** Прочитан раздел CPD-167 целиком; проверено, что
`updateErrorText.js` не импортируется из общего места и не имеет пары в
`aurora_core/src/errors.rs` (там только коды, текстов нет).

---

### 🟠 M-2. Разворот больше не «на весь экран», а подписи по-прежнему это обещают

**Уровень:** Medium (клиентский текст против поведения)
**Где:** `src/lib/components/ExpandableCard.svelte:105` (`title="Развернуть на весь экран"`),
`:106` (`aria-label`), `:126` (`<span>График развёрнут на весь экран</span>`)
против `:240-241` (`width: 86vw; height: 86vh`).

**Что сломано.** По распоряжению владельца окно разворота стало изменяемым и
занимает 86 % экрана. Три клиентские надписи остались от прежнего поведения.

**Сценарий отказа.** Пользователь наводит мышь на кнопку, читает «Развернуть на
весь экран», нажимает — получает окно с видимой рамкой и фоном по краям, а на
странице под ним надпись «График развёрнут на весь экран». Поведение и текст
расходятся; для незрячего пользователя `aria-label` «Развернуть» и заголовок
«Развернуть на весь экран» — единственный источник ожидания.

**Лечение.** «Развернуть» / «Свернуть» в заголовке и `aria-label`, «График открыт в
отдельном окне» в заглушке.

**Как проверялось.** Прочитаны разметка и стили `ExpandableCard.svelte` в текущем
состоянии дерева; правка размера присутствует и в снимке незафиксированного диффа,
и в дереве (уже 86vh).

---

### 🟠 M-3. PPCScatter: жёсткие `min`/`max` на осях лишают подписи круглых чисел

**Уровень:** Medium (клиентский экран; уверенность средняя — рассуждение по семантике ECharts, не измерение)
**Где:** `src/lib/components/pipeline/PPCScatter.svelte:104-105, 110-111` (`min: axisMin, max: axisMax`).

**Что сломано.** Раньше пределы осей подбирала ECharts и округляла их «на красиво»
(nice extent) → деления вида 0, 5 000 000, 10 000 000. Теперь пределы заданы
точно: `minV - 5 %` … `maxV + 5 %`, то есть произвольные дробные числа. При явных
`min`/`max` ECharts делит ровно этот отрезок на `splitNumber` частей и округления
границ не делает, а форматтер (`:106`) печатает `Math.round(v)`.

**Сценарий отказа.** Покупатель открывает «Разброс прогноза» на экране качества
модели и видит подписи осей вида «12 345 678 · 14 197 336 · 16 048 994» вместо
круглых. Числа верные (честность метрик не нарушена), но экран выглядит
непроработанным — а это ровно тот экран, которым доказывают качество модели.
Заодно `scale: true` рядом с явными `min`/`max` не делает ничего: при заданных
пределах он игнорируется.

**Лечение.** Округлять `axisMin`/`axisMax` до «красивого» шага перед подачей в ось
(либо задавать пределы функциями `min: v => …` с округлением), а `scale: true`
рядом с явными пределами убрать как вводящий в заблуждение.

**Как проверялось.** Сверено с прежней редакцией по снимку диффа (min/max
отсутствовали); поведение ECharts при явных пределах — по семантике компонента,
живьём НЕ мерила (см. раздел 4).

---

### 🟡 L-1. Ветка `UP-005` в этом продукте недостижима

`src/lib/updateErrorText.js:43-46`. Поиск по всему Rust-коду: `ErrorCode::UP005`
не порождается нигде — «UP005» встречается только в записи журнала
(`updater.rs:151`) и в пояснении (`:25`). Текст написан верно по смыслу (в
`aurora_core` UP005 = «Version parse error»), но на экран попасть не может.
Вреда нет, но в шапке файла заявлено «Набор кодов обновления — UP-001..UP-005»,
и следующий читатель решит, что ветка живая.
Лечение: пометить ветку как задел либо порождать UP005 там, где разбирается версия.

### 🟡 L-2. Комментарий в PPCResidualsChart ссылается на измерение, которого для этой карточки не делали

`src/lib/components/pipeline/PPCResidualsChart.svelte:209-210`: «тот же приём и **то
же измерение живьём** (2026-09-12), что и в PPCScatter.svelte». Живое измерение
12.09 делалось по карточке «Разброс прогноза» (см. `TEST_FINDINGS_2026-09-12_s43.md`,
раздел про правку высоты); по карточке «Остатки» измерения не было — правка
перенесена по аналогии. Формулировка выдаёт перенос за доказательство, а линейка
отдельно записала урок «зелёное по аналогии — не доказательство».
Лечение: «приём тот же, что в PPCScatter; живьём по этой карточке не мерено».

### 🟡 L-3. Комментарий в PPCScatter обещает 45°, которых нет

`src/lib/components/pipeline/PPCScatter.svelte:86-88`: «диагональ читается как 45°
ТОЛЬКО если у обеих осей одинаковый диапазон – иначе прямоугольная (не квадратная)
область построения искажает угол». Равенство диапазонов — условие необходимое, но
не достаточное: область построения остаётся широким прямоугольником (`grid`
фиксирован в px по краям, высота 240px), и диагональ идёт из угла в угол под углом,
зависящим от пропорций. Сама правка верная (диагональ теперь осмысленна), ложно
только объяснение — следующий читатель решит, что область квадратная, и будет
судить расстояние точек от диагонали на глаз.

### 🟡 L-4. Пример в шапке ExpandableCard учит ровно тому значению, которое признано нерабочим

`src/lib/components/ExpandableCard.svelte:12`: `<EChartBase height={expanded ? '70vh' : '240px'} …/>`.
Все живые вызовы уже перешли на `'100%'` (незафиксированная правка), потому что
`70vh` живьём давало холсту 24 % окна. Документация компонента воспроизводит
дефект дословно.

### 🟡 L-5. Шапка `updateErrorText.js` указывает на место, которого в дереве продукта нет

`src/lib/updateErrorText.js:12-13`: «Коды производит `src-tauri/src/errors.rs`
(функция `coded`)». В `src-tauri/src/errors.rs` кода нет — это реэкспорт из
`aurora_core::errors` (4 строки + приёмочный тест стыка); `updater.rs` пользуется
`coded_err`, а не `coded`. Поиск `fn coded` по дереву продукта даст ноль.

### 🟡 L-6. Регулярка ловит любой код линейки, не только обновленческий

`src/lib/updateErrorText.js:70`: `/\[([A-Z]{2}-\d{3})\]/`. Если отказ пришёл
завёрнутым и несёт, скажем, `[LI-005]`, человек увидит в подписи раскрытия
«Подробности · LI-005» — код чужой подсистемы под заголовком отказа обновления.
Человеческий текст при этом верно уходит в запасной. Ущерб малый, но для поддержки
это ложный след. Лечение: сузить до `UP-\d{3}`.

### 🟡 L-7. «Подробности» растут вниз и могут вытолкнуть «Повторить» за край окна

`src/lib/components/UpdateBlockingOverlay.svelte:121-129` против `:149-159`
(`.card` без `max-height` и без `overflow`; `.overlay` — `position: fixed` с
`align-items: center`, прокрутки нет).
Сценарий: небольшое окно программы, длинные примечания к версии
(`$updateRequired.notes`) плюс раскрытые «Подробности» с длинной сырой строкой
(адреса Supabase и GitHub Pages — сотни символов при ширине карточки 420px) →
кнопка «Повторить» уезжает ниже нижней границы окна, а оверлей не прокручивается.
Человек в блокирующем окне остаётся без единственной доступной кнопки и вынужден
перезапускать программу. Отсутствие прокрутки было и до s43, но именно s43 добавила
управляемый пользователем рост высоты.
Лечение: `max-height: calc(100vh - 48px); overflow-y: auto` на `.card` либо
перенести `<details>` под кнопку.

---

## 3. Отброшено (гипотезы, не подтвердившиеся личной проверкой)

1. **`children(true)` ломает пять карточек с неявным `children`** (DecomposeStep ×3,
   MultiScenarioChart, OptimizeStep). Нет: в Svelte 5 неявный `children` — это
   `Snippet<[]>`, который присваивается `Snippet<[boolean]>` (функция с меньшим
   числом параметров совместима), а лишний аргумент в рантайме игнорируется.
2. **Класс «поломанная цепочка высоты» починен только у PPC-графиков, остальные
   пять карточек остались сломанными.** Проверила каждую: у «Декомпозиция продаж»
   (`WaterfallChart:181`), «Расходы vs Эффект» (`ChannelComparisonChart:128`),
   MultiScenarioChart и «Response Curves» (`ResponseCurves:299`) корнем `children`
   является сам контейнер графика — он прямой потомок `.overlay-content` и
   получает `flex:1` глобальным правилом `ExpandableCard.svelte:298`. У «Динамика по
   периодам» промежуточный `.timeline-wrap` тоже становится flex-колонкой тем же
   правилом, а контейнер внутри ловится правилом `:308`. У ResponseCurves свой
   `ResizeObserver` (`:262`). Ломалось именно у PPC-компонентов, потому что там был
   ещё один промежуточный НЕ-flex слой (`.chart-cell`) — комментарий s43
   (`PPCScatter.svelte:194-200`) описывает корень верно.
3. **`scale: true` на «Факт vs Прогноз» нарушает честность метрик (INV-50).** Нет:
   это линейный график во времени, где ноль не несёт смысла, а усечение оси
   УВЕЛИЧИВАЕТ видимое расхождение факта и прогноза — то есть не льстит модели.
   Комментарий `ConvergenceDashboard.svelte:135-138` точен.
4. **`legend: { show: false }` слетит при смене темы.** Нет: третий эффект
   `EChartBase.svelte:111-118` домешивает базу с `notMerge: false`, `show:false`
   переживает слияние; а реактивное обновление (`:90`, `notMerge: true`) базу и
   вовсе не приносит.
5. **Удаление `title`/`subtext` из PPCScatter потеряло R² с экрана.** Нет: R²
   показан в `legend-row` (`PPCScatter.svelte:182-184`) из того же поля
   `ppcData.r2`, с той же точностью `toFixed(3)`. Расхождения чисел нет.
6. **`axisMin`/`axisMax` дают NaN при нечисловых данных.** Теоретически да
   (`allVals` пуст → `Math.min(...[])` = Infinity), но достижимого сценария не
   нашла: движок отдаёт `actual`/`predicted` числами, а пустые массивы отсекает
   проверка `:62`. Без сценария в находки не пишу.
7. **Двойной `unlisten()` при отказе `apply_update`.** Существовал до s43
   (контекстные строки диффа), к правке отношения не имеет.
8. **Утечка технической строки на экран.** На экране она есть (адреса
   `ackold26.github.io/rosst-updates`, Supabase — внутренние и вендорные имена,
   которых по правилу линейки в клиентском тексте быть не должно), но это НЕ
   регресс s43: до правки та же строка стояла первой строкой ошибки. s43 убрала её
   под раскрытие — стало лучше. Отмечаю как унаследованное, не как находку против s43.
9. **Короткое тире в новых клиентских текстах.** Проверила побайтово: все шесть
   текстов в `updateErrorText.js` используют «–» (U+2013); U+2014 встречается только
   в комментариях. Англицизмов и внутренних имён в текстах нет, адрес поддержки
   совпадает с `program-help.js:101`. Нарушения нет.

---

## 4. Что осталось недоказанным (требует живого прогона)

1. **Круглость подписей осей у «Разброс прогноза» (M-3).** Код доказать не может:
   деления выбирает ECharts внутри себя. Проверка — открыть экран качества модели
   и прочитать подписи осей. 1 минута.
2. **Фактическая высота холста в развороте после перехода на `86vh`.** В коде
   (`ExpandableCard.svelte:234-237`) записано живое измерение 13.09: 74–77 % высоты
   окна против 59–61,5 % при `70vh`. Я этого измерения не наблюдала и повторить не
   могла (порт занят). Если цифра верна — цепочка flex доказана и требование
   владельца («не ниже 60 %») выполнено; на код полагаться нельзя, это класс, где
   зелёные тесты не доказывают ничего.
3. **Поведение `resize: both` рядом с закрытием по клику на фон.** `.overlay` несёт
   `onclick={toggle}` (`ExpandableCard.svelte:64`). Если при перетаскивании угла
   указатель выходит за карточку и отпускается над фоном, возможен клик по фону и
   закрытие окна прямо во время изменения размера. Браузер при нативном `resize`
   обычно клика не порождает — доказать это можно только рукой.
4. **Весь путь отказа обновления (H-1, H-2).** Ни один из сценариев на экране не
   воспроизводился: тестов у `describeUpdateError` нет ни одного, а живая проверка
   требует поломать сеть или манифест. Минимальный набор перед выпуском:
   (а) выключить сеть и нажать «Скачать и установить»; (б) отказать в правах в
   запросе UAC на машине со старой установкой; (в) подсунуть манифест с пустым
   `checksum`. Три случая — три текста, которые сейчас, по разбору кода, говорят
   человеку не то.
5. **Поведение при окне программы уже 468 px.** `min-width: 420px` плюс `padding:
   24px` с двух сторон — карточка вылезет за края. Маловероятно на рабочей машине,
   дёшево проверяется сужением окна.

---

## 5. Что из работы s43 считаю доказанным

- **Диагноз поломанной цепочки высоты у PPC-графиков** — доказан живым измерением
  12.09 (`TEST_FINDINGS_2026-09-12_s43.md`) и подтверждается разбором CSS: корень
  назван верно, соседние карточки этим дефектом действительно не страдают.
- **Передача состояния разворота параметром сниппета** — механика верна, остальные
  пять потребителей не сломаны (проверено поимённо).
- **Убранный внутренний заголовок и отключённая легенда в PPCScatter** — корень
  назван верно (базовая легенда в `echarts-setup.js:48` существует и рендерится),
  R² не потерян.
- **Равные пределы осей у «Разброс прогноза»** — правка по сути верная; неверно
  только её объяснение (L-3) и не учтено следствие для подписей (M-3).

**А что держится на предположении:** весь новый путь отказа обновления. Он написан
аккуратно, но ни одной веткой не проверен — ни тестом, ни живьём, — и разбор кода
показывает, что как минимум в трёх из пяти вероятных случаев человек прочтёт
неверную причину (H-1, H-2). Для окна, которое блокирует работу, это и есть главный
риск выпуска из всего, что сделано в s43.
