104 DEPRECATION: Running PyInstaller as admin is not necessary nor sensible. Run PyInstaller from a non-administrator terminal. PyInstaller 7.0 will block this.
416 INFO: PyInstaller: 6.19.0, contrib hooks: 2026.3
416 INFO: Python: 3.12.10
458 INFO: Platform: Windows-11-10.0.26200-SP0
458 INFO: Python environment: C:\Users\ackol\AppData\Local\Programs\Python\Python312
459 INFO: wrote D:\Docs\Aurora_Ai\Dev\Aurora_Econometrica_thinwt\sidecar\econometrica\build_tmp\econometrica-sidecar.spec
464 INFO: Removing temporary files and cleaning cache in C:\Users\ackol\AppData\Local\pyinstaller
5138 INFO: Found 'auto' as default backend, checking available backends
5138 INFO: Matplotlib is available, defining as default backend
5211 INFO: arviz_base available, exposing its functions as part of arviz.preview
11275 INFO: arviz_stats available, exposing its functions as part of arviz.preview
11491 INFO: arviz_plots available, exposing its functions as part of arviz.preview
15402 WARNING: Failed to collect submodules for 'arviz.plots.backends.bokeh' because importing 'arviz.plots.backends.bokeh' raised: ModuleNotFoundError: No module named 'bokeh'
477 INFO: Found 'auto' as default backend, checking available backends
549 INFO: Matplotlib is available, defining as default backend
647 INFO: Found 'auto' as default backend, checking available backends
768 INFO: Matplotlib is available, defining as default backend
426 INFO: Found 'auto' as default backend, checking available backends
510 INFO: Matplotlib is available, defining as default backend
1281 WARNING: Failed to collect submodules for 'arviz_plots.backend.plotly' because importing 'arviz_plots.backend.plotly' raised: ModuleNotFoundError: No module named 'plotly'
212 WARNING: g++ not available, if using conda: `conda install gxx`
213 WARNING: g++ not detected!  PyTensor will be unable to compile C-implementations and will default to Python. Performance may be severely degraded. To remove this warning, set PyTensor flags cxx to an empty string.
4652 INFO: Found 'auto' as default backend, checking available backends
4652 INFO: Matplotlib is available, defining as default backend
4681 INFO: arviz_base available, exposing its functions as part of arviz.preview
4752 INFO: arviz_stats available, exposing its functions as part of arviz.preview
4823 INFO: arviz_plots available, exposing its functions as part of arviz.preview
C:\Users\ackol\AppData\Local\Programs\Python\Python312\Lib\site-packages\pymc\dims\__init__.py:66: UserWarning: The `pymc.dims` module is experimental and may contain critical bugs (p=0.053).
Please report any issues you encounter at https://github.com/pymc-devs/pymc/issues.
API changes are expected in future releases.

  __init__()
204 WARNING: g++ not available, if using conda: `conda install gxx`
204 WARNING: g++ not detected!  PyTensor will be unable to compile C-implementations and will default to Python. Performance may be severely degraded. To remove this warning, set PyTensor flags cxx to an empty string.
1703 INFO: Found 'auto' as default backend, checking available backends
1703 INFO: Matplotlib is available, defining as default backend
1712 INFO: arviz_base available, exposing its functions as part of arviz.preview
1750 INFO: arviz_stats available, exposing its functions as part of arviz.preview
1781 INFO: arviz_plots available, exposing its functions as part of arviz.preview
283 WARNING: g++ not available, if using conda: `conda install gxx`
283 WARNING: g++ not detected!  PyTensor will be unable to compile C-implementations and will default to Python. Performance may be severely degraded. To remove this warning, set PyTensor flags cxx to an empty string.
C:\Users\ackol\AppData\Local\Programs\Python\Python312\Lib\site-packages\pytensor\xtensor\__init__.py:14: UserWarning: xtensor module is experimental and full of bugs
  warnings.warn("xtensor module is experimental and full of bugs")
2072 WARNING: Failed to collect submodules for 'pytensor.link.mlx.dispatch' because importing 'pytensor.link.mlx.dispatch' raised: ModuleNotFoundError: No module named 'mlx'
709 WARNING: Failed to collect submodules for 'numpyro.contrib.tfp' because importing 'numpyro.contrib.tfp' raised: ImportError: To use this module, please install TensorFlow Probability. It can be installed with `pip install tensorflow_probability`
676 WARNING: Failed to collect submodules for 'jax.experimental.source_mapper' because importing 'jax.experimental.source_mapper' raised: ModuleNotFoundError: No module named 'absl'
8554 WARNING: Failed to collect submodules for 'econml.automated_ml' because importing 'econml.automated_ml' raised: ModuleNotFoundError: No module named 'azureml'
133470 INFO: Module search paths (PYTHONPATH):
['D:\\Docs\\Aurora_Ai\\Dev\\Aurora_Econometrica_thinwt\\sidecar\\econometrica',
 'C:\\Users\\ackol\\AppData\\Local\\Programs\\Python\\Python312\\python312.zip',
 'C:\\Users\\ackol\\AppData\\Local\\Programs\\Python\\Python312\\DLLs',
 'C:\\Users\\ackol\\AppData\\Local\\Programs\\Python\\Python312\\Lib',
 'C:\\Users\\ackol\\AppData\\Local\\Programs\\Python\\Python312',
 'C:\\Users\\ackol\\AppData\\Roaming\\Python\\Python312\\site-packages',
 'C:\\Users\\ackol\\AppData\\Local\\Programs\\Python\\Python312\\Lib\\site-packages',
 'D:\\Docs\\Aurora_Ai\\aurora-platform-core\\aurora_common\\src',
 'D:\\Docs\\Aurora_Ai\\aurora-platform-core\\aurora_inference\\src',
 'D:\\Docs\\Aurora_Ai\\aurora-platform-core\\aurora_reporting\\src',
 'D:\\Docs\\Aurora_Ai\\aurora-platform-core\\aurora_schema_registry\\src',
 'D:\\Docs\\Aurora_Ai\\aurora-platform-core\\aurora_studio\\src',
 'D:\\Docs\\Aurora_Ai\\aurora-platform-core\\aurora_workflow\\src',
 'C:\\Users\\ackol\\AppData\\Local\\Programs\\Python\\Python312\\Lib\\site-packages\\win32',
 'C:\\Users\\ackol\\AppData\\Local\\Programs\\Python\\Python312\\Lib\\site-packages\\win32\\lib',
 'C:\\Users\\ackol\\AppData\\Local\\Programs\\Python\\Python312\\Lib\\site-packages\\Pythonwin',
 'D:\\Docs\\Aurora_Ai\\Dev\\Aurora_Econometrica_thinwt\\sidecar\\econometrica']
134645 INFO: Appending 'binaries' from .spec
134645 INFO: Appending 'datas' from .spec
135488 INFO: checking Analysis
135488 INFO: Building Analysis because Analysis-00.toc is non existent
135489 INFO: Looking for Python shared library...
135489 INFO: Using Python shared library: C:\Users\ackol\AppData\Local\Programs\Python\Python312\python312.dll
135489 INFO: Running Analysis Analysis-00.toc
135489 INFO: Target bytecode optimization level: 0
135489 INFO: Initializing module dependency graph...
135492 INFO: Initializing module graph hook caches...
135585 INFO: Analyzing modules for base_library.zip ...
137168 INFO: Processing standard module hook 'hook-encodings.py' from 'C:\\Users\\ackol\\AppData\\Local\\Programs\\Python\\Python312\\Lib\\site-packages\\PyInstaller\\hooks'
139727 INFO: Processing standard module hook 'hook-pickle.py' from 'C:\\Users\\ackol\\AppData\\Local\\Programs\\Python\\Python312\\Lib\\site-packages\\PyInstaller\\hooks'
141176 INFO: Processing standard module hook 'hook-heapq.py' from 'C:\\Users\\ackol\\AppData\\Local\\Programs\\Python\\Python312\\Lib\\site-packages\\PyInstaller\\hooks'
142343 INFO: Caching module dependency graph...
142425 INFO: Analyzing D:\Docs\Aurora_Ai\Dev\Aurora_Econometrica_thinwt\sidecar\econometrica\server.py
143327 INFO: Processing standard module hook 'hook-platform.py' from 'C:\\Users\\ackol\\AppData\\Local\\Programs\\Python\\Python312\\Lib\\site-packages\\PyInstaller\\hooks'
143500 INFO: Processing standard module hook 'hook-anyio.py' from 'C:\\Users\\ackol\\AppData\\Local\\Programs\\Python\\Python312\\Lib\\site-packages\\_pyinstaller_hooks_contrib\\stdhooks'
144138 INFO: Processing pre-safe-import-module hook 'hook-typing_extensions.py' from 'C:\\Users\\ackol\\AppData\\Local\\Programs\\Python\\Python312\\Lib\\site-packages\\PyInstaller\\hooks\\pre_safe_import_module'
144148 INFO: SetuptoolsInfo: initializing cached setuptools info...
145611 INFO: Processing standard module hook 'hook-multiprocessing.util.py' from 'C:\\Users\\ackol\\AppData\\Local\\Programs\\Python\\Python312\\Lib\\site-packages\\PyInstaller\\hooks'
145727 INFO: Processing standard module hook 'hook-xml.py' from 'C:\\Users\\ackol\\AppData\\Local\\Programs\\Python\\Python312\\Lib\\site-packages\\PyInstaller\\hooks'
146068 INFO: Processing standard module hook 'hook-_ctypes.py' from 'C:\\Users\\ackol\\AppData\\Local\\Programs\\Python\\Python312\\Lib\\site-packages\\PyInstaller\\hooks'
147470 INFO: Processing standard module hook 'hook-pydantic.py' from 'C:\\Users\\ackol\\AppData\\Local\\Programs\\Python\\Python312\\Lib\\site-packages\\_pyinstaller_hooks_contrib\\stdhooks'
148351 INFO: Processing standard module hook 'hook-rich.py' from 'C:\\Users\\ackol\\AppData\\Local\\Programs\\Python\\Python312\\Lib\\site-packages\\_pyinstaller_hooks_contrib\\stdhooks'
149221 INFO: Processing standard module hook 'hook-pygments.py' from 'C:\\Users\\ackol\\AppData\\Local\\Programs\\Python\\Python312\\Lib\\site-packages\\PyInstaller\\hooks'
151571 INFO: Processing standard module hook 'hook-sysconfig.py' from 'C:\\Users\\ackol\\AppData\\Local\\Programs\\Python\\Python312\\Lib\\site-packages\\PyInstaller\\hooks'
152367 INFO: Processing standard module hook 'hook-zoneinfo.py' from 'C:\\Users\\ackol\\AppData\\Local\\Programs\\Python\\Python312\\Lib\\site-packages\\_pyinstaller_hooks_contrib\\stdhooks'
153140 INFO: Processing standard module hook 'hook-certifi.py' from 'C:\\Users\\ackol\\AppData\\Local\\Programs\\Python\\Python312\\Lib\\site-packages\\_pyinstaller_hooks_contrib\\stdhooks'
154646 INFO: Processing standard module hook 'hook-difflib.py' from 'C:\\Users\\ackol\\AppData\\Local\\Programs\\Python\\Python312\\Lib\\site-packages\\PyInstaller\\hooks'
155465 INFO: Processing standard module hook 'hook-dns.rdata.py' from 'C:\\Users\\ackol\\AppData\\Local\\Programs\\Python\\Python312\\Lib\\site-packages\\_pyinstaller_hooks_contrib\\stdhooks'
156577 INFO: Processing standard module hook 'hook-pythoncom.py' from 'C:\\Users\\ackol\\AppData\\Local\\Programs\\Python\\Python312\\Lib\\site-packages\\_pyinstaller_hooks_contrib\\stdhooks'
156660 INFO: Processing standard module hook 'hook-pywintypes.py' from 'C:\\Users\\ackol\\AppData\\Local\\Programs\\Python\\Python312\\Lib\\site-packages\\_pyinstaller_hooks_contrib\\stdhooks'
158397 INFO: Processing standard module hook 'hook-numpy.py' from 'C:\\Users\\ackol\\AppData\\Local\\Programs\\Python\\Python312\\Lib\\site-packages\\PyInstaller\\hooks'
162718 INFO: Processing standard module hook 'hook-charset_normalizer.py' from 'C:\\Users\\ackol\\AppData\\Local\\Programs\\Python\\Python312\\Lib\\site-packages\\_pyinstaller_hooks_contrib\\stdhooks'
163375 INFO: Processing standard module hook 'hook-pandas.py' from 'C:\\Users\\ackol\\AppData\\Local\\Programs\\Python\\Python312\\Lib\\site-packages\\PyInstaller\\hooks'
165578 INFO: Processing standard module hook 'hook-scipy.py' from 'C:\\Users\\ackol\\AppData\\Local\\Programs\\Python\\Python312\\Lib\\site-packages\\PyInstaller\\hooks'
166211 INFO: Processing standard module hook 'hook-pytest.py' from 'C:\\Users\\ackol\\AppData\\Local\\Programs\\Python\\Python312\\Lib\\site-packages\\_pyinstaller_hooks_contrib\\stdhooks'
166610 INFO: Processing standard module hook 'hook-py.py' from 'C:\\Users\\ackol\\AppData\\Local\\Programs\\Python\\Python312\\Lib\\site-packages\\_pyinstaller_hooks_contrib\\stdhooks'
166852 INFO: Processing pre-safe-import-module hook 'hook-packaging.py' from 'C:\\Users\\ackol\\AppData\\Local\\Programs\\Python\\Python312\\Lib\\site-packages\\PyInstaller\\hooks\\pre_safe_import_module'
167096 INFO: Processing pre-safe-import-module hook 'hook-tomli.py' from 'C:\\Users\\ackol\\AppData\\Local\\Programs\\Python\\Python312\\Lib\\site-packages\\PyInstaller\\hooks\\pre_safe_import_module'
168566 INFO: Processing standard module hook 'hook-pkg_resources.py' from 'C:\\Users\\ackol\\AppData\\Local\\Programs\\Python\\Python312\\Lib\\site-packages\\PyInstaller\\hooks'
168914 INFO: Processing pre-safe-import-module hook 'hook-jaraco.py' from 'C:\\Users\\ackol\\AppData\\Local\\Programs\\Python\\Python312\\Lib\\site-packages\\PyInstaller\\hooks\\pre_safe_import_module'
168917 INFO: Setuptools: 'jaraco' appears to be a partial setuptools-vendored copy - extending search paths to ['C:\\Users\\ackol\\AppData\\Local\\Programs\\Python\\Python312\\Lib\\site-packages\\jaraco', 'C:\\Users\\ackol\\AppData\\Local\\Programs\\Python\\Python312\\Lib\\site-packages\\setuptools\\_vendor\\jaraco']!
168917 INFO: Processing pre-safe-import-module hook 'hook-jaraco.text.py' from 'C:\\Users\\ackol\\AppData\\Local\\Programs\\Python\\Python312\\Lib\\site-packages\\PyInstaller\\hooks\\pre_safe_import_module'
168917 INFO: Setuptools: 'jaraco.text' appears to be a setuptools-vendored copy - creating alias to 'setuptools._vendor.jaraco.text'!
168917 INFO: Processing standard module hook 'hook-setuptools.py' from 'C:\\Users\\ackol\\AppData\\Local\\Programs\\Python\\Python312\\Lib\\site-packages\\PyInstaller\\hooks'
168960 INFO: Processing pre-safe-import-module hook 'hook-distutils.py' from 'C:\\Users\\ackol\\AppData\\Local\\Programs\\Python\\Python312\\Lib\\site-packages\\PyInstaller\\hooks\\pre_safe_import_module'
169015 INFO: Processing pre-safe-import-module hook 'hook-jaraco.functools.py' from 'C:\\Users\\ackol\\AppData\\Local\\Programs\\Python\\Python312\\Lib\\site-packages\\PyInstaller\\hooks\\pre_safe_import_module'
169029 INFO: Processing pre-safe-import-module hook 'hook-more_itertools.py' from 'C:\\Users\\ackol\\AppData\\Local\\Programs\\Python\\Python312\\Lib\\site-packages\\PyInstaller\\hooks\\pre_safe_import_module'
169533 INFO: Processing pre-safe-import-module hook 'hook-importlib_metadata.py' from 'C:\\Users\\ackol\\AppData\\Local\\Programs\\Python\\Python312\\Lib\\site-packages\\PyInstaller\\hooks\\pre_safe_import_module'
169574 INFO: Processing standard module hook 'hook-importlib_metadata.py' from 'C:\\Users\\ackol\\AppData\\Local\\Programs\\Python\\Python312\\Lib\\site-packages\\PyInstaller\\hooks'
169655 INFO: Processing pre-safe-import-module hook 'hook-zipp.py' from 'C:\\Users\\ackol\\AppData\\Local\\Programs\\Python\\Python312\\Lib\\site-packages\\PyInstaller\\hooks\\pre_safe_import_module'
170623 INFO: Processing pre-safe-import-module hook 'hook-wheel.py' from 'C:\\Users\\ackol\\AppData\\Local\\Programs\\Python\\Python312\\Lib\\site-packages\\PyInstaller\\hooks\\pre_safe_import_module'
170623 INFO: Setuptools: 'wheel' appears to be a setuptools-vendored copy - creating alias to 'setuptools._vendor.wheel'!
170698 INFO: Processing standard module hook 'hook-setuptools._vendor.jaraco.text.py' from 'C:\\Users\\ackol\\AppData\\Local\\Programs\\Python\\Python312\\Lib\\site-packages\\PyInstaller\\hooks'
170698 INFO: Processing pre-safe-import-module hook 'hook-importlib_resources.py' from 'C:\\Users\\ackol\\AppData\\Local\\Programs\\Python\\Python312\\Lib\\site-packages\\PyInstaller\\hooks\\pre_safe_import_module'
170712 INFO: Processing standard module hook 'hook-importlib_resources.py' from 'C:\\Users\\ackol\\AppData\\Local\\Programs\\Python\\Python312\\Lib\\site-packages\\PyInstaller\\hooks'
170800 INFO: Processing pre-safe-import-module hook 'hook-jaraco.context.py' from 'C:\\Users\\ackol\\AppData\\Local\\Programs\\Python\\Python312\\Lib\\site-packages\\PyInstaller\\hooks\\pre_safe_import_module'
170817 INFO: Processing pre-safe-import-module hook 'hook-backports.py' from 'C:\\Users\\ackol\\AppData\\Local\\Programs\\Python\\Python312\\Lib\\site-packages\\PyInstaller\\hooks\\pre_safe_import_module'
170821 INFO: Setuptools: 'backports' appears to be a full setuptools-vendored copy - creating alias to 'setuptools._vendor.backports'!
170942 INFO: Processing pre-safe-import-module hook 'hook-platformdirs.py' from 'C:\\Users\\ackol\\AppData\\Local\\Programs\\Python\\Python312\\Lib\\site-packages\\PyInstaller\\hooks\\pre_safe_import_module'
170970 INFO: Processing standard module hook 'hook-platformdirs.py' from 'C:\\Users\\ackol\\AppData\\Local\\Programs\\Python\\Python312\\Lib\\site-packages\\_pyinstaller_hooks_contrib\\stdhooks'
171400 INFO: Processing standard module hook 'hook-pycparser.py' from 'C:\\Users\\ackol\\AppData\\Local\\Programs\\Python\\Python312\\Lib\\site-packages\\_pyinstaller_hooks_contrib\\stdhooks'
173817 INFO: Processing standard module hook 'hook-urllib3.py' from 'C:\\Users\\ackol\\AppData\\Local\\Programs\\Python\\Python312\\Lib\\site-packages\\_pyinstaller_hooks_contrib\\stdhooks'
174295 INFO: Processing standard module hook 'hook-cryptography.py' from 'C:\\Users\\ackol\\AppData\\Local\\Programs\\Python\\Python312\\Lib\\site-packages\\_pyinstaller_hooks_contrib\\stdhooks'
176962 INFO: hook-cryptography: cryptography does not seem to be using dynamically linked OpenSSL.
177503 INFO: Processing standard module hook 'hook-bcrypt.py' from 'C:\\Users\\ackol\\AppData\\Local\\Programs\\Python\\Python312\\Lib\\site-packages\\_pyinstaller_hooks_contrib\\stdhooks'
181856 INFO: Processing standard module hook 'hook-sqlite3.py' from 'C:\\Users\\ackol\\AppData\\Local\\Programs\\Python\\Python312\\Lib\\site-packages\\PyInstaller\\hooks'
184016 INFO: Processing standard module hook 'hook-cloudpickle.py' from 'C:\\Users\\ackol\\AppData\\Local\\Programs\\Python\\Python312\\Lib\\site-packages\\_pyinstaller_hooks_contrib\\stdhooks'
184925 INFO: Processing pre-safe-import-module hook 'hook-tensorflow.py' from 'C:\\Users\\ackol\\AppData\\Local\\Programs\\Python\\Python312\\Lib\\site-packages\\_pyinstaller_hooks_contrib\\pre_safe_import_module'
186903 INFO: Processing standard module hook 'hook-matplotlib.py' from 'C:\\Users\\ackol\\AppData\\Local\\Programs\\Python\\Python312\\Lib\\site-packages\\PyInstaller\\hooks'
187299 INFO: Processing pre-safe-import-module hook 'hook-gi.py' from 'C:\\Users\\ackol\\AppData\\Local\\Programs\\Python\\Python312\\Lib\\site-packages\\PyInstaller\\hooks\\pre_safe_import_module'
187614 INFO: Processing standard module hook 'hook-matplotlib.backend_bases.py' from 'C:\\Users\\ackol\\AppData\\Local\\Programs\\Python\\Python312\\Lib\\site-packages\\PyInstaller\\hooks'
187790 INFO: Processing standard module hook 'hook-PIL.py' from 'C:\\Users\\ackol\\AppData\\Local\\Programs\\Python\\Python312\\Lib\\site-packages\\PyInstaller\\hooks'
187917 INFO: Processing standard module hook 'hook-PIL.Image.py' from 'C:\\Users\\ackol\\AppData\\Local\\Programs\\Python\\Python312\\Lib\\site-packages\\PyInstaller\\hooks'
188710 INFO: Processing standard module hook 'hook-xml.etree.cElementTree.py' from 'C:\\Users\\ackol\\AppData\\Local\\Programs\\Python\\Python312\\Lib\\site-packages\\PyInstaller\\hooks'
188902 INFO: Processing standard module hook 'hook-xml.dom.domreg.py' from 'C:\\Users\\ackol\\AppData\\Local\\Programs\\Python\\Python312\\Lib\\site-packages\\PyInstaller\\hooks'
189945 INFO: Processing standard module hook 'hook-PIL.ImageFilter.py' from 'C:\\Users\\ackol\\AppData\\Local\\Programs\\Python\\Python312\\Lib\\site-packages\\PyInstaller\\hooks'
191264 INFO: Processing standard module hook 'hook-jinja2.py' from 'C:\\Users\\ackol\\AppData\\Local\\Programs\\Python\\Python312\\Lib\\site-packages\\_pyinstaller_hooks_contrib\\stdhooks'
192155 INFO: Processing standard module hook 'hook-matplotlib.backends.py' from 'C:\\Users\\ackol\\AppData\\Local\\Programs\\Python\\Python312\\Lib\\site-packages\\PyInstaller\\hooks'
192333 INFO: Processing standard module hook 'hook-matplotlib.pyplot.py' from 'C:\\Users\\ackol\\AppData\\Local\\Programs\\Python\\Python312\\Lib\\site-packages\\PyInstaller\\hooks'
193855 INFO: Processing standard module hook 'hook-dateutil.py' from 'C:\\Users\\ackol\\AppData\\Local\\Programs\\Python\\Python312\\Lib\\site-packages\\_pyinstaller_hooks_contrib\\stdhooks'
194010 INFO: Processing pre-safe-import-module hook 'hook-six.moves.py' from 'C:\\Users\\ackol\\AppData\\Local\\Programs\\Python\\Python312\\Lib\\site-packages\\PyInstaller\\hooks\\pre_safe_import_module'
197664 INFO: Processing standard module hook 'hook-scipy.linalg.py' from 'C:\\Users\\ackol\\AppData\\Local\\Programs\\Python\\Python312\\Lib\\site-packages\\PyInstaller\\hooks'
197986 INFO: Processing standard module hook 'hook-scipy.special._ufuncs.py' from 'C:\\Users\\ackol\\AppData\\Local\\Programs\\Python\\Python312\\Lib\\site-packages\\PyInstaller\\hooks'
199758 INFO: Processing standard module hook 'hook-numba.py' from 'C:\\Users\\ackol\\AppData\\Local\\Programs\\Python\\Python312\\Lib\\site-packages\\_pyinstaller_hooks_contrib\\stdhooks'
199805 INFO: Processing standard module hook 'hook-llvmlite.py' from 'C:\\Users\\ackol\\AppData\\Local\\Programs\\Python\\Python312\\Lib\\site-packages\\_pyinstaller_hooks_contrib\\stdhooks'
206652 INFO: Processing pre-safe-import-module hook 'hook-win32com.py' from 'C:\\Users\\ackol\\AppData\\Local\\Programs\\Python\\Python312\\Lib\\site-packages\\_pyinstaller_hooks_contrib\\pre_safe_import_module'
206739 INFO: Processing standard module hook 'hook-win32com.py' from 'C:\\Users\\ackol\\AppData\\Local\\Programs\\Python\\Python312\\Lib\\site-packages\\_pyinstaller_hooks_contrib\\stdhooks'
210945 INFO: Processing standard module hook 'hook-scipy.spatial._ckdtree.py' from 'C:\\Users\\ackol\\AppData\\Local\\Programs\\Python\\Python312\\Lib\\site-packages\\PyInstaller\\hooks'
212067 INFO: Processing standard module hook 'hook-scipy.spatial.transform.rotation.py' from 'C:\\Users\\ackol\\AppData\\Local\\Programs\\Python\\Python312\\Lib\\site-packages\\PyInstaller\\hooks'
213953 INFO: Processing standard module hook 'hook-scipy.stats._stats.py' from 'C:\\Users\\ackol\\AppData\\Local\\Programs\\Python\\Python312\\Lib\\site-packages\\PyInstaller\\hooks'
214827 INFO: Processing standard module hook 'hook-scipy.sparse.csgraph.py' from 'C:\\Users\\ackol\\AppData\\Local\\Programs\\Python\\Python312\\Lib\\site-packages\\PyInstaller\\hooks'
216803 INFO: Processing standard module hook 'hook-scipy.special._ellip_harm_2.py' from 'C:\\Users\\ackol\\AppData\\Local\\Programs\\Python\\Python312\\Lib\\site-packages\\PyInstaller\\hooks'
221680 INFO: Processing standard module hook 'hook-pandas.io.formats.style.py' from 'C:\\Users\\ackol\\AppData\\Local\\Programs\\Python\\Python312\\Lib\\site-packages\\PyInstaller\\hooks'
223335 INFO: Processing standard module hook 'hook-pyarrow.py' from 'C:\\Users\\ackol\\AppData\\Local\\Programs\\Python\\Python312\\Lib\\site-packages\\_pyinstaller_hooks_contrib\\stdhooks'
226862 INFO: Processing standard module hook 'hook-fsspec.py' from 'C:\\Users\\ackol\\AppData\\Local\\Programs\\Python\\Python312\\Lib\\site-packages\\_pyinstaller_hooks_contrib\\stdhooks'
229839 INFO: Processing standard module hook 'hook-pandas.plotting.py' from 'C:\\Users\\ackol\\AppData\\Local\\Programs\\Python\\Python312\\Lib\\site-packages\\PyInstaller\\hooks'
232726 INFO: Processing standard module hook 'hook-openpyxl.py' from 'C:\\Users\\ackol\\AppData\\Local\\Programs\\Python\\Python312\\Lib\\site-packages\\_pyinstaller_hooks_contrib\\stdhooks'
233008 INFO: Processing standard module hook 'hook-lxml.py' from 'C:\\Users\\ackol\\AppData\\Local\\Programs\\Python\\Python312\\Lib\\site-packages\\_pyinstaller_hooks_contrib\\stdhooks'
233632 INFO: Processing standard module hook 'hook-lxml.etree.py' from 'C:\\Users\\ackol\\AppData\\Local\\Programs\\Python\\Python312\\Lib\\site-packages\\_pyinstaller_hooks_contrib\\stdhooks'
238220 INFO: Processing standard module hook 'hook-pandas.io.clipboard.py' from 'C:\\Users\\ackol\\AppData\\Local\\Programs\\Python\\Python312\\Lib\\site-packages\\PyInstaller\\hooks'
249034 INFO: Processing standard module hook 'hook-xarray.py' from 'C:\\Users\\ackol\\AppData\\Local\\Programs\\Python\\Python312\\Lib\\site-packages\\_pyinstaller_hooks_contrib\\stdhooks'
252681 INFO: Processing standard module hook 'hook-patsy.py' from 'C:\\Users\\ackol\\AppData\\Local\\Programs\\Python\\Python312\\Lib\\site-packages\\_pyinstaller_hooks_contrib\\stdhooks'
254779 INFO: Processing standard module hook 'hook-statsmodels.tsa.statespace.py' from 'C:\\Users\\ackol\\AppData\\Local\\Programs\\Python\\Python312\\Lib\\site-packages\\_pyinstaller_hooks_contrib\\stdhooks'
261519 INFO: Processing standard module hook 'hook-h5py.py' from 'C:\\Users\\ackol\\AppData\\Local\\Programs\\Python\\Python312\\Lib\\site-packages\\_pyinstaller_hooks_contrib\\stdhooks'
262489 INFO: Processing standard module hook 'hook-scipy.io.matlab.py' from 'C:\\Users\\ackol\\AppData\\Local\\Programs\\Python\\Python312\\Lib\\site-packages\\PyInstaller\\hooks'
276059 INFO: Processing standard module hook 'hook-pptx.py' from 'C:\\Users\\ackol\\AppData\\Local\\Programs\\Python\\Python312\\Lib\\site-packages\\_pyinstaller_hooks_contrib\\stdhooks'
278755 INFO: Processing standard module hook 'hook-sklearn.py' from 'C:\\Users\\ackol\\AppData\\Local\\Programs\\Python\\Python312\\Lib\\site-packages\\_pyinstaller_hooks_contrib\\stdhooks'
280569 INFO: Processing standard module hook 'hook-sklearn.utils.py' from 'C:\\Users\\ackol\\AppData\\Local\\Programs\\Python\\Python312\\Lib\\site-packages\\_pyinstaller_hooks_contrib\\stdhooks'
281973 INFO: Processing standard module hook 'hook-sklearn.metrics.py' from 'C:\\Users\\ackol\\AppData\\Local\\Programs\\Python\\Python312\\Lib\\site-packages\\_pyinstaller_hooks_contrib\\stdhooks'
285261 INFO: Processing standard module hook 'hook-sklearn.metrics.cluster.py' from 'C:\\Users\\ackol\\AppData\\Local\\Programs\\Python\\Python312\\Lib\\site-packages\\_pyinstaller_hooks_contrib\\stdhooks'
285572 INFO: Processing standard module hook 'hook-sklearn.cluster.py' from 'C:\\Users\\ackol\\AppData\\Local\\Programs\\Python\\Python312\\Lib\\site-packages\\_pyinstaller_hooks_contrib\\stdhooks'
285687 INFO: Processing standard module hook 'hook-sklearn.metrics.pairwise.py' from 'C:\\Users\\ackol\\AppData\\Local\\Programs\\Python\\Python312\\Lib\\site-packages\\_pyinstaller_hooks_contrib\\stdhooks'
286057 INFO: Processing standard module hook 'hook-sklearn.neighbors.py' from 'C:\\Users\\ackol\\AppData\\Local\\Programs\\Python\\Python312\\Lib\\site-packages\\_pyinstaller_hooks_contrib\\stdhooks'
286247 INFO: Processing standard module hook 'hook-sklearn.linear_model.py' from 'C:\\Users\\ackol\\AppData\\Local\\Programs\\Python\\Python312\\Lib\\site-packages\\_pyinstaller_hooks_contrib\\stdhooks'
289893 INFO: Processing standard module hook 'hook-sklearn.tree.py' from 'C:\\Users\\ackol\\AppData\\Local\\Programs\\Python\\Python312\\Lib\\site-packages\\_pyinstaller_hooks_contrib\\stdhooks'
296804 INFO: Processing standard module hook 'hook-narwhals.py' from 'C:\\Users\\ackol\\AppData\\Local\\Programs\\Python\\Python312\\Lib\\site-packages\\_pyinstaller_hooks_contrib\\stdhooks'
317806 INFO: Processing standard module hook 'hook-uvicorn.py' from 'C:\\Users\\ackol\\AppData\\Local\\Programs\\Python\\Python312\\Lib\\site-packages\\_pyinstaller_hooks_contrib\\stdhooks'
318766 INFO: Processing standard module hook 'hook-websockets.py' from 'C:\\Users\\ackol\\AppData\\Local\\Programs\\Python\\Python312\\Lib\\site-packages\\_pyinstaller_hooks_contrib\\stdhooks'
320060 INFO: Analyzing hidden import 'pymc_marketing'
325989 INFO: Analyzing hidden import 'uvicorn.loops'
325992 INFO: Analyzing hidden import 'uvicorn.loops.auto'
326011 INFO: Analyzing hidden import 'uvicorn.protocols.http.auto'
326017 INFO: Analyzing hidden import 'uvicorn.protocols.websockets.auto'
326022 INFO: Analyzing hidden import 'uvicorn.lifespan'
326023 INFO: Analyzing hidden import 'uvicorn.lifespan.on'
326035 INFO: Analyzing hidden import 'email_validator.__main__'
326042 INFO: Analyzing hidden import 'arviz.plots.backends.matplotlib'
326526 INFO: Analyzing hidden import 'arviz.plots.backends.matplotlib.bfplot'
326535 INFO: Analyzing hidden import 'arviz.plots.backends.matplotlib.distcomparisonplot'
326541 INFO: Analyzing hidden import 'arviz.plots.backends.matplotlib.dotplot'
326557 INFO: Analyzing hidden import 'arviz.plots.backends.matplotlib.ecdfplot'
326567 INFO: Analyzing hidden import 'arviz.plots.backends.matplotlib.lmplot'
326580 INFO: Analyzing hidden import 'arviz.plots.backends.matplotlib.separationplot'
326589 INFO: Analyzing hidden import 'arviz.plots.backends.matplotlib.tsplot'
326601 INFO: Analyzing hidden import 'arviz.tests'
326607 INFO: Analyzing hidden import 'arviz.tests.base_tests'
326612 INFO: Analyzing hidden import 'arviz.tests.base_tests.test_data'
326782 INFO: Analyzing hidden import 'arviz.tests.base_tests.test_data_zarr'
326795 INFO: Analyzing hidden import 'arviz.tests.base_tests.test_diagnostics'
326831 INFO: Analyzing hidden import 'arviz.tests.base_tests.test_diagnostics_numba'
326843 INFO: Analyzing hidden import 'arviz.tests.base_tests.test_helpers'
326849 INFO: Analyzing hidden import 'arviz.tests.base_tests.test_labels'
326859 INFO: Analyzing hidden import 'arviz.tests.base_tests.test_plot_utils'
327195 INFO: Analyzing hidden import 'arviz.tests.base_tests.test_plots_bokeh'
327263 INFO: Analyzing hidden import 'arviz.tests.base_tests.test_plots_matplotlib'
327399 INFO: Analyzing hidden import 'arviz.tests.base_tests.test_rcparams'
327423 INFO: Analyzing hidden import 'arviz.tests.base_tests.test_stats'
327487 INFO: Analyzing hidden import 'arviz.tests.base_tests.test_stats_ecdf_utils'
327499 INFO: Analyzing hidden import 'arviz.tests.base_tests.test_stats_numba'
327507 INFO: Analyzing hidden import 'arviz.tests.base_tests.test_stats_utils'
327535 INFO: Analyzing hidden import 'arviz.tests.base_tests.test_utils'
327558 INFO: Analyzing hidden import 'arviz.tests.base_tests.test_utils_numba'
327567 INFO: Analyzing hidden import 'arviz.tests.conftest'
327574 INFO: Analyzing hidden import 'arviz.tests.external_tests'
327579 INFO: Analyzing hidden import 'arviz.tests.external_tests.test_data_beanmachine'
327586 INFO: Analyzing hidden import 'arviz.tests.external_tests.test_data_cmdstan'
327607 INFO: Analyzing hidden import 'arviz.tests.external_tests.test_data_cmdstanpy'
327628 INFO: Analyzing hidden import 'arviz.tests.external_tests.test_data_emcee'
327645 INFO: Analyzing hidden import 'arviz.tests.external_tests.test_data_numpyro'
327677 INFO: Analyzing hidden import 'arviz.tests.external_tests.test_data_pyjags'
327686 INFO: Analyzing hidden import 'arviz.tests.external_tests.test_data_pyro'
327702 INFO: Analyzing hidden import 'arviz.tests.external_tests.test_data_pystan'
327717 INFO: Analyzing hidden import 'arviz_base.types'
327723 INFO: Analyzing hidden import 'arviz_stats.numba'
327743 INFO: Analyzing hidden import 'arviz_stats.numba.diagnostics'
327761 INFO: Analyzing hidden import 'arviz_stats.numba.intervals'
327768 INFO: Analyzing hidden import 'arviz_plots.backend.matplotlib'
327805 INFO: Analyzing hidden import 'pymc.distributions.moments'
327834 INFO: Analyzing hidden import 'pymc.testing'
327889 INFO: Analyzing hidden import 'pymc_marketing.causal_utils'
327900 INFO: Analyzing hidden import 'pymc_marketing.customer_choice.mixed_logit'
327944 INFO: Analyzing hidden import 'pymc_marketing.customer_choice.mnl_logit'
327974 INFO: Analyzing hidden import 'pymc_marketing.customer_choice.nested_logit'
328016 INFO: Analyzing hidden import 'pymc_marketing.deserialize'
328021 INFO: Analyzing hidden import 'pymc_marketing.mlflow'
328059 INFO: Analyzing hidden import 'pymc_marketing.paths'
328093 INFO: Analyzing hidden import 'pytensor.bin'
328095 INFO: Analyzing hidden import 'pytensor.bin.pytensor_cache'
328125 INFO: Analyzing hidden import 'pytensor.breakpoint'
328137 INFO: Analyzing hidden import 'pytensor.d3viz'
328167 INFO: Analyzing hidden import 'pytensor.graph.rewriting.kanren'
328686 INFO: Analyzing hidden import 'pytensor.ipython'
328701 INFO: Analyzing hidden import 'pytensor.misc.check_blas'
328720 INFO: Analyzing hidden import 'pytensor.misc.check_duplicate_key'
328725 INFO: Analyzing hidden import 'pytensor.misc.elemwise_openmp_speedup'
328737 INFO: Analyzing hidden import 'pytensor.misc.elemwise_time_test'
328745 INFO: Analyzing hidden import 'pytensor.misc.may_share_memory'
328752 INFO: Analyzing hidden import 'pytensor.sparse.linalg'
328761 INFO: Analyzing hidden import 'pytensor.tensor.fft'
328776 INFO: Analyzing hidden import 'pytensor.tensor.fourier'
328789 INFO: Analyzing hidden import 'pytensor.tensor.var'
328792 INFO: Analyzing hidden import 'xarray.namedarray.dtypes'
328799 INFO: Analyzing hidden import 'xarray.static'
328809 INFO: Analyzing hidden import 'xarray.static.css'
328809 INFO: Analyzing hidden import 'xarray.static.html'
328813 INFO: Analyzing hidden import 'xarray.testing.strategies'
328890 INFO: Analyzing hidden import 'xarray.tests.conftest'
328903 INFO: Analyzing hidden import 'xarray.tests.indexes'
328912 INFO: Analyzing hidden import 'xarray.tests.test_accessor_dt'
328952 INFO: Analyzing hidden import 'xarray.tests.test_accessor_str'
329153 INFO: Analyzing hidden import 'xarray.tests.test_array_api'
329160 INFO: Analyzing hidden import 'xarray.tests.test_assertions'
329197 INFO: Analyzing hidden import 'xarray.tests.test_backends'
330684 INFO: Analyzing hidden import 'xarray.tests.test_backends_api'
330707 INFO: Analyzing hidden import 'xarray.tests.test_backends_chunks'
330718 INFO: Analyzing hidden import 'xarray.tests.test_backends_common'
330727 INFO: Analyzing hidden import 'xarray.tests.test_backends_datatree'
330798 INFO: Analyzing hidden import 'xarray.tests.test_backends_file_manager'
330820 INFO: Analyzing hidden import 'xarray.tests.test_backends_locks'
330829 INFO: Analyzing hidden import 'xarray.tests.test_backends_lru_cache'
330839 INFO: Analyzing hidden import 'xarray.tests.test_calendar_ops'
330860 INFO: Analyzing hidden import 'xarray.tests.test_cftime_offsets'
330963 INFO: Analyzing hidden import 'xarray.tests.test_cftimeindex'
331051 INFO: Analyzing hidden import 'xarray.tests.test_cftimeindex_resample'
331071 INFO: Analyzing hidden import 'xarray.tests.test_coarsen'
331096 INFO: Analyzing hidden import 'xarray.tests.test_coding'
331111 INFO: Analyzing hidden import 'xarray.tests.test_coding_strings'
331131 INFO: Analyzing hidden import 'xarray.tests.test_combine'
331229 INFO: Analyzing hidden import 'xarray.tests.test_computation'
331397 INFO: Analyzing hidden import 'xarray.tests.test_concat'
331541 INFO: Analyzing hidden import 'xarray.tests.test_conventions'
331589 INFO: Analyzing hidden import 'xarray.tests.test_coordinate_transform'
331614 INFO: Analyzing hidden import 'xarray.tests.test_coordinates'
331639 INFO: Analyzing hidden import 'xarray.tests.test_cupy'
331641 INFO: Analyzing hidden import 'xarray.tests.test_dask'
331780 INFO: Analyzing hidden import 'xarray.tests.test_dataarray'
332386 INFO: Analyzing hidden import 'xarray.tests.test_datatree'
332533 INFO: Analyzing hidden import 'xarray.tests.test_datatree_mapping'
332551 INFO: Analyzing hidden import 'xarray.tests.test_deprecation_helpers'
332565 INFO: Analyzing hidden import 'xarray.tests.test_distributed'
332589 INFO: Analyzing hidden import 'xarray.tests.test_dtypes'
332602 INFO: Analyzing hidden import 'xarray.tests.test_duck_array_ops'
332672 INFO: Analyzing hidden import 'xarray.tests.test_duck_array_wrapping'
332701 INFO: Analyzing hidden import 'xarray.tests.test_error_messages'
332713 INFO: Analyzing hidden import 'xarray.tests.test_eval'
332747 INFO: Analyzing hidden import 'xarray.tests.test_extensions'
332754 INFO: Analyzing hidden import 'xarray.tests.test_formatting'
332809 INFO: Analyzing hidden import 'xarray.tests.test_formatting_html'
332838 INFO: Analyzing hidden import 'xarray.tests.test_groupby'
333165 INFO: Analyzing hidden import 'xarray.tests.test_hashable'
333174 INFO: Analyzing hidden import 'xarray.tests.test_indexes'
333227 INFO: Analyzing hidden import 'xarray.tests.test_indexing'
333310 INFO: Analyzing hidden import 'xarray.tests.test_interp'
333396 INFO: Analyzing hidden import 'xarray.tests.test_merge'
333460 INFO: Analyzing hidden import 'xarray.tests.test_missing'
333514 INFO: Analyzing hidden import 'xarray.tests.test_namedarray'
333556 INFO: Analyzing hidden import 'xarray.tests.test_nd_point_index'
333578 INFO: Analyzing hidden import 'xarray.tests.test_nputils'
333587 INFO: Analyzing hidden import 'xarray.tests.test_options'
333607 INFO: Analyzing hidden import 'xarray.tests.test_pandas_to_xarray'
333626 INFO: Analyzing hidden import 'xarray.tests.test_parallelcompat'
333643 INFO: Analyzing hidden import 'xarray.tests.test_plot'
333933 INFO: Analyzing hidden import 'xarray.tests.test_plugins'
333956 INFO: Analyzing hidden import 'xarray.tests.test_print_versions'
333961 INFO: Analyzing hidden import 'xarray.tests.test_range_index'
333990 INFO: Analyzing hidden import 'xarray.tests.test_rolling'
334054 INFO: Analyzing hidden import 'xarray.tests.test_sparse'
334113 INFO: Analyzing hidden import 'xarray.tests.test_strategies'
334193 INFO: Analyzing hidden import 'xarray.tests.test_treenode'
334224 INFO: Analyzing hidden import 'xarray.tests.test_tutorial'
334235 INFO: Analyzing hidden import 'xarray.tests.test_typed_ops'
334248 INFO: Analyzing hidden import 'xarray.tests.test_ufuncs'
334270 INFO: Analyzing hidden import 'xarray.tests.test_units'
334857 INFO: Analyzing hidden import 'xarray.tests.test_utils'
334889 INFO: Analyzing hidden import 'xarray.tests.test_weighted'
334937 INFO: Analyzing hidden import 'xarray.typing'
334944 INFO: Analyzing hidden import 'xarray.util.generate_aggregations'
334968 INFO: Analyzing hidden import 'xarray.util.generate_ops'
334981 INFO: Analyzing hidden import 'numpyro.compat.distributions'
334986 INFO: Analyzing hidden import 'numpyro.compat.handlers'
334991 INFO: Analyzing hidden import 'numpyro.compat.infer'
335013 INFO: Analyzing hidden import 'numpyro.compat.ops'
335020 INFO: Analyzing hidden import 'numpyro.compat.optim'
335027 INFO: Analyzing hidden import 'numpyro.contrib.control_flow'
335352 INFO: Analyzing hidden import 'numpyro.contrib.einstein'
335447 INFO: Analyzing hidden import 'numpyro.contrib.hsgp'
335449 INFO: Analyzing hidden import 'numpyro.contrib.hsgp.approximation'
335486 INFO: Analyzing hidden import 'numpyro.contrib.module'
335505 INFO: Analyzing hidden import 'numpyro.contrib.nested_sampling'
335524 INFO: Analyzing hidden import 'numpyro.contrib.render'
335528 INFO: Analyzing hidden import 'numpyro.contrib.stochastic_support'
335557 INFO: Analyzing hidden import 'numpyro.distributions.gof'
335573 INFO: Analyzing hidden import 'numpyro.examples'
335575 INFO: Analyzing hidden import 'numpyro.examples.datasets'
335611 INFO: Analyzing hidden import 'numpyro.ops.indexing'
335623 INFO: Analyzing hidden import 'jax._src.blocked_sampler'
335635 INFO: Analyzing hidden import 'jax._src.buffer_callback'
335648 INFO: Analyzing hidden import 'jax._src.checkify'
335736 INFO: Analyzing hidden import 'jax._src.custom_dce'
335760 INFO: Analyzing hidden import 'jax._src.export.shape_poly_decision'
335786 INFO: Analyzing hidden import 'jax._src.hijax'
335808 INFO: Analyzing hidden import 'jax._src.internal_test_util'
335814 INFO: Analyzing hidden import 'jax._src.internal_test_util.deprecation_module'
335821 INFO: Analyzing hidden import 'jax._src.internal_test_util.export_back_compat_test_data'
335827 INFO: Analyzing hidden import 'jax._src.internal_test_util.export_back_compat_test_data.annotate_data_placement'
335835 INFO: Analyzing hidden import 'jax._src.internal_test_util.export_back_compat_test_data.cpu_cholesky_lapack_potrf'
335846 INFO: Analyzing hidden import 'jax._src.internal_test_util.export_back_compat_test_data.cpu_eig_lapack_geev'
335856 INFO: Analyzing hidden import 'jax._src.internal_test_util.export_back_compat_test_data.cpu_eigh_lapack_syev'
335867 INFO: Analyzing hidden import 'jax._src.internal_test_util.export_back_compat_test_data.cpu_hessenberg_lapack_gehrd'
335878 INFO: Analyzing hidden import 'jax._src.internal_test_util.export_back_compat_test_data.cpu_lu_lapack_getrf'
335886 INFO: Analyzing hidden import 'jax._src.internal_test_util.export_back_compat_test_data.cpu_qr_lapack_geqrf'
335890 INFO: Analyzing hidden import 'jax._src.internal_test_util.export_back_compat_test_data.cpu_schur_lapack_gees'
335904 INFO: Analyzing hidden import 'jax._src.internal_test_util.export_back_compat_test_data.cpu_svd_lapack_gesdd'
335918 INFO: Analyzing hidden import 'jax._src.internal_test_util.export_back_compat_test_data.cpu_triangular_solve_blas_trsm'
335929 INFO: Analyzing hidden import 'jax._src.internal_test_util.export_back_compat_test_data.cpu_tridiagonal_lapack_sytrd_hetrd'
335940 INFO: Analyzing hidden import 'jax._src.internal_test_util.export_back_compat_test_data.cpu_tridiagonal_solve_lapack_gtsv'
335955 INFO: Analyzing hidden import 'jax._src.internal_test_util.export_back_compat_test_data.cuda_eigh_cusolver_syev'
335962 INFO: Analyzing hidden import 'jax._src.internal_test_util.export_back_compat_test_data.cuda_lu_cusolver_getrf'
335972 INFO: Analyzing hidden import 'jax._src.internal_test_util.export_back_compat_test_data.cuda_lu_pivots_to_permutation'
335978 INFO: Analyzing hidden import 'jax._src.internal_test_util.export_back_compat_test_data.cuda_qr_cusolver_geqrf'
335981 INFO: Analyzing hidden import 'jax._src.internal_test_util.export_back_compat_test_data.cuda_svd_cusolver_gesvd'
336013 INFO: Analyzing hidden import 'jax._src.internal_test_util.export_back_compat_test_data.cuda_threefry2x32'
336014 INFO: Analyzing hidden import 'jax._src.internal_test_util.export_back_compat_test_data.cuda_tridiagonal_cusolver_sytrd'
336033 INFO: Analyzing hidden import 'jax._src.internal_test_util.export_back_compat_test_data.cuda_tridiagonal_solve'
336040 INFO: Analyzing hidden import 'jax._src.internal_test_util.export_back_compat_test_data.pallas'
336046 INFO: Analyzing hidden import 'jax._src.internal_test_util.export_back_compat_test_data.pallas.mosaic_gpu_add_one'
336059 INFO: Analyzing hidden import 'jax._src.internal_test_util.export_back_compat_test_data.pallas.mosaic_matmul'
336073 INFO: Analyzing hidden import 'jax._src.internal_test_util.export_back_compat_test_data.pallas.mosaic_semaphore_dma'
336078 INFO: Analyzing hidden import 'jax._src.internal_test_util.export_back_compat_test_data.pallas.triton_add_one'
336085 INFO: Analyzing hidden import 'jax._src.internal_test_util.export_back_compat_test_data.rocm_eigh_hipsolver_syev'
336122 INFO: Analyzing hidden import 'jax._src.internal_test_util.export_back_compat_test_data.shardy_sharding_ops_with_different_meshes'
336130 INFO: Analyzing hidden import 'jax._src.internal_test_util.export_back_compat_test_data.stablehlo_dynamic_approx_top_k'
336135 INFO: Analyzing hidden import 'jax._src.internal_test_util.export_back_compat_test_data.stablehlo_dynamic_rng_bit_generator'
336139 INFO: Analyzing hidden import 'jax._src.internal_test_util.export_back_compat_test_data.stablehlo_dynamic_top_k'
336147 INFO: Analyzing hidden import 'jax._src.internal_test_util.export_back_compat_test_data.tpu_ApproxTopK'
336155 INFO: Analyzing hidden import 'jax._src.internal_test_util.export_back_compat_test_data.tpu_Eigh'
336162 INFO: Analyzing hidden import 'jax._src.internal_test_util.export_back_compat_test_data.tpu_Lu'
336169 INFO: Analyzing hidden import 'jax._src.internal_test_util.export_back_compat_test_data.tpu_Qr'
336175 INFO: Analyzing hidden import 'jax._src.internal_test_util.export_back_compat_test_data.tpu_Sharding'
336181 INFO: Analyzing hidden import 'jax._src.internal_test_util.export_back_compat_test_data.tpu_stablehlo_dynamic_reduce_window'
336188 INFO: Analyzing hidden import 'jax._src.internal_test_util.export_back_compat_test_util'
336413 INFO: Analyzing hidden import 'jax._src.internal_test_util.lax_test_util'
336433 INFO: Analyzing hidden import 'jax._src.internal_test_util.lazy_loader_module'
336438 INFO: Analyzing hidden import 'jax._src.internal_test_util.lazy_loader_module.lazy_test_submodule'
336444 INFO: Analyzing hidden import 'jax._src.internal_test_util.test_harnesses'
336649 INFO: Analyzing hidden import 'jax._src.lax_reference'
336696 INFO: Analyzing hidden import 'jax._src.lib.mosaic_gpu'
336706 INFO: Analyzing hidden import 'jax._src.lib.triton'
336928 INFO: Analyzing hidden import 'jax._src.pallas'
336933 INFO: Analyzing hidden import 'jax._src.pallas.core'
339671 INFO: Analyzing hidden import 'jax._src.pallas.fuser'
339887 INFO: Analyzing hidden import 'jax._src.pallas.mosaic.helpers'
339896 INFO: Analyzing hidden import 'jax._src.pallas.mosaic.pipeline'
340002 INFO: Analyzing hidden import 'jax._src.pallas.mosaic.sc_primitives'
340042 INFO: Analyzing hidden import 'jax._src.pallas.mosaic_gpu.helpers'
340058 INFO: Analyzing hidden import 'jax._src.pallas.triton.primitives'
340067 INFO: Analyzing hidden import 'jax._src.scipy.spatial'
340070 INFO: Analyzing hidden import 'jax._src.scipy.spatial.transform'
340105 INFO: Analyzing hidden import 'jax._src.shard_alike'
340116 INFO: Analyzing hidden import 'jax._src.sourcemap'
340129 INFO: Analyzing hidden import 'jax._src.test_multiprocess'
340148 INFO: Analyzing hidden import 'jax._src.xla_metadata'
340158 INFO: Analyzing hidden import 'jax.ad_checkpoint'
340163 INFO: Analyzing hidden import 'jax.cloud_tpu_init'
340164 INFO: Analyzing hidden import 'jax.collect_profile'
340179 INFO: Analyzing hidden import 'jax.experimental.array_serialization'
340184 INFO: Analyzing hidden import 'jax.experimental.array_serialization.pytree_serialization'
340261 INFO: Analyzing hidden import 'jax.experimental.array_serialization.serialization'
340277 INFO: Analyzing hidden import 'jax.experimental.buffer_callback'
340282 INFO: Analyzing hidden import 'jax.experimental.colocated_python'
340368 INFO: Analyzing hidden import 'jax.experimental.compute_on'
340373 INFO: Analyzing hidden import 'jax.experimental.custom_dce'
340376 INFO: Analyzing hidden import 'jax.experimental.custom_partitioning'
340376 INFO: Analyzing hidden import 'jax.experimental.fused'
340639 INFO: Analyzing hidden import 'jax.experimental.host_callback'
340644 INFO: Analyzing hidden import 'jax.experimental.jet'
340700 INFO: Analyzing hidden import 'jax.experimental.layout'
340704 INFO: Analyzing hidden import 'jax.experimental.mesh_utils'
340704 INFO: Analyzing hidden import 'jax.experimental.ode'
340731 INFO: Analyzing hidden import 'jax.experimental.pallas.fuser'
340738 INFO: Analyzing hidden import 'jax.experimental.pallas.mosaic_gpu'
340749 INFO: Analyzing hidden import 'jax.experimental.pallas.ops'
340751 INFO: Analyzing hidden import 'jax.experimental.pallas.ops.gpu'
340760 INFO: Analyzing hidden import 'jax.experimental.pallas.ops.gpu.attention'
340806 INFO: Analyzing hidden import 'jax.experimental.pallas.ops.gpu.attention_mgpu'
340875 INFO: Analyzing hidden import 'jax.experimental.pallas.ops.gpu.blackwell_matmul_mgpu'
340899 INFO: Analyzing hidden import 'jax.experimental.pallas.ops.gpu.blackwell_ragged_dot_mgpu'
340944 INFO: Analyzing hidden import 'jax.experimental.pallas.ops.gpu.collective_matmul_mgpu'
340961 INFO: Analyzing hidden import 'jax.experimental.pallas.ops.gpu.decode_attention'
340990 INFO: Analyzing hidden import 'jax.experimental.pallas.ops.gpu.hopper_matmul_mgpu'
341005 INFO: Analyzing hidden import 'jax.experimental.pallas.ops.gpu.layer_norm'
341033 INFO: Analyzing hidden import 'jax.experimental.pallas.ops.gpu.paged_attention'
341054 INFO: Analyzing hidden import 'jax.experimental.pallas.ops.gpu.rms_norm'
341076 INFO: Analyzing hidden import 'jax.experimental.pallas.ops.gpu.softmax'
341085 INFO: Analyzing hidden import 'jax.experimental.pallas.ops.tpu'
341090 INFO: Analyzing hidden import 'jax.experimental.pallas.ops.tpu.all_gather'
341110 INFO: Analyzing hidden import 'jax.experimental.pallas.ops.tpu.example_kernel'
341120 INFO: Analyzing hidden import 'jax.experimental.pallas.ops.tpu.flash_attention'
341197 INFO: Analyzing hidden import 'jax.experimental.pallas.ops.tpu.matmul'
341202 INFO: Analyzing hidden import 'jax.experimental.pallas.ops.tpu.megablox'
341256 INFO: Analyzing hidden import 'jax.experimental.pallas.ops.tpu.paged_attention'
341297 INFO: Analyzing hidden import 'jax.experimental.pallas.ops.tpu.paged_attention.util'
341306 INFO: Analyzing hidden import 'jax.experimental.pallas.ops.tpu.ragged_paged_attention'
341474 INFO: Analyzing hidden import 'jax.experimental.pallas.ops.tpu.random'
341474 INFO: Analyzing hidden import 'jax.experimental.pallas.ops.tpu.random.philox'
341505 INFO: Analyzing hidden import 'jax.experimental.pallas.ops.tpu.random.threefry'
341517 INFO: Analyzing hidden import 'jax.experimental.pallas.ops.tpu.splash_attention'
341713 INFO: Analyzing hidden import 'jax.experimental.pallas.tpu_sc'
341720 INFO: Analyzing hidden import 'jax.experimental.pjit'
341726 INFO: Analyzing hidden import 'jax.experimental.profiler'
341732 INFO: Analyzing hidden import 'jax.experimental.rnn'
341758 INFO: Analyzing hidden import 'jax.experimental.roofline'
341828 INFO: Analyzing hidden import 'jax.experimental.scheduling_groups'
341839 INFO: Analyzing hidden import 'jax.experimental.serialize_executable'
341848 INFO: Analyzing hidden import 'jax.experimental.shard_alike'
341853 INFO: Analyzing hidden import 'jax.experimental.sparse.nm'
341871 INFO: Analyzing hidden import 'jax.experimental.sparse.test_util'
341893 INFO: Analyzing hidden import 'jax.experimental.topologies'
341903 INFO: Analyzing hidden import 'jax.experimental.transfer'
341912 INFO: Analyzing hidden import 'jax.experimental.xla_metadata'
341916 INFO: Analyzing hidden import 'jax.extend.mlir.dialects'
341919 INFO: Analyzing hidden import 'jax.extend.mlir.dialects.arith'
341926 INFO: Analyzing hidden import 'jax.extend.mlir.dialects.builtin'
341935 INFO: Analyzing hidden import 'jax.extend.mlir.dialects.chlo'
341939 INFO: Analyzing hidden import 'jax.extend.mlir.dialects.func'
341944 INFO: Analyzing hidden import 'jax.extend.mlir.dialects.math'
341951 INFO: Analyzing hidden import 'jax.extend.mlir.dialects.memref'
341956 INFO: Analyzing hidden import 'jax.extend.mlir.dialects.scf'
341963 INFO: Analyzing hidden import 'jax.extend.mlir.dialects.sdy'
341963 INFO: Analyzing hidden import 'jax.extend.mlir.dialects.sparse_tensor'
341976 INFO: Analyzing hidden import 'jax.extend.mlir.dialects.stablehlo'
341982 INFO: Analyzing hidden import 'jax.extend.mlir.dialects.vector'
341982 INFO: Analyzing hidden import 'jax.extend.mlir.ir'
341991 INFO: Analyzing hidden import 'jax.extend.mlir.passmanager'
341997 INFO: Analyzing hidden import 'jax.scipy.spatial'
342001 INFO: Analyzing hidden import 'jax.scipy.spatial.transform'
342006 INFO: Analyzing hidden import 'jax.test_util'
342009 INFO: Analyzing hidden import 'jax.tools'
342019 INFO: Analyzing hidden import 'jax.tools.colab_tpu'
342024 INFO: Analyzing hidden import 'jax.tools.jax_to_ir'
342118 INFO: Analyzing hidden import 'jax.tools.pgo_nsys_converter'
342126 INFO: Analyzing hidden import 'jaxlib.hlo_helpers'
342146 INFO: Analyzing hidden import 'linearmodels.__future__'
342146 INFO: Analyzing hidden import 'linearmodels.__future__.ordering'
342146 INFO: Analyzing hidden import 'linearmodels._build'
342152 INFO: Analyzing hidden import 'linearmodels._build.git_version'
342169 INFO: Analyzing hidden import 'linearmodels.conftest'
342175 INFO: Analyzing hidden import 'linearmodels.datasets'
342186 INFO: Analyzing hidden import 'linearmodels.datasets.birthweight'
342193 INFO: Analyzing hidden import 'linearmodels.datasets.card'
342195 INFO: Analyzing hidden import 'linearmodels.datasets.fertility'
342205 INFO: Analyzing hidden import 'linearmodels.datasets.french'
342212 INFO: Analyzing hidden import 'linearmodels.datasets.fringe'
342217 INFO: Analyzing hidden import 'linearmodels.datasets.jobtraining'
342226 INFO: Analyzing hidden import 'linearmodels.datasets.meps'
342233 INFO: Analyzing hidden import 'linearmodels.datasets.mroz'
342238 INFO: Analyzing hidden import 'linearmodels.datasets.munnell'
342245 INFO: Analyzing hidden import 'linearmodels.datasets.wage'
342251 INFO: Analyzing hidden import 'linearmodels.datasets.wage_panel'
342257 INFO: Analyzing hidden import 'linearmodels.formula'
342265 INFO: Analyzing hidden import 'linearmodels.tests'
342268 INFO: Analyzing hidden import 'linearmodels.tests.asset_pricing'
342269 INFO: Analyzing hidden import 'linearmodels.tests.asset_pricing._utility'
342278 INFO: Analyzing hidden import 'linearmodels.tests.asset_pricing.test_covariance'
342288 INFO: Analyzing hidden import 'linearmodels.tests.asset_pricing.test_formulas'
342303 INFO: Analyzing hidden import 'linearmodels.tests.asset_pricing.test_linear_factor_gmm'
342313 INFO: Analyzing hidden import 'linearmodels.tests.asset_pricing.test_linear_factor_model'
342348 INFO: Analyzing hidden import 'linearmodels.tests.asset_pricing.test_model'
342372 INFO: Analyzing hidden import 'linearmodels.tests.datasets'
342375 INFO: Analyzing hidden import 'linearmodels.tests.datasets.test_datasets'
342381 INFO: Analyzing hidden import 'linearmodels.tests.iv'
342384 INFO: Analyzing hidden import 'linearmodels.tests.iv._utility'
342390 INFO: Analyzing hidden import 'linearmodels.tests.iv.results'
342390 INFO: Analyzing hidden import 'linearmodels.tests.iv.results.execute-stata'
342408 INFO: Analyzing hidden import 'linearmodels.tests.iv.results.execute-stata-simulated-data'
342419 INFO: Analyzing hidden import 'linearmodels.tests.iv.results.read_stata_results'
342432 INFO: Analyzing hidden import 'linearmodels.tests.iv.results.simulated-test-data'
342443 INFO: Analyzing hidden import 'linearmodels.tests.iv.test_absorbing'
342497 INFO: Analyzing hidden import 'linearmodels.tests.iv.test_against_stata'
342515 INFO: Analyzing hidden import 'linearmodels.tests.iv.test_covariance'
342539 INFO: Analyzing hidden import 'linearmodels.tests.iv.test_data'
342564 INFO: Analyzing hidden import 'linearmodels.tests.iv.test_formulas'
342595 INFO: Analyzing hidden import 'linearmodels.tests.iv.test_gmm'
342617 INFO: Analyzing hidden import 'linearmodels.tests.iv.test_missing_data'
342625 INFO: Analyzing hidden import 'linearmodels.tests.iv.test_model'
342669 INFO: Analyzing hidden import 'linearmodels.tests.iv.test_postestimation'
342683 INFO: Analyzing hidden import 'linearmodels.tests.iv.test_results'
342718 INFO: Analyzing hidden import 'linearmodels.tests.panel.results'
342718 INFO: Analyzing hidden import 'linearmodels.tests.panel.results.execute-stata-simulated-data'
342733 INFO: Analyzing hidden import 'linearmodels.tests.panel.results.generate-panel-data'
342742 INFO: Analyzing hidden import 'linearmodels.tests.panel.results.parse_stata_results'
342750 INFO: Analyzing hidden import 'linearmodels.tests.panel.test_between_ols'
342770 INFO: Analyzing hidden import 'linearmodels.tests.panel.test_cluster_input_formats'
342792 INFO: Analyzing hidden import 'linearmodels.tests.panel.test_data'
342865 INFO: Analyzing hidden import 'linearmodels.tests.panel.test_fama_macbeth'
342882 INFO: Analyzing hidden import 'linearmodels.tests.panel.test_firstdifference_ols'
342899 INFO: Analyzing hidden import 'linearmodels.tests.panel.test_formula'
342926 INFO: Analyzing hidden import 'linearmodels.tests.panel.test_model'
342946 INFO: Analyzing hidden import 'linearmodels.tests.panel.test_panel_covariance'
342963 INFO: Analyzing hidden import 'linearmodels.tests.panel.test_panel_ols'
343078 INFO: Analyzing hidden import 'linearmodels.tests.panel.test_pooled_ols'
343100 INFO: Analyzing hidden import 'linearmodels.tests.panel.test_random_effects'
343108 INFO: Analyzing hidden import 'linearmodels.tests.panel.test_results'
343128 INFO: Analyzing hidden import 'linearmodels.tests.panel.test_simulated_against_stata'
343141 INFO: Analyzing hidden import 'linearmodels.tests.panel.test_utility'
343161 INFO: Analyzing hidden import 'linearmodels.tests.shared'
343161 INFO: Analyzing hidden import 'linearmodels.tests.shared.test_base'
343170 INFO: Analyzing hidden import 'linearmodels.tests.shared.test_typed_getters'
343180 INFO: Analyzing hidden import 'linearmodels.tests.shared.test_utility'
343199 INFO: Analyzing hidden import 'linearmodels.tests.system'
343203 INFO: Analyzing hidden import 'linearmodels.tests.system._utility'
343233 INFO: Analyzing hidden import 'linearmodels.tests.system.results'
343233 INFO: Analyzing hidden import 'linearmodels.tests.system.results.execute-stata'
343250 INFO: Analyzing hidden import 'linearmodels.tests.system.results.execute-stata-3sls'
343258 INFO: Analyzing hidden import 'linearmodels.tests.system.results.generate_data'
343267 INFO: Analyzing hidden import 'linearmodels.tests.system.results.parse_stata_3sls_results'
343277 INFO: Analyzing hidden import 'linearmodels.tests.system.results.parse_stata_results'
343290 INFO: Analyzing hidden import 'linearmodels.tests.system.test_3sls'
343320 INFO: Analyzing hidden import 'linearmodels.tests.system.test_3sls_against_stata'
343329 INFO: Analyzing hidden import 'linearmodels.tests.system.test_covariance'
343364 INFO: Analyzing hidden import 'linearmodels.tests.system.test_equivalence'
343371 INFO: Analyzing hidden import 'linearmodels.tests.system.test_formulas'
343393 INFO: Analyzing hidden import 'linearmodels.tests.system.test_gmm'
343428 INFO: Analyzing hidden import 'linearmodels.tests.system.test_sur'
343503 INFO: Analyzing hidden import 'linearmodels.tests.system.test_sur_against_stata'
343518 INFO: Analyzing hidden import 'linearmodels.tests.system.test_utility'
343536 INFO: Analyzing hidden import 'linearmodels.tests.test_build'
343544 INFO: Analyzing hidden import 'linearmodels.tests.test_examples'
343554 INFO: Analyzing hidden import 'linearmodels.tests.test_tester'
343560 INFO: Analyzing hidden import 'econml._tree_exporter'
343589 INFO: Analyzing hidden import 'econml.cate_interpreter'
343716 INFO: Analyzing hidden import 'econml.data'
343718 INFO: Analyzing hidden import 'econml.data.dgps'
343727 INFO: Analyzing hidden import 'econml.data.dynamic_panel_dgp'
343767 INFO: Analyzing hidden import 'econml.federated_learning'
343778 INFO: Analyzing hidden import 'econml.grf._utils'
343778 INFO: Analyzing hidden import 'econml.iv'
343785 INFO: Analyzing hidden import 'econml.iv.dml'
343832 INFO: Analyzing hidden import 'econml.iv.dr'
343917 INFO: Analyzing hidden import 'econml.iv.sieve'
343941 INFO: Analyzing hidden import 'econml.metalearners'
343973 INFO: Analyzing hidden import 'econml.orf'
344063 INFO: Analyzing hidden import 'econml.panel'
344067 INFO: Analyzing hidden import 'econml.panel.dml'
345034 INFO: Analyzing hidden import 'econml.panel.utilities'
345045 INFO: Analyzing hidden import 'econml.tree._utils'
345046 INFO: Processing module hooks (post-graph stage)...
348895 INFO: Processing standard module hook 'hook-lxml.isoschematron.py' from 'C:\\Users\\ackol\\AppData\\Local\\Programs\\Python\\Python312\\Lib\\site-packages\\_pyinstaller_hooks_contrib\\stdhooks'
349101 WARNING: Hidden import "pycparser.lextab" not found!
349101 WARNING: Hidden import "pycparser.yacctab" not found!
355122 WARNING: Hidden import "importlib_resources.trees" not found!
355122 INFO: Processing standard module hook 'hook-matplotlib.backends.py' from 'C:\\Users\\ackol\\AppData\\Local\\Programs\\Python\\Python312\\Lib\\site-packages\\PyInstaller\\hooks'
355123 INFO: Matplotlib backend selection method: automatic discovery of used backends
355241 INFO: Discovered Matplotlib backend(s) via `matplotlib.use()` call in module 'charts': ['Agg']
355262 INFO: Discovered Matplotlib backend(s) via `matplotlib.use()` call in module 'sympy.testing.runtests': ['Agg', 'Agg']
355299 INFO: Discovered Matplotlib backend(s) via `matplotlib.use()` call in module 'xarray.tests': ['Agg']
355327 INFO: The following Matplotlib backends were discovered by scanning for `matplotlib.use()` calls: ['Agg']. If your backend of choice is not in this list, either add a `matplotlib.use()` call to your code, or configure the backend collection via hook options (see: https://pyinstaller.org/en/stable/hooks-config.html#matplotlib-hooks).
355327 INFO: Selected matplotlib backends: ['Agg']
356683 INFO: Processing standard module hook 'hook-PIL.SpiderImagePlugin.py' from 'C:\\Users\\ackol\\AppData\\Local\\Programs\\Python\\Python312\\Lib\\site-packages\\PyInstaller\\hooks'
361244 WARNING: Hidden import "scipy.special._cdflib" not found!
361313 INFO: Processing standard module hook 'hook-lxml.objectify.py' from 'C:\\Users\\ackol\\AppData\\Local\\Programs\\Python\\Python312\\Lib\\site-packages\\_pyinstaller_hooks_contrib\\stdhooks'
361318 INFO: Processing standard module hook 'hook-tzdata.py' from 'C:\\Users\\ackol\\AppData\\Local\\Programs\\Python\\Python312\\Lib\\site-packages\\_pyinstaller_hooks_contrib\\stdhooks'
362475 INFO: Performing binary vs. data reclassification (5309 entries)
379139 INFO: Looking for ctypes DLLs
379701 INFO: Analyzing run-time hooks ...
379763 INFO: Including run-time hook 'pyi_rth_inspect.py' from 'C:\\Users\\ackol\\AppData\\Local\\Programs\\Python\\Python312\\Lib\\site-packages\\PyInstaller\\hooks\\rthooks'
379780 INFO: Including run-time hook 'pyi_rth_pkgutil.py' from 'C:\\Users\\ackol\\AppData\\Local\\Programs\\Python\\Python312\\Lib\\site-packages\\PyInstaller\\hooks\\rthooks'
379796 INFO: Including run-time hook 'pyi_rth_multiprocessing.py' from 'C:\\Users\\ackol\\AppData\\Local\\Programs\\Python\\Python312\\Lib\\site-packages\\PyInstaller\\hooks\\rthooks'
379809 INFO: Including run-time hook 'pyi_rth_pkgres.py' from 'C:\\Users\\ackol\\AppData\\Local\\Programs\\Python\\Python312\\Lib\\site-packages\\PyInstaller\\hooks\\rthooks'
379825 INFO: Including run-time hook 'pyi_rth_setuptools.py' from 'C:\\Users\\ackol\\AppData\\Local\\Programs\\Python\\Python312\\Lib\\site-packages\\PyInstaller\\hooks\\rthooks'
379836 INFO: Including run-time hook 'pyi_rth_mplconfig.py' from 'C:\\Users\\ackol\\AppData\\Local\\Programs\\Python\\Python312\\Lib\\site-packages\\PyInstaller\\hooks\\rthooks'
379850 INFO: Processing pre-find-module-path hook 'hook-_pyi_rth_utils.py' from 'C:\\Users\\ackol\\AppData\\Local\\Programs\\Python\\Python312\\Lib\\site-packages\\PyInstaller\\hooks\\pre_find_module_path'
379867 INFO: Processing standard module hook 'hook-_pyi_rth_utils.py' from 'C:\\Users\\ackol\\AppData\\Local\\Programs\\Python\\Python312\\Lib\\site-packages\\PyInstaller\\hooks'
379907 INFO: Including run-time hook 'pyi_rth_pywintypes.py' from 'C:\\Users\\ackol\\AppData\\Local\\Programs\\Python\\Python312\\Lib\\site-packages\\_pyinstaller_hooks_contrib\\rthooks'
379920 INFO: Including run-time hook 'pyi_rth_pythoncom.py' from 'C:\\Users\\ackol\\AppData\\Local\\Programs\\Python\\Python312\\Lib\\site-packages\\_pyinstaller_hooks_contrib\\rthooks'
379931 INFO: Including run-time hook 'pyi_rth_cryptography_openssl.py' from 'C:\\Users\\ackol\\AppData\\Local\\Programs\\Python\\Python312\\Lib\\site-packages\\_pyinstaller_hooks_contrib\\rthooks'
380579 INFO: Creating base_library.zip...
380619 INFO: Looking for dynamic libraries
C:\Users\ackol\AppData\Local\Programs\Python\Python312\Lib\site-packages\PyInstaller\building\build_main.py:227: UserWarning: pkg_resources is deprecated as an API. See https://setuptools.pypa.io/en/latest/pkg_resources.html. The pkg_resources package is slated for removal as early as 2025-11-30. Refrain from using this package or pin to Setuptools<81.
  __import__(package)
WARNING (pytensor.configdefaults): g++ not available, if using conda: `conda install gxx`
WARNING (pytensor.configdefaults): g++ not detected!  PyTensor will be unable to compile C-implementations and will default to Python. Performance may be severely degraded. To remove this warning, set PyTensor flags cxx to an empty string.
C:\Users\ackol\AppData\Local\Programs\Python\Python312\Lib\site-packages\pytensor\xtensor\__init__.py:14: UserWarning: xtensor module is experimental and full of bugs
  warnings.warn("xtensor module is experimental and full of bugs")
407394 INFO: Extra DLL search directories (AddDllDirectory): ['C:\\Users\\ackol\\AppData\\Local\\Programs\\Python\\Python312\\Lib\\site-packages\\numpy.libs', 'C:\\Users\\ackol\\AppData\\Local\\Programs\\Python\\Python312\\Lib\\site-packages\\pandas.libs', 'C:\\Users\\ackol\\AppData\\Local\\Programs\\Python\\Python312\\Lib\\site-packages\\pyarrow.libs', 'C:\\Users\\ackol\\AppData\\Local\\Programs\\Python\\Python312\\Lib\\site-packages\\scipy.libs', 'C:\\Users\\ackol\\AppData\\Local\\Programs\\Python\\Python312\\Lib\\site-packages\\llvmlite.libs']
407394 INFO: Extra DLL search directories (PATH): []
415957 WARNING: Library not found: could not resolve 'tbb12.dll', dependency of 'C:\\Users\\ackol\\AppData\\Local\\Programs\\Python\\Python312\\Lib\\site-packages\\numba\\np\\ufunc\\tbbpool.cp312-win_amd64.pyd'.
416646 INFO: Warnings written to D:\Docs\Aurora_Ai\Dev\Aurora_Econometrica_thinwt\sidecar\econometrica\build_tmp\econometrica-sidecar\warn-econometrica-sidecar.txt
417184 INFO: Graph cross-reference written to D:\Docs\Aurora_Ai\Dev\Aurora_Econometrica_thinwt\sidecar\econometrica\build_tmp\econometrica-sidecar\xref-econometrica-sidecar.html
417467 INFO: checking PYZ
417467 INFO: Building PYZ because PYZ-00.toc is non existent
417467 INFO: Building PYZ (ZlibArchive) D:\Docs\Aurora_Ai\Dev\Aurora_Econometrica_thinwt\sidecar\econometrica\build_tmp\econometrica-sidecar\PYZ-00.pyz
422949 INFO: Building PYZ (ZlibArchive) D:\Docs\Aurora_Ai\Dev\Aurora_Econometrica_thinwt\sidecar\econometrica\build_tmp\econometrica-sidecar\PYZ-00.pyz completed successfully.
423055 INFO: checking PKG
423055 INFO: Building PKG because PKG-00.toc is non existent
423056 INFO: Building PKG (CArchive) econometrica-sidecar.pkg
423159 INFO: Building PKG (CArchive) econometrica-sidecar.pkg completed successfully.
423160 INFO: Bootloader C:\Users\ackol\AppData\Local\Programs\Python\Python312\Lib\site-packages\PyInstaller\bootloader\Windows-64bit-intel\run.exe
423160 INFO: checking EXE
423160 INFO: Building EXE because EXE-00.toc is non existent
423160 INFO: Building EXE from EXE-00.toc
423160 INFO: Copying bootloader EXE to D:\Docs\Aurora_Ai\Dev\Aurora_Econometrica_thinwt\sidecar\econometrica\build_tmp\econometrica-sidecar\econometrica-sidecar.exe
423228 INFO: Copying icon to EXE
423238 INFO: Copying version information to EXE
423251 INFO: Copying 0 resources to EXE
423251 INFO: Embedding manifest in EXE
423253 INFO: Appending PKG archive to EXE
423294 INFO: Fixing EXE headers
423531 INFO: Building EXE from EXE-00.toc completed successfully.
423574 INFO: checking COLLECT
423574 INFO: Building COLLECT because COLLECT-00.toc is non existent
423574 INFO: Removing dir D:\Docs\Aurora_Ai\Dev\Aurora_Econometrica_thinwt\sidecar\econometrica\dist\econometrica-sidecar
424913 INFO: Building COLLECT COLLECT-00.toc
431076 INFO: Building COLLECT COLLECT-00.toc completed successfully.
431175 INFO: Build complete! The results are available in: D:\Docs\Aurora_Ai\Dev\Aurora_Econometrica_thinwt\sidecar\econometrica\dist
WARNING: D:\Docs\Aurora_Ai\Dev\Standards\tokens\build.py not found - tokens may be stale

Building econometrica-sidecar with PyInstaller (--onedir)...
Output: D:\Docs\Aurora_Ai\Dev\Aurora_Econometrica_thinwt\sidecar\econometrica\dist\econometrica-sidecar/


Build SUCCESS: D:\Docs\Aurora_Ai\Dev\Aurora_Econometrica_thinwt\sidecar\econometrica\dist\econometrica-sidecar\econometrica-sidecar.exe
Bundle size: 972 MB

Smoke-testing bundle on 127.0.0.1:10746...
  [OK] validate CSV: status=ok
  [OK] validate XLSX: status=ok
  [OK] Bundle smoke test passed

Syncing bundle into D:\Docs\Aurora_Ai\Dev\Aurora_Econometrica_thinwt\sidecar\econometrica (Tauri resource path)...
  ✓ 2 items synced into D:\Docs\Aurora_Ai\Dev\Aurora_Econometrica_thinwt\sidecar\econometrica
  [OK] Freshness verified (exe newer than all .py sources)

Next step: cd .. && npm run tauri build
