Python Tests	UNKNOWN STEP	﻿2026-08-09T16:48:51.9365561Z Current runner version: '2.336.0'
Python Tests	UNKNOWN STEP	2026-08-09T16:48:51.9398978Z ##[group]Runner Image Provisioner
Python Tests	UNKNOWN STEP	2026-08-09T16:48:51.9400534Z Hosted Compute Agent
Python Tests	UNKNOWN STEP	2026-08-09T16:48:51.9401444Z Version: 20260707.563
Python Tests	UNKNOWN STEP	2026-08-09T16:48:51.9402509Z Commit: 02667638d2b423fbc733a8e32a88b44996a3ba6e
Python Tests	UNKNOWN STEP	2026-08-09T16:48:51.9403735Z Build Date: 2026-07-07T19:33:50Z
Python Tests	UNKNOWN STEP	2026-08-09T16:48:51.9404859Z Worker ID: {8bba5d3b-f20e-459d-9f39-fa103cd20830}
Python Tests	UNKNOWN STEP	2026-08-09T16:48:51.9406150Z Azure Region: eastus
Python Tests	UNKNOWN STEP	2026-08-09T16:48:51.9407083Z ##[endgroup]
Python Tests	UNKNOWN STEP	2026-08-09T16:48:51.9410101Z ##[group]Operating System
Python Tests	UNKNOWN STEP	2026-08-09T16:48:51.9411113Z Ubuntu
Python Tests	UNKNOWN STEP	2026-08-09T16:48:51.9411925Z 24.04.4
Python Tests	UNKNOWN STEP	2026-08-09T16:48:51.9412827Z LTS
Python Tests	UNKNOWN STEP	2026-08-09T16:48:51.9413691Z ##[endgroup]
Python Tests	UNKNOWN STEP	2026-08-09T16:48:51.9414648Z ##[group]Runner Image
Python Tests	UNKNOWN STEP	2026-08-09T16:48:51.9415600Z Image: ubuntu-24.04
Python Tests	UNKNOWN STEP	2026-08-09T16:48:51.9416579Z Version: 20260720.247.2
Python Tests	UNKNOWN STEP	2026-08-09T16:48:51.9418731Z Included Software: https://github.com/actions/runner-images/blob/ubuntu24/20260720.247/images/ubuntu/Ubuntu2404-Readme.md
Python Tests	UNKNOWN STEP	2026-08-09T16:48:51.9422018Z Image Release: https://github.com/actions/runner-images/releases/tag/ubuntu24%2F20260720.247
Python Tests	UNKNOWN STEP	2026-08-09T16:48:51.9423728Z ##[endgroup]
Python Tests	UNKNOWN STEP	2026-08-09T16:48:51.9425895Z ##[group]GITHUB_TOKEN Permissions
Python Tests	UNKNOWN STEP	2026-08-09T16:48:51.9428622Z Contents: read
Python Tests	UNKNOWN STEP	2026-08-09T16:48:51.9429816Z Metadata: read
Python Tests	UNKNOWN STEP	2026-08-09T16:48:51.9430836Z Packages: read
Python Tests	UNKNOWN STEP	2026-08-09T16:48:51.9431773Z ##[endgroup]
Python Tests	UNKNOWN STEP	2026-08-09T16:48:51.9434590Z Secret source: Actions
Python Tests	UNKNOWN STEP	2026-08-09T16:48:51.9436754Z Prepare workflow directory
Python Tests	UNKNOWN STEP	2026-08-09T16:48:51.9988449Z Prepare all required actions
Python Tests	UNKNOWN STEP	2026-08-09T16:48:52.0058416Z Getting action download info
Python Tests	UNKNOWN STEP	2026-08-09T16:48:52.1629871Z Download action repository 'actions/checkout@v4' (SHA:11d5960a326750d5838078e36cf38b85af677262)
Python Tests	UNKNOWN STEP	2026-08-09T16:48:52.4968793Z Complete job name: Python Tests
Python Tests	UNKNOWN STEP	2026-08-09T16:48:52.5863550Z Node 20 is being deprecated. This workflow is running with Node 24 by default. If you need to temporarily use Node 20, you can set the ACTIONS_ALLOW_USE_UNSECURE_NODE_VERSION=true environment variable. For more information see: https://github.blog/changelog/2025-09-19-deprecation-of-node-20-on-github-actions-runners/
Python Tests	UNKNOWN STEP	2026-08-09T16:48:52.5872508Z ##[group]Run actions/checkout@v4
Python Tests	UNKNOWN STEP	2026-08-09T16:48:52.5873250Z with:
Python Tests	UNKNOWN STEP	2026-08-09T16:48:52.5873715Z   repository: Ackold26/Aurora_Econometrica
Python Tests	UNKNOWN STEP	2026-08-09T16:48:52.5877515Z   token: ***
Python Tests	UNKNOWN STEP	2026-08-09T16:48:52.5877940Z   ssh-strict: true
Python Tests	UNKNOWN STEP	2026-08-09T16:48:52.5878364Z   ssh-user: git
Python Tests	UNKNOWN STEP	2026-08-09T16:48:52.5878798Z   persist-credentials: true
Python Tests	UNKNOWN STEP	2026-08-09T16:48:52.5879476Z   clean: true
Python Tests	UNKNOWN STEP	2026-08-09T16:48:52.5879912Z   sparse-checkout-cone-mode: true
Python Tests	UNKNOWN STEP	2026-08-09T16:48:52.5880424Z   fetch-depth: 1
Python Tests	UNKNOWN STEP	2026-08-09T16:48:52.5880850Z   fetch-tags: false
Python Tests	UNKNOWN STEP	2026-08-09T16:48:52.5881282Z   show-progress: true
Python Tests	UNKNOWN STEP	2026-08-09T16:48:52.5881722Z   lfs: false
Python Tests	UNKNOWN STEP	2026-08-09T16:48:52.5882165Z   submodules: false
Python Tests	UNKNOWN STEP	2026-08-09T16:48:52.5882609Z   set-safe-directory: true
Python Tests	UNKNOWN STEP	2026-08-09T16:48:52.5883105Z   allow-unsafe-pr-checkout: false
Python Tests	UNKNOWN STEP	2026-08-09T16:48:52.5883857Z env:
Python Tests	UNKNOWN STEP	2026-08-09T16:48:52.5884267Z   CARGO_TERM_COLOR: always
Python Tests	UNKNOWN STEP	2026-08-09T16:48:52.5884745Z ##[endgroup]
Python Tests	UNKNOWN STEP	2026-08-09T16:48:52.6886810Z Syncing repository: Ackold26/Aurora_Econometrica
Python Tests	UNKNOWN STEP	2026-08-09T16:48:52.6888583Z ##[group]Getting Git version info
Python Tests	UNKNOWN STEP	2026-08-09T16:48:52.6889832Z Working directory is '/home/runner/work/Aurora_Econometrica/Aurora_Econometrica'
Python Tests	UNKNOWN STEP	2026-08-09T16:48:52.6890959Z [command]/usr/bin/git version
Python Tests	UNKNOWN STEP	2026-08-09T16:48:52.6972961Z git version 2.54.0
Python Tests	UNKNOWN STEP	2026-08-09T16:48:52.7029988Z ##[endgroup]
Python Tests	UNKNOWN STEP	2026-08-09T16:48:52.7048092Z Temporarily overriding HOME='/home/runner/work/_temp/7aabb85f-5078-4677-ae37-502ccbe16fb1' before making global git config changes
Python Tests	UNKNOWN STEP	2026-08-09T16:48:52.7050727Z Adding repository directory to the temporary git global config as a safe directory
Python Tests	UNKNOWN STEP	2026-08-09T16:48:52.7053644Z [command]/usr/bin/git config --global --add safe.directory /home/runner/work/Aurora_Econometrica/Aurora_Econometrica
Python Tests	UNKNOWN STEP	2026-08-09T16:48:52.7110111Z Deleting the contents of '/home/runner/work/Aurora_Econometrica/Aurora_Econometrica'
Python Tests	UNKNOWN STEP	2026-08-09T16:48:52.7114558Z ##[group]Initializing the repository
Python Tests	UNKNOWN STEP	2026-08-09T16:48:52.7118362Z [command]/usr/bin/git init /home/runner/work/Aurora_Econometrica/Aurora_Econometrica
Python Tests	UNKNOWN STEP	2026-08-09T16:48:52.7234167Z hint: Using 'master' as the name for the initial branch. This default branch name
Python Tests	UNKNOWN STEP	2026-08-09T16:48:52.7235416Z hint: will change to "main" in Git 3.0. To configure the initial branch name
Python Tests	UNKNOWN STEP	2026-08-09T16:48:52.7236350Z hint: to use in all of your new repositories, which will suppress this warning,
Python Tests	UNKNOWN STEP	2026-08-09T16:48:52.7237092Z hint: call:
Python Tests	UNKNOWN STEP	2026-08-09T16:48:52.7237483Z hint:
Python Tests	UNKNOWN STEP	2026-08-09T16:48:52.7237995Z hint: 	git config --global init.defaultBranch <name>
Python Tests	UNKNOWN STEP	2026-08-09T16:48:52.7238605Z hint:
Python Tests	UNKNOWN STEP	2026-08-09T16:48:52.7239395Z hint: Names commonly chosen instead of 'master' are 'main', 'trunk' and
Python Tests	UNKNOWN STEP	2026-08-09T16:48:52.7240921Z hint: 'development'. The just-created branch can be renamed via this command:
Python Tests	UNKNOWN STEP	2026-08-09T16:48:52.7241679Z hint:
Python Tests	UNKNOWN STEP	2026-08-09T16:48:52.7242089Z hint: 	git branch -m <name>
Python Tests	UNKNOWN STEP	2026-08-09T16:48:52.7242714Z hint:
Python Tests	UNKNOWN STEP	2026-08-09T16:48:52.7243841Z hint: Disable this message with "git config set advice.defaultBranchName false"
Python Tests	UNKNOWN STEP	2026-08-09T16:48:52.7246243Z Initialized empty Git repository in /home/runner/work/Aurora_Econometrica/Aurora_Econometrica/.git/
Python Tests	UNKNOWN STEP	2026-08-09T16:48:52.7258903Z [command]/usr/bin/git remote add origin https://github.com/Ackold26/Aurora_Econometrica
Python Tests	UNKNOWN STEP	2026-08-09T16:48:52.7306287Z ##[endgroup]
Python Tests	UNKNOWN STEP	2026-08-09T16:48:52.7307881Z ##[group]Disabling automatic garbage collection
Python Tests	UNKNOWN STEP	2026-08-09T16:48:52.7310971Z [command]/usr/bin/git config --local gc.auto 0
Python Tests	UNKNOWN STEP	2026-08-09T16:48:52.7342854Z ##[endgroup]
Python Tests	UNKNOWN STEP	2026-08-09T16:48:52.7343716Z ##[group]Setting up auth
Python Tests	UNKNOWN STEP	2026-08-09T16:48:52.7351482Z [command]/usr/bin/git config --local --name-only --get-regexp core\.sshCommand
Python Tests	UNKNOWN STEP	2026-08-09T16:48:52.7391087Z [command]/usr/bin/git submodule foreach --recursive sh -c "git config --local --name-only --get-regexp 'core\.sshCommand' && git config --local --unset-all 'core.sshCommand' || :"
Python Tests	UNKNOWN STEP	2026-08-09T16:48:52.7764862Z [command]/usr/bin/git config --local --name-only --get-regexp http\.https\:\/\/github\.com\/\.extraheader
Python Tests	UNKNOWN STEP	2026-08-09T16:48:52.7807188Z [command]/usr/bin/git submodule foreach --recursive sh -c "git config --local --name-only --get-regexp 'http\.https\:\/\/github\.com\/\.extraheader' && git config --local --unset-all 'http.https://github.com/.extraheader' || :"
Python Tests	UNKNOWN STEP	2026-08-09T16:48:52.8035502Z [command]/usr/bin/git config --local --name-only --get-regexp ^includeIf\.gitdir:
Python Tests	UNKNOWN STEP	2026-08-09T16:48:52.8073353Z [command]/usr/bin/git submodule foreach --recursive git config --local --show-origin --name-only --get-regexp remote.origin.url
Python Tests	UNKNOWN STEP	2026-08-09T16:48:52.8294554Z [command]/usr/bin/git config --local http.https://github.com/.extraheader AUTHORIZATION: basic ***
Python Tests	UNKNOWN STEP	2026-08-09T16:48:52.8330967Z ##[endgroup]
Python Tests	UNKNOWN STEP	2026-08-09T16:48:52.8331804Z ##[group]Fetching the repository
Python Tests	UNKNOWN STEP	2026-08-09T16:48:52.8343164Z [command]/usr/bin/git -c protocol.version=2 fetch --no-tags --prune --no-recurse-submodules --depth=1 origin +d7e2993790618e5e1bcb09c890b0fbcde53433d2:refs/remotes/origin/master
Python Tests	UNKNOWN STEP	2026-08-09T16:48:54.0926167Z From https://github.com/Ackold26/Aurora_Econometrica
Python Tests	UNKNOWN STEP	2026-08-09T16:48:54.0928441Z  * [new ref]         d7e2993790618e5e1bcb09c890b0fbcde53433d2 -> origin/master
Python Tests	UNKNOWN STEP	2026-08-09T16:48:54.0965026Z ##[endgroup]
Python Tests	UNKNOWN STEP	2026-08-09T16:48:54.0966838Z ##[group]Determining the checkout info
Python Tests	UNKNOWN STEP	2026-08-09T16:48:54.0968919Z ##[endgroup]
Python Tests	UNKNOWN STEP	2026-08-09T16:48:54.0976256Z [command]/usr/bin/git sparse-checkout disable
Python Tests	UNKNOWN STEP	2026-08-09T16:48:54.1029437Z [command]/usr/bin/git config --local --unset-all extensions.worktreeConfig
Python Tests	UNKNOWN STEP	2026-08-09T16:48:54.1066653Z ##[group]Checking out the ref
Python Tests	UNKNOWN STEP	2026-08-09T16:48:54.1071781Z [command]/usr/bin/git checkout --progress --force -B master refs/remotes/origin/master
Python Tests	UNKNOWN STEP	2026-08-09T16:48:54.2857273Z Reset branch 'master'
Python Tests	UNKNOWN STEP	2026-08-09T16:48:54.2861575Z branch 'master' set up to track 'origin/master'.
Python Tests	UNKNOWN STEP	2026-08-09T16:48:54.2875161Z ##[endgroup]
Python Tests	UNKNOWN STEP	2026-08-09T16:48:54.2921045Z [command]/usr/bin/git log -1 --format=%H
Python Tests	UNKNOWN STEP	2026-08-09T16:48:54.2950210Z d7e2993790618e5e1bcb09c890b0fbcde53433d2
Python Tests	UNKNOWN STEP	2026-08-09T16:48:54.3421474Z Prepare all required actions
Python Tests	UNKNOWN STEP	2026-08-09T16:48:54.3423651Z Getting action download info
Python Tests	UNKNOWN STEP	2026-08-09T16:48:54.4085175Z Download action repository 'actions/setup-python@v5' (SHA:a26af69be951a213d495a4c3e4e4022e16d87065)
Python Tests	UNKNOWN STEP	2026-08-09T16:48:54.4876776Z Download action repository 'dtolnay/rust-toolchain@stable' (SHA:4360b52568e2003a75bf9bc1d59f33a8e3fc893c)
Python Tests	UNKNOWN STEP	2026-08-09T16:48:54.5642072Z Download action repository 'actions/cache@v4' (SHA:0057852bfaa89a56745cba8c7296529d2fc39830)
Python Tests	UNKNOWN STEP	2026-08-09T16:48:54.7141096Z ##[group]Run ./.github/actions/setup-aurora
Python Tests	UNKNOWN STEP	2026-08-09T16:48:54.7141473Z with:
Python Tests	UNKNOWN STEP	2026-08-09T16:48:54.7141724Z   install-test-deps: true
Python Tests	UNKNOWN STEP	2026-08-09T16:48:54.7142028Z   install-mcmc-deps: false
Python Tests	UNKNOWN STEP	2026-08-09T16:48:54.7142309Z   python-version: 3.12
Python Tests	UNKNOWN STEP	2026-08-09T16:48:54.7142584Z   install-rust: false
Python Tests	UNKNOWN STEP	2026-08-09T16:48:54.7142844Z   install-python: true
Python Tests	UNKNOWN STEP	2026-08-09T16:48:54.7143093Z env:
Python Tests	UNKNOWN STEP	2026-08-09T16:48:54.7143323Z   CARGO_TERM_COLOR: always
Python Tests	UNKNOWN STEP	2026-08-09T16:48:54.7143587Z ##[endgroup]
Python Tests	UNKNOWN STEP	2026-08-09T16:48:54.7201978Z ##[start-action display=Setup Python (with pip cache);id=__self.__actions_setup-python]
Python Tests	UNKNOWN STEP	2026-08-09T16:48:54.7293706Z Node 20 is being deprecated. This workflow is running with Node 24 by default. If you need to temporarily use Node 20, you can set the ACTIONS_ALLOW_USE_UNSECURE_NODE_VERSION=true environment variable. For more information see: https://github.blog/changelog/2025-09-19-deprecation-of-node-20-on-github-actions-runners/
Python Tests	UNKNOWN STEP	2026-08-09T16:48:54.7295530Z ##[group]Run actions/setup-python@v5
Python Tests	UNKNOWN STEP	2026-08-09T16:48:54.7295844Z with:
Python Tests	UNKNOWN STEP	2026-08-09T16:48:54.7296089Z   python-version: 3.12
Python Tests	UNKNOWN STEP	2026-08-09T16:48:54.7296352Z   cache: pip
Python Tests	UNKNOWN STEP	2026-08-09T16:48:54.7296596Z   check-latest: false
Python Tests	UNKNOWN STEP	2026-08-09T16:48:54.7299377Z   token: ***
Python Tests	UNKNOWN STEP	2026-08-09T16:48:54.7299663Z   update-environment: true
Python Tests	UNKNOWN STEP	2026-08-09T16:48:54.7299969Z   allow-prereleases: false
Python Tests	UNKNOWN STEP	2026-08-09T16:48:54.7300251Z   freethreaded: false
Python Tests	UNKNOWN STEP	2026-08-09T16:48:54.7300502Z env:
Python Tests	UNKNOWN STEP	2026-08-09T16:48:54.7300727Z   CARGO_TERM_COLOR: always
Python Tests	UNKNOWN STEP	2026-08-09T16:48:54.7301008Z ##[endgroup]
Python Tests	UNKNOWN STEP	2026-08-09T16:48:54.8594335Z ##[group]Installed versions
Python Tests	UNKNOWN STEP	2026-08-09T16:48:54.8684029Z (node:2276) [DEP0040] DeprecationWarning: The `punycode` module is deprecated. Please use a userland alternative instead.
Python Tests	UNKNOWN STEP	2026-08-09T16:48:54.8684969Z (Use `node --trace-deprecation ...` to show where the warning was created)
Python Tests	UNKNOWN STEP	2026-08-09T16:48:54.8685697Z Successfully set up CPython (3.12.13)
Python Tests	UNKNOWN STEP	2026-08-09T16:48:54.8686623Z ##[endgroup]
Python Tests	UNKNOWN STEP	2026-08-09T16:48:55.0869375Z [command]/opt/hostedtoolcache/Python/3.12.13/x64/bin/pip cache dir
Python Tests	UNKNOWN STEP	2026-08-09T16:48:56.7178600Z /home/runner/.cache/pip
Python Tests	UNKNOWN STEP	2026-08-09T16:48:56.7984647Z Cache hit for: setup-python-Linux-x64-24.04-Ubuntu-python-3.12.13-pip-396c6d82bcaef58a9bce0ab1dbf43a1f2a01250303091eda005321bb7c32d388
Python Tests	UNKNOWN STEP	2026-08-09T16:48:56.8092360Z (node:2276) [DEP0169] DeprecationWarning: `url.parse()` behavior is not standardized and prone to errors that have security implications. Use the WHATWG URL API instead. CVEs are not issued for `url.parse()` vulnerabilities.
Python Tests	UNKNOWN STEP	2026-08-09T16:48:57.3360776Z Received 97035839 of 97035839 (100.0%), 184.3 MBs/sec
Python Tests	UNKNOWN STEP	2026-08-09T16:48:57.3361652Z Cache Size: ~93 MB (97035839 B)
Python Tests	UNKNOWN STEP	2026-08-09T16:48:57.3403953Z [command]/usr/bin/tar -xf /home/runner/work/_temp/e646c737-f4d6-4434-a559-c21160d83e24/cache.tzst -P -C /home/runner/work/Aurora_Econometrica/Aurora_Econometrica --use-compress-program unzstd
Python Tests	UNKNOWN STEP	2026-08-09T16:48:57.4868568Z Cache restored successfully
Python Tests	UNKNOWN STEP	2026-08-09T16:48:57.4921003Z Cache restored from key: setup-python-Linux-x64-24.04-Ubuntu-python-3.12.13-pip-396c6d82bcaef58a9bce0ab1dbf43a1f2a01250303091eda005321bb7c32d388
Python Tests	UNKNOWN STEP	2026-08-09T16:48:57.5085788Z ##[end-action id=__self.__actions_setup-python;outcome=success;conclusion=success;duration_ms=2788]
Python Tests	UNKNOWN STEP	2026-08-09T16:48:57.5089628Z ##[start-action display=Setup Python (no pip cache);id=__self.__actions_setup-python_2]
Python Tests	UNKNOWN STEP	2026-08-09T16:48:57.5099800Z ##[end-action id=__self.__actions_setup-python_2;outcome=skipped;conclusion=skipped;duration_ms=0]
Python Tests	UNKNOWN STEP	2026-08-09T16:48:57.5102466Z ##[start-action display=Install pytest deps (lightweight + medium);id=__self.__run]
Python Tests	UNKNOWN STEP	2026-08-09T16:48:57.5139401Z ##[group]Run python -m pip install --upgrade pip
Python Tests	UNKNOWN STEP	2026-08-09T16:48:57.5139856Z [36;1mpython -m pip install --upgrade pip[0m
Python Tests	UNKNOWN STEP	2026-08-09T16:48:57.5140368Z [36;1m# numpy + pandas нужны conftest fixtures (synthetic + kagocel pathology pickles).[0m
Python Tests	UNKNOWN STEP	2026-08-09T16:48:57.5141008Z [36;1m# 2026-05-23 CI infrastructure fix sprint: добавлены medium-weight deps что нужны[0m
Python Tests	UNKNOWN STEP	2026-08-09T16:48:57.5141598Z [36;1m# для pytest *discovery* (не только execution) на test files что import их at[0m
Python Tests	UNKNOWN STEP	2026-08-09T16:48:57.5142131Z [36;1m# module level: sklearn (test_priors_calibration / test_priors_real_data),[0m
Python Tests	UNKNOWN STEP	2026-08-09T16:48:57.5142685Z [36;1m# openpyxl (audit_v2 brand/perf constraint tests + test_lift_formula_canonical),[0m
Python Tests	UNKNOWN STEP	2026-08-09T16:48:57.5143242Z [36;1m# fastapi/httpx/pytest-asyncio (forecast_context endpoint tests). Без них[0m
Python Tests	UNKNOWN STEP	2026-08-09T16:48:57.5143800Z [36;1m# pytest collection падает с ImportError ДО -m marker фильтра, делая weighted[0m
Python Tests	UNKNOWN STEP	2026-08-09T16:48:57.5144363Z [36;1m# test selection бесполезным. Heavy PyMC/JAX/arviz stack остаётся gated за[0m
Python Tests	UNKNOWN STEP	2026-08-09T16:48:57.5144891Z [36;1m# install-mcmc-deps='true' для local + occasional integration runs.[0m
Python Tests	UNKNOWN STEP	2026-08-09T16:48:57.5145402Z [36;1m# filelock: sidecar импортит на уровне модуля (project-lock / persistence) →[0m
Python Tests	UNKNOWN STEP	2026-08-09T16:48:57.5145926Z [36;1m# без него pytest collection падает ImportError для многих тестов ДО -m фильтра.[0m
Python Tests	UNKNOWN STEP	2026-08-09T16:48:57.5146450Z [36;1mpip install pytest pytest-xdist pytest-asyncio httpx filelock \[0m
Python Tests	UNKNOWN STEP	2026-08-09T16:48:57.5146896Z [36;1m  'numpy>=1.24.0,<3.0' 'pandas>=2.0.0' \[0m
Python Tests	UNKNOWN STEP	2026-08-09T16:48:57.5147242Z [36;1m  scikit-learn openpyxl fastapi python-pptx[0m
Python Tests	UNKNOWN STEP	2026-08-09T16:48:57.5200542Z shell: /usr/bin/bash --noprofile --norc -e -o pipefail {0}
Python Tests	UNKNOWN STEP	2026-08-09T16:48:57.5200955Z env:
Python Tests	UNKNOWN STEP	2026-08-09T16:48:57.5201216Z   CARGO_TERM_COLOR: always
Python Tests	UNKNOWN STEP	2026-08-09T16:48:57.5201555Z   pythonLocation: /opt/hostedtoolcache/Python/3.12.13/x64
Python Tests	UNKNOWN STEP	2026-08-09T16:48:57.5202054Z   PKG_CONFIG_PATH: /opt/hostedtoolcache/Python/3.12.13/x64/lib/pkgconfig
Python Tests	UNKNOWN STEP	2026-08-09T16:48:57.5202501Z   Python_ROOT_DIR: /opt/hostedtoolcache/Python/3.12.13/x64
Python Tests	UNKNOWN STEP	2026-08-09T16:48:57.5202896Z   Python2_ROOT_DIR: /opt/hostedtoolcache/Python/3.12.13/x64
Python Tests	UNKNOWN STEP	2026-08-09T16:48:57.5203297Z   Python3_ROOT_DIR: /opt/hostedtoolcache/Python/3.12.13/x64
Python Tests	UNKNOWN STEP	2026-08-09T16:48:57.5203689Z   LD_LIBRARY_PATH: /opt/hostedtoolcache/Python/3.12.13/x64/lib
Python Tests	UNKNOWN STEP	2026-08-09T16:48:57.5204021Z ##[endgroup]
Python Tests	UNKNOWN STEP	2026-08-09T16:48:58.5437129Z Requirement already satisfied: pip in /opt/hostedtoolcache/Python/3.12.13/x64/lib/python3.12/site-packages (26.1.2)
Python Tests	UNKNOWN STEP	2026-08-09T16:48:58.6459252Z Collecting pip
Python Tests	UNKNOWN STEP	2026-08-09T16:48:58.6986754Z   Downloading pip-26.2.1-py3-none-any.whl.metadata (4.6 kB)
Python Tests	UNKNOWN STEP	2026-08-09T16:48:58.7076955Z Downloading pip-26.2.1-py3-none-any.whl (1.8 MB)
Python Tests	UNKNOWN STEP	2026-08-09T16:48:58.7674296Z    ━━━━━━━━━━━━━━━━━━━━━━━━━━━━━━━━━━━━━━━━ 1.8/1.8 MB 51.0 MB/s  0:00:00
Python Tests	UNKNOWN STEP	2026-08-09T16:48:58.9248903Z Installing collected packages: pip
Python Tests	UNKNOWN STEP	2026-08-09T16:48:58.9250953Z   Attempting uninstall: pip
Python Tests	UNKNOWN STEP	2026-08-09T16:48:58.9271853Z     Found existing installation: pip 26.1.2
Python Tests	UNKNOWN STEP	2026-08-09T16:48:59.0170604Z     Uninstalling pip-26.1.2:
Python Tests	UNKNOWN STEP	2026-08-09T16:48:59.0243405Z       Successfully uninstalled pip-26.1.2
Python Tests	UNKNOWN STEP	2026-08-09T16:48:59.9437198Z Successfully installed pip-26.2.1
Python Tests	UNKNOWN STEP	2026-08-09T16:49:00.4044567Z Collecting pytest
Python Tests	UNKNOWN STEP	2026-08-09T16:49:00.4058478Z   Using cached pytest-9.1.1-py3-none-any.whl.metadata (7.6 kB)
Python Tests	UNKNOWN STEP	2026-08-09T16:49:00.4249104Z Collecting pytest-xdist
Python Tests	UNKNOWN STEP	2026-08-09T16:49:00.4264527Z   Using cached pytest_xdist-3.8.0-py3-none-any.whl.metadata (3.0 kB)
Python Tests	UNKNOWN STEP	2026-08-09T16:49:00.4438268Z Collecting pytest-asyncio
Python Tests	UNKNOWN STEP	2026-08-09T16:49:00.4451138Z   Using cached pytest_asyncio-1.4.0-py3-none-any.whl.metadata (4.1 kB)
Python Tests	UNKNOWN STEP	2026-08-09T16:49:00.4623258Z Collecting httpx
Python Tests	UNKNOWN STEP	2026-08-09T16:49:00.4635787Z   Using cached httpx-0.28.1-py3-none-any.whl.metadata (7.1 kB)
Python Tests	UNKNOWN STEP	2026-08-09T16:49:00.4851043Z Collecting filelock
Python Tests	UNKNOWN STEP	2026-08-09T16:49:00.4863353Z   Using cached filelock-3.32.2-py3-none-any.whl.metadata (2.0 kB)
Python Tests	UNKNOWN STEP	2026-08-09T16:49:00.7060480Z Collecting numpy<3.0,>=1.24.0
Python Tests	UNKNOWN STEP	2026-08-09T16:49:00.7528793Z   Downloading numpy-2.5.2-cp312-cp312-manylinux_2_27_x86_64.manylinux_2_28_x86_64.whl.metadata (6.6 kB)
Python Tests	UNKNOWN STEP	2026-08-09T16:49:00.8587137Z Collecting pandas>=2.0.0
Python Tests	UNKNOWN STEP	2026-08-09T16:49:00.8600146Z   Using cached pandas-3.0.5-cp312-cp312-manylinux_2_24_x86_64.manylinux_2_28_x86_64.whl.metadata (79 kB)
Python Tests	UNKNOWN STEP	2026-08-09T16:49:00.9602518Z Collecting scikit-learn
Python Tests	UNKNOWN STEP	2026-08-09T16:49:00.9617724Z   Using cached scikit_learn-1.9.0-cp312-cp312-manylinux_2_27_x86_64.manylinux_2_28_x86_64.whl.metadata (11 kB)
Python Tests	UNKNOWN STEP	2026-08-09T16:49:00.9831467Z Collecting openpyxl
Python Tests	UNKNOWN STEP	2026-08-09T16:49:00.9844962Z   Using cached openpyxl-3.1.5-py2.py3-none-any.whl.metadata (2.5 kB)
Python Tests	UNKNOWN STEP	2026-08-09T16:49:01.0299815Z Collecting fastapi
Python Tests	UNKNOWN STEP	2026-08-09T16:49:01.0314756Z   Using cached fastapi-0.141.1-py3-none-any.whl.metadata (27 kB)
Python Tests	UNKNOWN STEP	2026-08-09T16:49:01.0459964Z Collecting python-pptx
Python Tests	UNKNOWN STEP	2026-08-09T16:49:01.0474552Z   Using cached python_pptx-1.0.2-py3-none-any.whl.metadata (2.5 kB)
Python Tests	UNKNOWN STEP	2026-08-09T16:49:01.0573862Z Collecting iniconfig>=1.0.1 (from pytest)
Python Tests	UNKNOWN STEP	2026-08-09T16:49:01.0586199Z   Using cached iniconfig-2.3.0-py3-none-any.whl.metadata (2.5 kB)
Python Tests	UNKNOWN STEP	2026-08-09T16:49:01.0732267Z Collecting packaging>=22 (from pytest)
Python Tests	UNKNOWN STEP	2026-08-09T16:49:01.0771626Z   Downloading packaging-26.3-py3-none-any.whl.metadata (3.5 kB)
Python Tests	UNKNOWN STEP	2026-08-09T16:49:01.0893242Z Collecting pluggy<2,>=1.5 (from pytest)
Python Tests	UNKNOWN STEP	2026-08-09T16:49:01.0911537Z   Using cached pluggy-1.6.0-py3-none-any.whl.metadata (4.8 kB)
Python Tests	UNKNOWN STEP	2026-08-09T16:49:01.1074484Z Collecting pygments>=2.7.2 (from pytest)
Python Tests	UNKNOWN STEP	2026-08-09T16:49:01.1086342Z   Using cached pygments-2.20.0-py3-none-any.whl.metadata (2.5 kB)
Python Tests	UNKNOWN STEP	2026-08-09T16:49:01.1197550Z Collecting execnet>=2.1 (from pytest-xdist)
Python Tests	UNKNOWN STEP	2026-08-09T16:49:01.1209380Z   Using cached execnet-2.1.2-py3-none-any.whl.metadata (2.9 kB)
Python Tests	UNKNOWN STEP	2026-08-09T16:49:01.1389353Z Collecting typing-extensions>=4.12 (from pytest-asyncio)
Python Tests	UNKNOWN STEP	2026-08-09T16:49:01.1402125Z   Using cached typing_extensions-4.16.0-py3-none-any.whl.metadata (3.3 kB)
Python Tests	UNKNOWN STEP	2026-08-09T16:49:01.1562334Z Collecting anyio (from httpx)
Python Tests	UNKNOWN STEP	2026-08-09T16:49:01.1575120Z   Using cached anyio-4.14.2-py3-none-any.whl.metadata (4.6 kB)
Python Tests	UNKNOWN STEP	2026-08-09T16:49:01.1765169Z Collecting certifi (from httpx)
Python Tests	UNKNOWN STEP	2026-08-09T16:49:01.1777399Z   Using cached certifi-2026.7.22-py3-none-any.whl.metadata (2.5 kB)
Python Tests	UNKNOWN STEP	2026-08-09T16:49:01.1907396Z Collecting httpcore==1.* (from httpx)
Python Tests	UNKNOWN STEP	2026-08-09T16:49:01.1928247Z   Using cached httpcore-1.0.9-py3-none-any.whl.metadata (21 kB)
Python Tests	UNKNOWN STEP	2026-08-09T16:49:01.2077841Z Collecting idna (from httpx)
Python Tests	UNKNOWN STEP	2026-08-09T16:49:01.2089932Z   Using cached idna-3.18-py3-none-any.whl.metadata (6.1 kB)
Python Tests	UNKNOWN STEP	2026-08-09T16:49:01.2189347Z Collecting h11>=0.16 (from httpcore==1.*->httpx)
Python Tests	UNKNOWN STEP	2026-08-09T16:49:01.2201688Z   Using cached h11-0.16.0-py3-none-any.whl.metadata (8.3 kB)
Python Tests	UNKNOWN STEP	2026-08-09T16:49:01.2343706Z Collecting python-dateutil>=2.8.2 (from pandas>=2.0.0)
Python Tests	UNKNOWN STEP	2026-08-09T16:49:01.2356389Z   Using cached python_dateutil-2.9.0.post0-py2.py3-none-any.whl.metadata (8.4 kB)
Python Tests	UNKNOWN STEP	2026-08-09T16:49:01.3535888Z Collecting scipy>=1.10.0 (from scikit-learn)
Python Tests	UNKNOWN STEP	2026-08-09T16:49:01.3550949Z   Using cached scipy-1.18.0-cp312-cp312-manylinux_2_27_x86_64.manylinux_2_28_x86_64.whl.metadata (62 kB)
Python Tests	UNKNOWN STEP	2026-08-09T16:49:01.3838569Z Collecting joblib>=1.4.0 (from scikit-learn)
Python Tests	UNKNOWN STEP	2026-08-09T16:49:01.3851826Z   Using cached joblib-1.5.3-py3-none-any.whl.metadata (5.5 kB)
Python Tests	UNKNOWN STEP	2026-08-09T16:49:01.4133864Z Collecting narwhals>=2.0.1 (from scikit-learn)
Python Tests	UNKNOWN STEP	2026-08-09T16:49:01.4147078Z   Using cached narwhals-2.24.0-py3-none-any.whl.metadata (15 kB)
Python Tests	UNKNOWN STEP	2026-08-09T16:49:01.4265141Z Collecting threadpoolctl>=3.5.0 (from scikit-learn)
Python Tests	UNKNOWN STEP	2026-08-09T16:49:01.4277343Z   Using cached threadpoolctl-3.6.0-py3-none-any.whl.metadata (13 kB)
Python Tests	UNKNOWN STEP	2026-08-09T16:49:01.4371420Z Collecting et-xmlfile (from openpyxl)
Python Tests	UNKNOWN STEP	2026-08-09T16:49:01.4390969Z   Using cached et_xmlfile-2.0.0-py3-none-any.whl.metadata (2.7 kB)
Python Tests	UNKNOWN STEP	2026-08-09T16:49:01.4797223Z Collecting starlette>=0.46.0 (from fastapi)
Python Tests	UNKNOWN STEP	2026-08-09T16:49:01.4837976Z   Downloading starlette-1.6.0-py3-none-any.whl.metadata (6.4 kB)
Python Tests	UNKNOWN STEP	2026-08-09T16:49:01.5852203Z Collecting pydantic>=2.9.0 (from fastapi)
Python Tests	UNKNOWN STEP	2026-08-09T16:49:01.5866170Z   Using cached pydantic-2.13.4-py3-none-any.whl.metadata (109 kB)
Python Tests	UNKNOWN STEP	2026-08-09T16:49:01.6003312Z Collecting typing-inspection>=0.4.2 (from fastapi)
Python Tests	UNKNOWN STEP	2026-08-09T16:49:01.6016083Z   Using cached typing_inspection-0.4.2-py3-none-any.whl.metadata (2.6 kB)
Python Tests	UNKNOWN STEP	2026-08-09T16:49:01.6103597Z Collecting annotated-doc>=0.0.2 (from fastapi)
Python Tests	UNKNOWN STEP	2026-08-09T16:49:01.6115642Z   Using cached annotated_doc-0.0.5-py3-none-any.whl.metadata (6.5 kB)
Python Tests	UNKNOWN STEP	2026-08-09T16:49:01.7760123Z Collecting Pillow>=3.3.2 (from python-pptx)
Python Tests	UNKNOWN STEP	2026-08-09T16:49:01.7775032Z   Using cached pillow-12.3.0-cp312-cp312-manylinux_2_27_x86_64.manylinux_2_28_x86_64.whl.metadata (9.1 kB)
Python Tests	UNKNOWN STEP	2026-08-09T16:49:01.8059120Z Collecting XlsxWriter>=0.5.7 (from python-pptx)
Python Tests	UNKNOWN STEP	2026-08-09T16:49:01.8071705Z   Using cached xlsxwriter-3.2.9-py3-none-any.whl.metadata (2.7 kB)
Python Tests	UNKNOWN STEP	2026-08-09T16:49:02.0077991Z Collecting lxml>=3.1.0 (from python-pptx)
Python Tests	UNKNOWN STEP	2026-08-09T16:49:02.0092628Z   Using cached lxml-6.1.1-cp312-cp312-manylinux_2_26_x86_64.manylinux_2_28_x86_64.whl.metadata (3.5 kB)
Python Tests	UNKNOWN STEP	2026-08-09T16:49:02.0243418Z Collecting annotated-types>=0.6.0 (from pydantic>=2.9.0->fastapi)
Python Tests	UNKNOWN STEP	2026-08-09T16:49:02.0255100Z   Using cached annotated_types-0.8.0-py3-none-any.whl.metadata (15 kB)
Python Tests	UNKNOWN STEP	2026-08-09T16:49:02.6708919Z Collecting pydantic-core==2.46.4 (from pydantic>=2.9.0->fastapi)
Python Tests	UNKNOWN STEP	2026-08-09T16:49:02.6723982Z   Using cached pydantic_core-2.46.4-cp312-cp312-manylinux_2_17_x86_64.manylinux2014_x86_64.whl.metadata (6.6 kB)
Python Tests	UNKNOWN STEP	2026-08-09T16:49:02.6872340Z Collecting six>=1.5 (from python-dateutil>=2.8.2->pandas>=2.0.0)
Python Tests	UNKNOWN STEP	2026-08-09T16:49:02.6885007Z   Using cached six-1.17.0-py2.py3-none-any.whl.metadata (1.7 kB)
Python Tests	UNKNOWN STEP	2026-08-09T16:49:02.7066343Z Downloading numpy-2.5.2-cp312-cp312-manylinux_2_27_x86_64.manylinux_2_28_x86_64.whl (16.7 MB)
Python Tests	UNKNOWN STEP	2026-08-09T16:49:02.8205575Z    ━━━━━━━━━━━━━━━━━━━━━━━━━━━━━━━━━━━━━━━━ 16.7/16.7 MB 165.8 MB/s  0:00:00
Python Tests	UNKNOWN STEP	2026-08-09T16:49:02.8219695Z Using cached pytest-9.1.1-py3-none-any.whl (386 kB)
Python Tests	UNKNOWN STEP	2026-08-09T16:49:02.8233738Z Using cached pluggy-1.6.0-py3-none-any.whl (20 kB)
Python Tests	UNKNOWN STEP	2026-08-09T16:49:02.8245923Z Using cached pytest_xdist-3.8.0-py3-none-any.whl (46 kB)
Python Tests	UNKNOWN STEP	2026-08-09T16:49:02.8257902Z Using cached pytest_asyncio-1.4.0-py3-none-any.whl (16 kB)
Python Tests	UNKNOWN STEP	2026-08-09T16:49:02.8269883Z Using cached httpx-0.28.1-py3-none-any.whl (73 kB)
Python Tests	UNKNOWN STEP	2026-08-09T16:49:02.8281777Z Using cached httpcore-1.0.9-py3-none-any.whl (78 kB)
Python Tests	UNKNOWN STEP	2026-08-09T16:49:02.8293682Z Using cached filelock-3.32.2-py3-none-any.whl (98 kB)
Python Tests	UNKNOWN STEP	2026-08-09T16:49:02.8305975Z Using cached pandas-3.0.5-cp312-cp312-manylinux_2_24_x86_64.manylinux_2_28_x86_64.whl (11.0 MB)
Python Tests	UNKNOWN STEP	2026-08-09T16:49:02.8357401Z Using cached scikit_learn-1.9.0-cp312-cp312-manylinux_2_27_x86_64.manylinux_2_28_x86_64.whl (9.1 MB)
Python Tests	UNKNOWN STEP	2026-08-09T16:49:02.8401129Z Using cached openpyxl-3.1.5-py2.py3-none-any.whl (250 kB)
Python Tests	UNKNOWN STEP	2026-08-09T16:49:02.8413584Z Using cached fastapi-0.141.1-py3-none-any.whl (131 kB)
Python Tests	UNKNOWN STEP	2026-08-09T16:49:02.8425605Z Using cached python_pptx-1.0.2-py3-none-any.whl (472 kB)
Python Tests	UNKNOWN STEP	2026-08-09T16:49:02.8439482Z Using cached annotated_doc-0.0.5-py3-none-any.whl (5.3 kB)
Python Tests	UNKNOWN STEP	2026-08-09T16:49:02.8451811Z Using cached execnet-2.1.2-py3-none-any.whl (40 kB)
Python Tests	UNKNOWN STEP	2026-08-09T16:49:02.8464219Z Using cached h11-0.16.0-py3-none-any.whl (37 kB)
Python Tests	UNKNOWN STEP	2026-08-09T16:49:02.8475973Z Using cached iniconfig-2.3.0-py3-none-any.whl (7.5 kB)
Python Tests	UNKNOWN STEP	2026-08-09T16:49:02.8487662Z Using cached joblib-1.5.3-py3-none-any.whl (309 kB)
Python Tests	UNKNOWN STEP	2026-08-09T16:49:02.8501285Z Using cached lxml-6.1.1-cp312-cp312-manylinux_2_26_x86_64.manylinux_2_28_x86_64.whl (5.2 MB)
Python Tests	UNKNOWN STEP	2026-08-09T16:49:02.8532268Z Using cached narwhals-2.24.0-py3-none-any.whl (461 kB)
Python Tests	UNKNOWN STEP	2026-08-09T16:49:02.8572320Z Downloading packaging-26.3-py3-none-any.whl (129 kB)
Python Tests	UNKNOWN STEP	2026-08-09T16:49:02.8612638Z Using cached pillow-12.3.0-cp312-cp312-manylinux_2_27_x86_64.manylinux_2_28_x86_64.whl (6.9 MB)
Python Tests	UNKNOWN STEP	2026-08-09T16:49:02.8648403Z Using cached pydantic-2.13.4-py3-none-any.whl (472 kB)
Python Tests	UNKNOWN STEP	2026-08-09T16:49:02.8662669Z Using cached pydantic_core-2.46.4-cp312-cp312-manylinux_2_17_x86_64.manylinux2014_x86_64.whl (2.1 MB)
Python Tests	UNKNOWN STEP	2026-08-09T16:49:02.8682261Z Using cached annotated_types-0.8.0-py3-none-any.whl (13 kB)
Python Tests	UNKNOWN STEP	2026-08-09T16:49:02.8693901Z Using cached pygments-2.20.0-py3-none-any.whl (1.2 MB)
Python Tests	UNKNOWN STEP	2026-08-09T16:49:02.8709779Z Using cached python_dateutil-2.9.0.post0-py2.py3-none-any.whl (229 kB)
Python Tests	UNKNOWN STEP	2026-08-09T16:49:02.8722665Z Using cached scipy-1.18.0-cp312-cp312-manylinux_2_27_x86_64.manylinux_2_28_x86_64.whl (35.3 MB)
Python Tests	UNKNOWN STEP	2026-08-09T16:49:02.8861093Z Using cached six-1.17.0-py2.py3-none-any.whl (11 kB)
Python Tests	UNKNOWN STEP	2026-08-09T16:49:02.8898096Z Downloading starlette-1.6.0-py3-none-any.whl (75 kB)
Python Tests	UNKNOWN STEP	2026-08-09T16:49:02.8940707Z Using cached anyio-4.14.2-py3-none-any.whl (125 kB)
Python Tests	UNKNOWN STEP	2026-08-09T16:49:02.8952943Z Using cached idna-3.18-py3-none-any.whl (65 kB)
Python Tests	UNKNOWN STEP	2026-08-09T16:49:02.8965193Z Using cached threadpoolctl-3.6.0-py3-none-any.whl (18 kB)
Python Tests	UNKNOWN STEP	2026-08-09T16:49:02.8977169Z Using cached typing_extensions-4.16.0-py3-none-any.whl (45 kB)
Python Tests	UNKNOWN STEP	2026-08-09T16:49:02.8989078Z Using cached typing_inspection-0.4.2-py3-none-any.whl (14 kB)
Python Tests	UNKNOWN STEP	2026-08-09T16:49:02.9001492Z Using cached xlsxwriter-3.2.9-py3-none-any.whl (175 kB)
Python Tests	UNKNOWN STEP	2026-08-09T16:49:02.9013836Z Using cached certifi-2026.7.22-py3-none-any.whl (136 kB)
Python Tests	UNKNOWN STEP	2026-08-09T16:49:02.9025971Z Using cached et_xmlfile-2.0.0-py3-none-any.whl (18 kB)
Python Tests	UNKNOWN STEP	2026-08-09T16:49:03.2287910Z Installing collected packages: XlsxWriter, typing-extensions, threadpoolctl, six, pygments, pluggy, Pillow, packaging, numpy, narwhals, lxml, joblib, iniconfig, idna, h11, filelock, execnet, et-xmlfile, certifi, annotated-types, annotated-doc, typing-inspection, scipy, python-pptx, python-dateutil, pytest, pydantic-core, openpyxl, httpcore, anyio, starlette, scikit-learn, pytest-xdist, pytest-asyncio, pydantic, pandas, httpx, fastapi
Python Tests	UNKNOWN STEP	2026-08-09T16:49:20.5084651Z 
Python Tests	UNKNOWN STEP	2026-08-09T16:49:20.5122079Z Successfully installed Pillow-12.3.0 XlsxWriter-3.2.9 annotated-doc-0.0.5 annotated-types-0.8.0 anyio-4.14.2 certifi-2026.7.22 et-xmlfile-2.0.0 execnet-2.1.2 fastapi-0.141.1 filelock-3.32.2 h11-0.16.0 httpcore-1.0.9 httpx-0.28.1 idna-3.18 iniconfig-2.3.0 joblib-1.5.3 lxml-6.1.1 narwhals-2.24.0 numpy-2.5.2 openpyxl-3.1.5 packaging-26.3 pandas-3.0.5 pluggy-1.6.0 pydantic-2.13.4 pydantic-core-2.46.4 pygments-2.20.0 pytest-9.1.1 pytest-asyncio-1.4.0 pytest-xdist-3.8.0 python-dateutil-2.9.0.post0 python-pptx-1.0.2 scikit-learn-1.9.0 scipy-1.18.0 six-1.17.0 starlette-1.6.0 threadpoolctl-3.6.0 typing-extensions-4.16.0 typing-inspection-0.4.2
Python Tests	UNKNOWN STEP	2026-08-09T16:49:20.6340436Z ##[end-action id=__self.__run;outcome=success;conclusion=success;duration_ms=23123]
Python Tests	UNKNOWN STEP	2026-08-09T16:49:20.6342987Z ##[start-action display=Install full sidecar deps (PyMC + NumPyro);id=__self.__run_2]
Python Tests	UNKNOWN STEP	2026-08-09T16:49:20.6348349Z ##[end-action id=__self.__run_2;outcome=skipped;conclusion=skipped;duration_ms=0]
Python Tests	UNKNOWN STEP	2026-08-09T16:49:20.6350489Z ##[start-action display=Setup Rust toolchain;id=__self.__dtolnay_rust-toolchain]
Python Tests	UNKNOWN STEP	2026-08-09T16:49:20.6374658Z ##[end-action id=__self.__dtolnay_rust-toolchain;outcome=skipped;conclusion=skipped;duration_ms=0]
Python Tests	UNKNOWN STEP	2026-08-09T16:49:20.6376592Z ##[start-action display=Cache cargo;id=__self.__actions_cache]
Python Tests	UNKNOWN STEP	2026-08-09T16:49:20.6380633Z ##[end-action id=__self.__actions_cache;outcome=skipped;conclusion=skipped;duration_ms=0]
Python Tests	UNKNOWN STEP	2026-08-09T16:49:20.6413666Z ##[group]Run python -m pytest -n auto --tb=short -m "not requires_real_data and not slow"
Python Tests	UNKNOWN STEP	2026-08-09T16:49:20.6414292Z [36;1mpython -m pytest -n auto --tb=short -m "not requires_real_data and not slow"[0m
Python Tests	UNKNOWN STEP	2026-08-09T16:49:20.6460684Z shell: /usr/bin/bash -e {0}
Python Tests	UNKNOWN STEP	2026-08-09T16:49:20.6460936Z env:
Python Tests	UNKNOWN STEP	2026-08-09T16:49:20.6461131Z   CARGO_TERM_COLOR: always
Python Tests	UNKNOWN STEP	2026-08-09T16:49:20.6461437Z   pythonLocation: /opt/hostedtoolcache/Python/3.12.13/x64
Python Tests	UNKNOWN STEP	2026-08-09T16:49:20.6461873Z   PKG_CONFIG_PATH: /opt/hostedtoolcache/Python/3.12.13/x64/lib/pkgconfig
Python Tests	UNKNOWN STEP	2026-08-09T16:49:20.6462298Z   Python_ROOT_DIR: /opt/hostedtoolcache/Python/3.12.13/x64
Python Tests	UNKNOWN STEP	2026-08-09T16:49:20.6462671Z   Python2_ROOT_DIR: /opt/hostedtoolcache/Python/3.12.13/x64
Python Tests	UNKNOWN STEP	2026-08-09T16:49:20.6463047Z   Python3_ROOT_DIR: /opt/hostedtoolcache/Python/3.12.13/x64
Python Tests	UNKNOWN STEP	2026-08-09T16:49:20.6463429Z   LD_LIBRARY_PATH: /opt/hostedtoolcache/Python/3.12.13/x64/lib
Python Tests	UNKNOWN STEP	2026-08-09T16:49:20.6463744Z ##[endgroup]
Python Tests	UNKNOWN STEP	2026-08-09T16:49:29.9101855Z ============================= test session starts ==============================
Python Tests	UNKNOWN STEP	2026-08-09T16:49:29.9130015Z platform linux -- Python 3.12.13, pytest-9.1.1, pluggy-1.6.0
Python Tests	UNKNOWN STEP	2026-08-09T16:49:29.9160034Z rootdir: /home/runner/work/Aurora_Econometrica/Aurora_Econometrica
Python Tests	UNKNOWN STEP	2026-08-09T16:49:29.9189732Z configfile: pytest.ini
Python Tests	UNKNOWN STEP	2026-08-09T16:49:29.9190409Z testpaths: tools
Python Tests	UNKNOWN STEP	2026-08-09T16:49:29.9219840Z plugins: anyio-4.14.2, xdist-3.8.0, asyncio-1.4.0
Python Tests	UNKNOWN STEP	2026-08-09T16:49:29.9250287Z asyncio: mode=Mode.STRICT, debug=False, asyncio_default_fixture_loop_scope=None, asyncio_default_test_loop_scope=function
Python Tests	UNKNOWN STEP	2026-08-09T16:49:29.9269628Z created: 4/4 workers
Python Tests	UNKNOWN STEP	2026-08-09T16:49:29.9279801Z 4 workers [2295 items]
Python Tests	UNKNOWN STEP	2026-08-09T16:49:29.9309554Z 
Python Tests	UNKNOWN STEP	2026-08-09T16:49:29.9970397Z ........................................................................ [  3%]
Python Tests	UNKNOWN STEP	2026-08-09T16:49:30.1361490Z ........................................................................ [  6%]
Python Tests	UNKNOWN STEP	2026-08-09T16:49:30.3180275Z ........................................................................ [  9%]
Python Tests	UNKNOWN STEP	2026-08-09T16:49:30.5540258Z ........................................................................ [ 12%]
Python Tests	UNKNOWN STEP	2026-08-09T16:49:30.8020244Z ........................................................................ [ 15%]
Python Tests	UNKNOWN STEP	2026-08-09T16:49:32.6360347Z ........................................................................ [ 18%]
Python Tests	UNKNOWN STEP	2026-08-09T16:49:33.6630262Z ........................................................................ [ 21%]
Python Tests	UNKNOWN STEP	2026-08-09T16:49:35.6530241Z s....................................................................... [ 25%]
Python Tests	UNKNOWN STEP	2026-08-09T16:49:37.6160200Z ........................................................................ [ 28%]
Python Tests	UNKNOWN STEP	2026-08-09T16:49:39.1324755Z ........................................................................ [ 31%]
Python Tests	UNKNOWN STEP	2026-08-09T16:49:39.4413053Z ........................................................................ [ 34%]
Python Tests	UNKNOWN STEP	2026-08-09T16:49:39.8475025Z ........................................................................ [ 37%]
Python Tests	UNKNOWN STEP	2026-08-09T16:49:41.2930188Z ........................................................................ [ 40%]
Python Tests	UNKNOWN STEP	2026-08-09T16:49:42.0010459Z ........................................................................ [ 43%]
Python Tests	UNKNOWN STEP	2026-08-09T16:49:42.1900447Z ........................................................................ [ 47%]
Python Tests	UNKNOWN STEP	2026-08-09T16:49:42.3810267Z ........................................................................ [ 50%]
Python Tests	UNKNOWN STEP	2026-08-09T16:49:42.6031762Z ...........s............................................................ [ 53%]
Python Tests	UNKNOWN STEP	2026-08-09T16:49:42.8049679Z ........................................................................ [ 56%]
Python Tests	UNKNOWN STEP	2026-08-09T16:49:42.9688285Z ........................................................................ [ 59%]
Python Tests	UNKNOWN STEP	2026-08-09T16:49:43.0720209Z ........................................................................ [ 62%]
Python Tests	UNKNOWN STEP	2026-08-09T16:49:43.1885812Z ........................................................................ [ 65%]
Python Tests	UNKNOWN STEP	2026-08-09T16:49:43.5670641Z .ssss.s..s....................................s......................... [ 69%]
Python Tests	UNKNOWN STEP	2026-08-09T16:49:43.8695507Z ........................................................................ [ 72%]
Python Tests	UNKNOWN STEP	2026-08-09T16:49:44.6945992Z ...F......................................................ssss.......... [ 75%]
Python Tests	UNKNOWN STEP	2026-08-09T16:49:45.5440260Z ........................................................................ [ 78%]
Python Tests	UNKNOWN STEP	2026-08-09T16:49:48.6020972Z ........................................................................ [ 81%]
Python Tests	UNKNOWN STEP	2026-08-09T16:49:51.6390473Z ........................................................................ [ 84%]
Python Tests	UNKNOWN STEP	2026-08-09T16:49:52.3263270Z ........................................................................ [ 87%]
Python Tests	UNKNOWN STEP	2026-08-09T16:49:53.0801279Z ...............................................s........................ [ 90%]
Python Tests	UNKNOWN STEP	2026-08-09T16:49:54.8350407Z .................s...................................................... [ 94%]
Python Tests	UNKNOWN STEP	2026-08-09T16:50:00.7502929Z ........................................................................ [ 97%]
Python Tests	UNKNOWN STEP	2026-08-09T16:50:11.3016716Z ...............................................................          [100%]
Python Tests	UNKNOWN STEP	2026-08-09T16:50:11.3017702Z =================================== FAILURES ===================================
Python Tests	UNKNOWN STEP	2026-08-09T16:50:11.3018822Z __________ TestValidateDataNumericGate.test_money_string_control_kept __________
Python Tests	UNKNOWN STEP	2026-08-09T16:50:11.3020382Z [gw0] linux -- Python 3.12.13 /opt/hostedtoolcache/Python/3.12.13/x64/bin/python
Python Tests	UNKNOWN STEP	2026-08-09T16:50:11.3021613Z tools/test_validator_numeric_role_gate.py:82: in test_money_string_control_kept
Python Tests	UNKNOWN STEP	2026-08-09T16:50:11.3022604Z     assert r['status'] != 'error'
Python Tests	UNKNOWN STEP	2026-08-09T16:50:11.3023246Z E   AssertionError: assert 'error' != 'error'
Python Tests	UNKNOWN STEP	2026-08-09T16:50:11.3024047Z =============================== warnings summary ===============================
Python Tests	UNKNOWN STEP	2026-08-09T16:50:11.3024843Z sidecar/econometrica/server.py:235
Python Tests	UNKNOWN STEP	2026-08-09T16:50:11.3025419Z sidecar/econometrica/server.py:235
Python Tests	UNKNOWN STEP	2026-08-09T16:50:11.3025909Z sidecar/econometrica/server.py:235
Python Tests	UNKNOWN STEP	2026-08-09T16:50:11.3026429Z sidecar/econometrica/server.py:235
Python Tests	UNKNOWN STEP	2026-08-09T16:50:11.3027425Z   /home/runner/work/Aurora_Econometrica/Aurora_Econometrica/sidecar/econometrica/server.py:235: DeprecationWarning: 
Python Tests	UNKNOWN STEP	2026-08-09T16:50:11.3028614Z           on_event is deprecated, use lifespan event handlers instead.
Python Tests	UNKNOWN STEP	2026-08-09T16:50:11.3029480Z   
Python Tests	UNKNOWN STEP	2026-08-09T16:50:11.3029749Z           Read more about it in the
Python Tests	UNKNOWN STEP	2026-08-09T16:50:11.3030278Z           [FastAPI docs for Lifespan Events](https://fastapi.tiangolo.com/advanced/events/).
Python Tests	UNKNOWN STEP	2026-08-09T16:50:11.3030798Z           
Python Tests	UNKNOWN STEP	2026-08-09T16:50:11.3031028Z     @app.on_event('startup')
Python Tests	UNKNOWN STEP	2026-08-09T16:50:11.3031217Z 
Python Tests	UNKNOWN STEP	2026-08-09T16:50:11.3031602Z ../../../../../opt/hostedtoolcache/Python/3.12.13/x64/lib/python3.12/site-packages/fastapi/applications.py:4681
Python Tests	UNKNOWN STEP	2026-08-09T16:50:11.3032477Z ../../../../../opt/hostedtoolcache/Python/3.12.13/x64/lib/python3.12/site-packages/fastapi/applications.py:4681
Python Tests	UNKNOWN STEP	2026-08-09T16:50:11.3033334Z ../../../../../opt/hostedtoolcache/Python/3.12.13/x64/lib/python3.12/site-packages/fastapi/applications.py:4681
Python Tests	UNKNOWN STEP	2026-08-09T16:50:11.3034190Z ../../../../../opt/hostedtoolcache/Python/3.12.13/x64/lib/python3.12/site-packages/fastapi/applications.py:4681
Python Tests	UNKNOWN STEP	2026-08-09T16:50:11.3035120Z   /opt/hostedtoolcache/Python/3.12.13/x64/lib/python3.12/site-packages/fastapi/applications.py:4681: DeprecationWarning: 
Python Tests	UNKNOWN STEP	2026-08-09T16:50:11.3035895Z           on_event is deprecated, use lifespan event handlers instead.
Python Tests	UNKNOWN STEP	2026-08-09T16:50:11.3036276Z   
Python Tests	UNKNOWN STEP	2026-08-09T16:50:11.3036465Z           Read more about it in the
Python Tests	UNKNOWN STEP	2026-08-09T16:50:11.3036878Z           [FastAPI docs for Lifespan Events](https://fastapi.tiangolo.com/advanced/events/).
Python Tests	UNKNOWN STEP	2026-08-09T16:50:11.3037299Z           
Python Tests	UNKNOWN STEP	2026-08-09T16:50:11.3037587Z     return self.router.on_event(event_type)  # ty: ignore[deprecated]
Python Tests	UNKNOWN STEP	2026-08-09T16:50:11.3037872Z 
Python Tests	UNKNOWN STEP	2026-08-09T16:50:11.3038209Z tools/test_dirty_import_files.py::test_dirty_mutations_no_exceptions[double_header]
Python Tests	UNKNOWN STEP	2026-08-09T16:50:11.3040067Z   /home/runner/work/Aurora_Econometrica/Aurora_Econometrica/sidecar/econometrica/engines/planning.py:118: UserWarning: Could not infer format, so each element will be parsed individually, falling back to `dateutil`. To ensure parsing is consistent and as-expected, please specify a format.
Python Tests	UNKNOWN STEP	2026-08-09T16:50:11.3041314Z     work[date_col] = pd.to_datetime(work[date_col], errors="coerce")
Python Tests	UNKNOWN STEP	2026-08-09T16:50:11.3041579Z 
Python Tests	UNKNOWN STEP	2026-08-09T16:50:11.3041822Z tools/test_dirty_import_files.py::test_dirty_mutations_no_exceptions[double_header]
Python Tests	UNKNOWN STEP	2026-08-09T16:50:11.3043064Z   /home/runner/work/Aurora_Econometrica/Aurora_Econometrica/sidecar/econometrica/engines/validator.py:549: UserWarning: Could not infer format, so each element will be parsed individually, falling back to `dateutil`. To ensure parsing is consistent and as-expected, please specify a format.
Python Tests	UNKNOWN STEP	2026-08-09T16:50:11.3044229Z     _dates = pd.to_datetime(df[col], errors='coerce').dropna()
Python Tests	UNKNOWN STEP	2026-08-09T16:50:11.3044472Z 
Python Tests	UNKNOWN STEP	2026-08-09T16:50:11.3044701Z tools/test_dirty_import_files.py::test_dirty_mutations_no_exceptions[double_header]
Python Tests	UNKNOWN STEP	2026-08-09T16:50:11.3046082Z   /home/runner/work/Aurora_Econometrica/Aurora_Econometrica/sidecar/econometrica/engines/validator.py:274: UserWarning: Could not infer format, so each element will be parsed individually, falling back to `dateutil`. To ensure parsing is consistent and as-expected, please specify a format.
Python Tests	UNKNOWN STEP	2026-08-09T16:50:11.3047220Z     dates = pd.to_datetime(series.dropna()).sort_values()
Python Tests	UNKNOWN STEP	2026-08-09T16:50:11.3047451Z 
Python Tests	UNKNOWN STEP	2026-08-09T16:50:11.3047677Z tools/test_dirty_import_files.py::test_dirty_mutations_no_exceptions[double_header]
Python Tests	UNKNOWN STEP	2026-08-09T16:50:11.3048901Z   /home/runner/work/Aurora_Econometrica/Aurora_Econometrica/sidecar/econometrica/engines/validator.py:882: UserWarning: Could not infer format, so each element will be parsed individually, falling back to `dateutil`. To ensure parsing is consistent and as-expected, please specify a format.
Python Tests	UNKNOWN STEP	2026-08-09T16:50:11.3050409Z     df[date_col] = pd.to_datetime(df[date_col])
Python Tests	UNKNOWN STEP	2026-08-09T16:50:11.3050626Z 
Python Tests	UNKNOWN STEP	2026-08-09T16:50:11.3050906Z tools/test_server_promises.py::test_full_cycle_create_list_check
Python Tests	UNKNOWN STEP	2026-08-09T16:50:11.3051857Z   /opt/hostedtoolcache/Python/3.12.13/x64/lib/python3.12/site-packages/fastapi/testclient.py:1: StarletteDeprecationWarning: Using `httpx` with `starlette.testclient` is deprecated; install `httpx2` instead.
Python Tests	UNKNOWN STEP	2026-08-09T16:50:11.3052790Z     from starlette.testclient import TestClient as TestClient  # noqa
Python Tests	UNKNOWN STEP	2026-08-09T16:50:11.3053072Z 
Python Tests	UNKNOWN STEP	2026-08-09T16:50:11.3053282Z -- Docs: https://docs.pytest.org/en/stable/how-to/capture-warnings.html
Python Tests	UNKNOWN STEP	2026-08-09T16:50:11.3053725Z =========================== short test summary info ============================
Python Tests	UNKNOWN STEP	2026-08-09T16:50:11.3054252Z SKIPPED [1] tools/test_mcmc_params_backend.py:48: could not import 'numpyro': No module named 'numpyro'
Python Tests	UNKNOWN STEP	2026-08-09T16:50:11.3055095Z SKIPPED [1] tools/test_collapse_top_groups.py:105: фикстура mmx_4groups недоступна
Python Tests	UNKNOWN STEP	2026-08-09T16:50:11.3055685Z SKIPPED [1] tools/test_fourier_integration.py:64: could not import 'pymc': No module named 'pymc'
Python Tests	UNKNOWN STEP	2026-08-09T16:50:11.3056327Z SKIPPED [1] tools/test_fourier_integration.py:83: could not import 'pymc': No module named 'pymc'
Python Tests	UNKNOWN STEP	2026-08-09T16:50:11.3056943Z SKIPPED [1] tools/test_fourier_integration.py:103: could not import 'pymc': No module named 'pymc'
Python Tests	UNKNOWN STEP	2026-08-09T16:50:11.3057555Z SKIPPED [1] tools/test_fourier_integration.py:121: could not import 'pymc': No module named 'pymc'
Python Tests	UNKNOWN STEP	2026-08-09T16:50:11.3058164Z SKIPPED [1] tools/test_fourier_integration.py:162: could not import 'pymc': No module named 'pymc'
Python Tests	UNKNOWN STEP	2026-08-09T16:50:11.3058778Z SKIPPED [1] tools/test_fourier_integration.py:198: could not import 'pymc': No module named 'pymc'
Python Tests	UNKNOWN STEP	2026-08-09T16:50:11.3059673Z SKIPPED [1] tools/test_sprint_buffer_43_44_45_polish.py:68: aurora_pptx not importable in test env
Python Tests	UNKNOWN STEP	2026-08-09T16:50:11.3060444Z SKIPPED [1] tools/test_weibull_recovery.py:282: Requires B2 - learnable Weibull в modeler.py. Un-skip after B2 ship.
Python Tests	UNKNOWN STEP	2026-08-09T16:50:11.3061188Z SKIPPED [1] tools/test_weibull_recovery.py:291: Requires B2 - learnable Weibull в modeler.py.
Python Tests	UNKNOWN STEP	2026-08-09T16:50:11.3061887Z SKIPPED [1] tools/test_weibull_recovery.py:303: Requires B2 + JAX backend.
Python Tests	UNKNOWN STEP	2026-08-09T16:50:11.3062398Z SKIPPED [1] tools/test_weibull_recovery.py:309: Requires B2 + scipy MLE warm-start.
Python Tests	UNKNOWN STEP	2026-08-09T16:50:11.3062920Z SKIPPED [1] tools/test_phase2_synergies.py:96: Conformal not available in this env
Python Tests	UNKNOWN STEP	2026-08-09T16:50:11.3063498Z SKIPPED [1] tools/test_scenario_seasonality.py:108: could not import 'pymc': No module named 'pymc'
Python Tests	UNKNOWN STEP	2026-08-09T16:50:11.3064460Z FAILED tools/test_validator_numeric_role_gate.py::TestValidateDataNumericGate::test_money_string_control_kept - AssertionError: assert 'error' != 'error'
Python Tests	UNKNOWN STEP	2026-08-09T16:50:11.3065208Z =========== 1 failed, 2279 passed, 15 skipped, 13 warnings in 49.06s ===========
Python Tests	UNKNOWN STEP	2026-08-09T16:50:11.3725242Z ##[error]Process completed with exit code 1.
Python Tests	UNKNOWN STEP	2026-08-09T16:50:11.3877087Z Post job cleanup.
Python Tests	UNKNOWN STEP	2026-08-09T16:50:11.3881465Z ##[start-action display=Setup Python (with pip cache);id=__89c313a0-78c0-4a94-b741-4c333cf38088.__actions_setup-python]
Python Tests	UNKNOWN STEP	2026-08-09T16:50:11.3883961Z ##[end-action id=__89c313a0-78c0-4a94-b741-4c333cf38088.__actions_setup-python;outcome=skipped;conclusion=skipped;duration_ms=0]
Python Tests	UNKNOWN STEP	2026-08-09T16:50:11.3968032Z Node 20 is being deprecated. This workflow is running with Node 24 by default. If you need to temporarily use Node 20, you can set the ACTIONS_ALLOW_USE_UNSECURE_NODE_VERSION=true environment variable. For more information see: https://github.blog/changelog/2025-09-19-deprecation-of-node-20-on-github-actions-runners/
Python Tests	UNKNOWN STEP	2026-08-09T16:50:11.3969485Z Post job cleanup.
Python Tests	UNKNOWN STEP	2026-08-09T16:50:11.4804627Z [command]/usr/bin/git version
Python Tests	UNKNOWN STEP	2026-08-09T16:50:11.4848436Z git version 2.54.0
Python Tests	UNKNOWN STEP	2026-08-09T16:50:11.4917634Z Temporarily overriding HOME='/home/runner/work/_temp/6031beeb-dbb8-4deb-9bc3-b4e75de4b2ca' before making global git config changes
Python Tests	UNKNOWN STEP	2026-08-09T16:50:11.4918986Z Adding repository directory to the temporary git global config as a safe directory
Python Tests	UNKNOWN STEP	2026-08-09T16:50:11.4923869Z [command]/usr/bin/git config --global --add safe.directory /home/runner/work/Aurora_Econometrica/Aurora_Econometrica
Python Tests	UNKNOWN STEP	2026-08-09T16:50:11.4963178Z [command]/usr/bin/git config --local --name-only --get-regexp core\.sshCommand
Python Tests	UNKNOWN STEP	2026-08-09T16:50:11.5001101Z [command]/usr/bin/git submodule foreach --recursive sh -c "git config --local --name-only --get-regexp 'core\.sshCommand' && git config --local --unset-all 'core.sshCommand' || :"
Python Tests	UNKNOWN STEP	2026-08-09T16:50:11.5247761Z [command]/usr/bin/git config --local --name-only --get-regexp http\.https\:\/\/github\.com\/\.extraheader
Python Tests	UNKNOWN STEP	2026-08-09T16:50:11.5284784Z http.https://github.com/.extraheader
Python Tests	UNKNOWN STEP	2026-08-09T16:50:11.5297971Z [command]/usr/bin/git config --local --unset-all http.https://github.com/.extraheader
Python Tests	UNKNOWN STEP	2026-08-09T16:50:11.5333074Z [command]/usr/bin/git submodule foreach --recursive sh -c "git config --local --name-only --get-regexp 'http\.https\:\/\/github\.com\/\.extraheader' && git config --local --unset-all 'http.https://github.com/.extraheader' || :"
Python Tests	UNKNOWN STEP	2026-08-09T16:50:11.5593586Z [command]/usr/bin/git config --local --name-only --get-regexp ^includeIf\.gitdir:
Python Tests	UNKNOWN STEP	2026-08-09T16:50:11.5635491Z [command]/usr/bin/git submodule foreach --recursive git config --local --show-origin --name-only --get-regexp remote.origin.url
Python Tests	UNKNOWN STEP	2026-08-09T16:50:11.6032187Z Cleaning up orphan processes
Python Tests	UNKNOWN STEP	2026-08-09T16:50:11.6394147Z ##[warning]Node.js 20 is deprecated. The following actions target Node.js 20 but are being forced to run on Node.js 24: actions/checkout@v4, actions/setup-python@v5. For more information see: https://github.blog/changelog/2025-09-19-deprecation-of-node-20-on-github-actions-runners/
