
 RUN  v4.1.2 D:/Docs/Aurora_Ai/Dev/Aurora_Econometrica_thinwt

 ❯ src/lib/__tests__/insights-rules-refusal-honesty.test.js (7 tests | 1 failed) 11ms
     × при отказе не обещает надёжность, а несёт согласованную фразу 6ms

⎯⎯⎯⎯⎯⎯⎯ Failed Tests 1 ⎯⎯⎯⎯⎯⎯⎯

 FAIL  src/lib/__tests__/insights-rules-refusal-honesty.test.js > сводка отчёта > при отказе не обещает надёжность, а несёт согласованную фразу
AssertionError: расчёт не сошёлся, а сводка обещает «Результаты надёжны.»: expected '🎯 Модель: MQS 88 (Отличное) · R² 0.9…' not to contain 'Результаты надёжны.'

- Expected
+ Received

- Результаты надёжны.
+ 🎯 Модель: MQS 88 (Отличное) · R² 0.970 · MAPE 3.0% · Ratio 12.0:1. Результаты надёжны. Рекомендация: используйте выводы отчёта для бюджетных решений. Спецификация модели, priors и правдоподобные диапазоны экспортируются в PPTX/MD/XLSX для воспроизводимости.
+
+ Валидационный критерий: посмотрите график «Факт vs Прогноз» в отчёте – линии должны накладываться без систематического смещения.
+ ✅ Декомпозиция: здоровый mix – base 60% / медиа 40%. Рекомендация: сбалансированная модель. Реклама драйвит существенную долю продаж, бренд имеет органическую базу. Фокус – на эффективности перекладки.
+
+ Главный драйвер продаж: TV (40% от медиа-вклада, ROI 2.10×).
+ 📈 Оптимизация: +12.0% – умеренный, но значимый потенциал. Рекомендация: перекладка даст устойчивый прирост. Текущий план близок к рациональному – радикальной перестройки не требуется. Пилот на 20% бюджета для подтверждения.
+ 💼 Сценарии: не сохранены. Рекомендация: вернитесь в блок E (Оптимизация → Сценарный анализ) и сохраните хотя бы 2 плана для сравнения – Baseline и Optimal. Это позволит отчёту показать альтернативы и обосновать решения.
+ 📤 Форматы экспорта: • PPTX – для презентации заказчику/команде: executive summary, спецификация модели, декомпозиция, ROI, оптимизация.
+ • XLSX – для аналитиков: метрики, спецификация, декомпозиция, ROI, Spend vs Effect, оптимизация, сырые time-series данные для собственных графиков, глоссарий.
+ • HTML – интерактивный отчёт для удалённых клиентов: standalone-файл с живыми графиками (ECharts), waterfall, ROI, Spend vs Effect, динамика по периодам, оптимизация, сценарии. Открывается в любом браузере без установки приложения – отправляется как ссылка или вложение.
+
+ Все три формата содержат одну аналитику – выбирайте по аудитории и каналу доставки. К каждому файлу – автоматически генерируемый сопроводительный текст с описанием модели, результатов и ограничений.

 ❯ src/lib/__tests__/insights-rules-refusal-honesty.test.js:98:75
     96|     const text = joined(reportInsights(reportCtx(true)));
     97|     for (const phrase of ENDORSEMENTS) {
     98|       expect(text, `расчёт не сошёлся, а сводка обещает «${phrase}»`).…
       |                                                                           ^
     99|     }
    100|     expect(text).toContain(RELIABILITY_STATEMENT_REFUSED);

⎯⎯⎯⎯⎯⎯⎯⎯⎯⎯⎯⎯⎯⎯⎯⎯⎯⎯⎯⎯⎯⎯⎯⎯[1/1]⎯


 Test Files  1 failed (1)
      Tests  1 failed | 6 passed (7)
   Start at  22:57:05
   Duration  1.17s (transform 141ms, setup 109ms, import 271ms, tests 11ms, environment 635ms)

