=== npm run check ===

> aurora-ai-agency@2.4.5 check
> svelte-kit sync && svelte-check --tsconfig ./jsconfig.json

1786303691479 START "d:\\Docs\\Aurora_Ai\\Dev\\Aurora_Econometrica_thinwt"
1786303691491 WARNING "src\\lib\\components\\CabinetOnboarding.svelte" 395:5 "Unused CSS selector \".onboarding-card\"\nhttps://svelte.dev/e/css_unused_selector"
1786303691491 WARNING "src\\lib\\components\\CommandCard.svelte" 151:5 "Also define the standard property 'line-clamp' for compatibility"
1786303691491 WARNING "src\\lib\\components\\CommandPalette.svelte" 425:5 "Unused CSS selector \".overlay\"\nhttps://svelte.dev/e/css_unused_selector"
1786303691491 WARNING "src\\lib\\components\\CommandPanel.svelte" 109:9 "Buttons and links should either contain text or have an `aria-label`, `aria-labelledby` or `title` attribute\nhttps://svelte.dev/e/a11y_consider_explicit_label"
1786303691492 WARNING "src\\lib\\components\\Tooltip.svelte" 45:21 "This reference only captures the initial value of `id`. Did you mean to reference it inside a closure instead?\nhttps://svelte.dev/e/state_referenced_locally"
1786303691492 WARNING "src\\lib\\components\\ConfigPanel.svelte" 559:5 "A form label must be associated with a control\nhttps://svelte.dev/e/a11y_label_has_associated_control"
1786303691492 WARNING "src\\lib\\components\\ConfigPanel.svelte" 573:7 "Visible, non-interactive elements with a click event must be accompanied by a keyboard event handler. Consider whether an interactive element such as `<button type=\"button\">` or `<a>` might be more appropriate\nhttps://svelte.dev/e/a11y_click_events_have_key_events"
1786303691492 WARNING "src\\lib\\components\\ConfigPanel.svelte" 589:5 "A form label must be associated with a control\nhttps://svelte.dev/e/a11y_label_has_associated_control"
1786303691492 WARNING "src\\lib\\components\\ConfigPanel.svelte" 605:5 "A form label must be associated with a control\nhttps://svelte.dev/e/a11y_label_has_associated_control"
1786303691492 WARNING "src\\lib\\components\\ConfigPanel.svelte" 645:9 "Visible, non-interactive elements with a click event must be accompanied by a keyboard event handler. Consider whether an interactive element such as `<button type=\"button\">` or `<a>` might be more appropriate\nhttps://svelte.dev/e/a11y_click_events_have_key_events"
1786303691492 WARNING "src\\lib\\components\\ConfigPanel.svelte" 699:11 "A form label must be associated with a control\nhttps://svelte.dev/e/a11y_label_has_associated_control"
1786303691492 WARNING "src\\lib\\components\\ExpandableCard.svelte" 54:3 "Elements with the 'dialog' interactive role must have a tabindex value\nhttps://svelte.dev/e/a11y_interactive_supports_focus"
1786303691492 WARNING "src\\lib\\components\\ExpandableCard.svelte" 54:3 "Visible, non-interactive elements with a click event must be accompanied by a keyboard event handler. Consider whether an interactive element such as `<button type=\"button\">` or `<a>` might be more appropriate\nhttps://svelte.dev/e/a11y_click_events_have_key_events"
1786303691492 WARNING "src\\lib\\components\\ExpandableCard.svelte" 61:5 "Non-interactive element `<div>` should not be assigned mouse or keyboard event listeners\nhttps://svelte.dev/e/a11y_no_noninteractive_element_interactions"
1786303691492 WARNING "src\\lib\\components\\GlossaryPanel.svelte" 18:31 "This reference only captures the initial value of `initialTerm`. Did you mean to reference it inside a derived instead?\nhttps://svelte.dev/e/state_referenced_locally"
1786303691492 WARNING "src\\lib\\components\\GlossaryPanel.svelte" 78:1 "Visible, non-interactive elements with a click event must be accompanied by a keyboard event handler. Consider whether an interactive element such as `<button type=\"button\">` or `<a>` might be more appropriate\nhttps://svelte.dev/e/a11y_click_events_have_key_events"
1786303691492 WARNING "src\\lib\\components\\GlossaryPanel.svelte" 78:1 "`<div>` with a click handler must have an ARIA role\nhttps://svelte.dev/e/a11y_no_static_element_interactions"
1786303691492 WARNING "src\\lib\\components\\GlossaryPanel.svelte" 79:3 "Elements with the 'dialog' interactive role must have a tabindex value\nhttps://svelte.dev/e/a11y_interactive_supports_focus"
1786303691492 WARNING "src\\lib\\components\\GlossaryPanel.svelte" 79:3 "Visible, non-interactive elements with a click event must be accompanied by a keyboard event handler. Consider whether an interactive element such as `<button type=\"button\">` or `<a>` might be more appropriate\nhttps://svelte.dev/e/a11y_click_events_have_key_events"
1786303691492 WARNING "src\\lib\\components\\IntroTutorial.svelte" 116:9 "`<svelte:component>` is deprecated in runes mode — components are dynamic by default\nhttps://svelte.dev/e/svelte_component_deprecated"
1786303691492 WARNING "src\\lib\\components\\pipeline\\ChannelCategoriesPanel.svelte" 262:3 "Elements with the 'dialog' interactive role must have a tabindex value\nhttps://svelte.dev/e/a11y_interactive_supports_focus"
1786303691492 WARNING "src\\lib\\components\\pipeline\\ChannelCategoriesPanel.svelte" 262:3 "Visible, non-interactive elements with a click event must be accompanied by a keyboard event handler. Consider whether an interactive element such as `<button type=\"button\">` or `<a>` might be more appropriate\nhttps://svelte.dev/e/a11y_click_events_have_key_events"
1786303691492 WARNING "src\\lib\\components\\pipeline\\ChannelCategoriesPanel.svelte" 263:5 "Visible, non-interactive elements with a click event must be accompanied by a keyboard event handler. Consider whether an interactive element such as `<button type=\"button\">` or `<a>` might be more appropriate\nhttps://svelte.dev/e/a11y_click_events_have_key_events"
1786303691492 WARNING "src\\lib\\components\\pipeline\\ChannelCategoriesPanel.svelte" 263:5 "Non-interactive element `<div>` should not be assigned mouse or keyboard event listeners\nhttps://svelte.dev/e/a11y_no_noninteractive_element_interactions"
1786303691492 WARNING "src\\lib\\components\\pipeline\\ColumnMapper.svelte" 351:7 "Visible, non-interactive elements with a click event must be accompanied by a keyboard event handler. Consider whether an interactive element such as `<button type=\"button\">` or `<a>` might be more appropriate\nhttps://svelte.dev/e/a11y_click_events_have_key_events"
1786303691492 WARNING "src\\lib\\components\\pipeline\\ColumnMapper.svelte" 351:7 "Non-interactive element `<div>` should not be assigned mouse or keyboard event listeners\nhttps://svelte.dev/e/a11y_no_noninteractive_element_interactions"
1786303691492 WARNING "src\\lib\\components\\pipeline\\ConvergenceDashboard.svelte" 456:3 "Unused CSS selector \".chart-panel\"\nhttps://svelte.dev/e/css_unused_selector"
1786303691492 WARNING "src\\lib\\components\\pipeline\\ConvergenceDashboard.svelte" 466:3 "Unused CSS selector \".chart-title\"\nhttps://svelte.dev/e/css_unused_selector"
1786303691492 WARNING "src\\lib\\components\\pipeline\\ConvergenceDashboard.svelte" 549:3 "Unused CSS selector \".help-icon\"\nhttps://svelte.dev/e/css_unused_selector"
1786303691492 WARNING "src\\lib\\components\\pipeline\\ConvergenceDashboard.svelte" 566:3 "Unused CSS selector \".help-icon:hover\"\nhttps://svelte.dev/e/css_unused_selector"
1786303691492 WARNING "src\\lib\\components\\pipeline\\ExpertValidatePanel.svelte" 231:3 "Unused CSS selector \".empty\"\nhttps://svelte.dev/e/css_unused_selector"
1786303691492 WARNING "src\\lib\\components\\pipeline\\ImportStep.svelte" 1039:3 "Unused CSS selector \".engine-selector\"\nhttps://svelte.dev/e/css_unused_selector"
1786303691492 WARNING "src\\lib\\components\\pipeline\\ImportStep.svelte" 1046:3 "Unused CSS selector \".engine-title\"\nhttps://svelte.dev/e/css_unused_selector"
1786303691492 WARNING "src\\lib\\components\\pipeline\\ImportStep.svelte" 1052:3 "Unused CSS selector \".engine-options\"\nhttps://svelte.dev/e/css_unused_selector"
1786303691492 WARNING "src\\lib\\components\\pipeline\\ImportStep.svelte" 1053:3 "Unused CSS selector \".engine-radio\"\nhttps://svelte.dev/e/css_unused_selector"
1786303691492 WARNING "src\\lib\\components\\pipeline\\ImportStep.svelte" 1063:3 "Unused CSS selector \".engine-radio:hover\"\nhttps://svelte.dev/e/css_unused_selector"
1786303691492 WARNING "src\\lib\\components\\pipeline\\ImportStep.svelte" 1067:3 "Unused CSS selector \".engine-radio.active\"\nhttps://svelte.dev/e/css_unused_selector"
1786303691492 WARNING "src\\lib\\components\\pipeline\\ImportStep.svelte" 1071:3 "Unused CSS selector \".engine-radio input[type=\"radio\"]\"\nhttps://svelte.dev/e/css_unused_selector"
1786303691492 WARNING "src\\lib\\components\\pipeline\\ImportStep.svelte" 1081:3 "Unused CSS selector \".engine-radio.active input[type=\"radio\"]\"\nhttps://svelte.dev/e/css_unused_selector"
1786303691492 WARNING "src\\lib\\components\\pipeline\\ImportStep.svelte" 1082:3 "Unused CSS selector \".engine-radio.active input[type=\"radio\"]::after\"\nhttps://svelte.dev/e/css_unused_selector"
1786303691492 WARNING "src\\lib\\components\\pipeline\\ImportStep.svelte" 1088:3 "Unused CSS selector \".engine-content\"\nhttps://svelte.dev/e/css_unused_selector"
1786303691492 WARNING "src\\lib\\components\\pipeline\\ImportStep.svelte" 1089:3 "Unused CSS selector \".engine-label\"\nhttps://svelte.dev/e/css_unused_selector"
1786303691492 WARNING "src\\lib\\components\\pipeline\\ImportStep.svelte" 1095:3 "Unused CSS selector \".engine-icon\"\nhttps://svelte.dev/e/css_unused_selector"
1786303691492 WARNING "src\\lib\\components\\pipeline\\ImportStep.svelte" 1096:3 "Unused CSS selector \".engine-recommend\"\nhttps://svelte.dev/e/css_unused_selector"
1786303691492 WARNING "src\\lib\\components\\pipeline\\ImportStep.svelte" 1107:3 "Unused CSS selector \".engine-desc\"\nhttps://svelte.dev/e/css_unused_selector"
1786303691492 WARNING "src\\lib\\components\\pipeline\\ImportStep.svelte" 1224:3 "Unused CSS selector \".intro-btn.primary\"\nhttps://svelte.dev/e/css_unused_selector"
1786303691492 WARNING "src\\lib\\components\\pipeline\\KPISelector.svelte" 152:15 "`<svelte:component>` is deprecated in runes mode — components are dynamic by default\nhttps://svelte.dev/e/svelte_component_deprecated"
1786303691492 WARNING "src\\lib\\components\\pipeline\\KPISelector.svelte" 189:15 "`<svelte:component>` is deprecated in runes mode — components are dynamic by default\nhttps://svelte.dev/e/svelte_component_deprecated"
1786303691492 WARNING "src\\lib\\components\\pipeline\\MultiScenarioPage.svelte" 401:17 "Redundant role 'row'\nhttps://svelte.dev/e/a11y_no_redundant_roles"
1786303691492 WARNING "src\\lib\\components\\pipeline\\WhyThisStep.svelte" 28:23 "This reference only captures the initial value of `defaultOpen`. Did you mean to reference it inside a closure instead?\nhttps://svelte.dev/e/state_referenced_locally"
1786303691492 WARNING "src\\lib\\components\\pipeline\\OptimizeGoalSeek.svelte" 277:3 "Non-interactive element `<section>` cannot have interactive role 'radiogroup'\nhttps://svelte.dev/e/a11y_no_noninteractive_element_to_interactive_role"
1786303691492 WARNING "src\\lib\\components\\pipeline\\OptimizeStep.svelte" 2575:9 "A form label must be associated with a control\nhttps://svelte.dev/e/a11y_label_has_associated_control"
1786303691492 WARNING "src\\lib\\components\\pipeline\\OptimizeStep.svelte" 3082:3 "Unused CSS selector \".preview-content p\"\nhttps://svelte.dev/e/css_unused_selector"
1786303691492 WARNING "src\\lib\\components\\pipeline\\OptimizeStep.svelte" 3362:3 "Unused CSS selector \".forecast-avg b\"\nhttps://svelte.dev/e/css_unused_selector"
1786303691492 WARNING "src\\lib\\components\\pipeline\\OptimizeStep.svelte" 3405:3 "Unused CSS selector \".mode-radio input\"\nhttps://svelte.dev/e/css_unused_selector"
1786303691492 WARNING "src\\lib\\components\\pipeline\\OptimizeStep.svelte" 3519:3 "Unused CSS selector \".forecast-disclosure[open] .forecast-arrow\"\nhttps://svelte.dev/e/css_unused_selector"
1786303691492 WARNING "src\\lib\\components\\pipeline\\OptimizeStep.svelte" 3546:3 "Unused CSS selector \".forecast-disclosure > .forecast-mode\"\nhttps://svelte.dev/e/css_unused_selector"
1786303691492 WARNING "src\\lib\\components\\pipeline\\OptimizeStep.svelte" 3547:3 "Unused CSS selector \".forecast-disclosure > .forecast-table\"\nhttps://svelte.dev/e/css_unused_selector"
1786303691492 WARNING "src\\lib\\components\\pipeline\\OptimizeStep.svelte" 3548:3 "Unused CSS selector \".forecast-disclosure > .forecast-actions\"\nhttps://svelte.dev/e/css_unused_selector"
1786303691492 WARNING "src\\lib\\components\\pipeline\\OptimizeStep.svelte" 3549:3 "Unused CSS selector \".forecast-disclosure > .whatif-compare\"\nhttps://svelte.dev/e/css_unused_selector"
1786303691492 WARNING "src\\lib\\components\\pipeline\\OptimizeStep.svelte" 3550:3 "Unused CSS selector \".forecast-disclosure > .inline-error\"\nhttps://svelte.dev/e/css_unused_selector"
1786303691492 WARNING "src\\lib\\components\\pipeline\\OptimizeStep.svelte" 3551:3 "Unused CSS selector \".forecast-disclosure > .inline-success\"\nhttps://svelte.dev/e/css_unused_selector"
1786303691492 WARNING "src\\lib\\components\\pipeline\\OptimizeStep.svelte" 3552:3 "Unused CSS selector \".forecast-disclosure > .forecast-actions\"\nhttps://svelte.dev/e/css_unused_selector"
1786303691492 WARNING "src\\lib\\components\\pipeline\\PerChannelInputSelector.svelte" 107:5 "This reference only captures the initial value of `currentSelection`. Did you mean to reference it inside a derived instead?\nhttps://svelte.dev/e/state_referenced_locally"
1786303691492 WARNING "src\\lib\\components\\pipeline\\PerChannelInputSelector.svelte" 108:14 "This reference only captures the initial value of `currentSelection`. Did you mean to reference it inside a derived instead?\nhttps://svelte.dev/e/state_referenced_locally"
1786303691492 WARNING "src\\lib\\components\\pipeline\\PerChannelInputSelector.svelte" 109:53 "This reference only captures the initial value of `channels`. Did you mean to reference it inside a derived instead?\nhttps://svelte.dev/e/state_referenced_locally"
1786303691492 WARNING "src\\lib\\components\\pipeline\\PerChannelInputSelector.svelte" 325:3 "Unused CSS selector \".lead strong\"\nhttps://svelte.dev/e/css_unused_selector"
1786303691492 WARNING "src\\lib\\components\\pipeline\\PlanningStep.svelte" 936:3 "Do not use empty rulesets"
1786303691492 WARNING "src\\lib\\components\\pipeline\\PlanningStep.svelte" 995:3 "Do not use empty rulesets"
1786303691492 WARNING "src\\lib\\components\\pipeline\\PlanningStep.svelte" 1172:3 "Do not use empty rulesets"
1786303691492 WARNING "src\\lib\\components\\pipeline\\PlanningStep.svelte" 1267:3 "Do not use empty rulesets"
1786303691492 WARNING "src\\lib\\components\\pipeline\\PlanningStep.svelte" 1269:3 "Do not use empty rulesets"
1786303691492 WARNING "src\\lib\\components\\pipeline\\ReportStep.svelte" 1420:3 "Unused CSS selector \".export-buttons\"\nhttps://svelte.dev/e/css_unused_selector"
1786303691492 WARNING "src\\lib\\components\\pipeline\\ReportStep.svelte" 1426:3 "Unused CSS selector \".btn-export\"\nhttps://svelte.dev/e/css_unused_selector"
1786303691492 WARNING "src\\lib\\components\\pipeline\\ReportStep.svelte" 1439:3 "Unused CSS selector \".btn-export.primary\"\nhttps://svelte.dev/e/css_unused_selector"
1786303691492 WARNING "src\\lib\\components\\pipeline\\ReportStep.svelte" 1443:3 "Unused CSS selector \".btn-export.secondary\"\nhttps://svelte.dev/e/css_unused_selector"
1786303691492 WARNING "src\\lib\\components\\pipeline\\ReportStep.svelte" 1448:3 "Unused CSS selector \".btn-export.pptx\"\nhttps://svelte.dev/e/css_unused_selector"
1786303691492 WARNING "src\\lib\\components\\pipeline\\ReportStep.svelte" 1453:3 "Unused CSS selector \".btn-export.html\"\nhttps://svelte.dev/e/css_unused_selector"
1786303691492 WARNING "src\\lib\\components\\pipeline\\ReportStep.svelte" 1458:3 "Unused CSS selector \".btn-export:hover:not(:disabled)\"\nhttps://svelte.dev/e/css_unused_selector"
1786303691492 WARNING "src\\lib\\components\\pipeline\\ReportStep.svelte" 1459:3 "Unused CSS selector \".btn-export:disabled\"\nhttps://svelte.dev/e/css_unused_selector"
1786303691492 WARNING "src\\lib\\components\\pipeline\\ReportStep.svelte" 1460:3 "Unused CSS selector \".btn-icon\"\nhttps://svelte.dev/e/css_unused_selector"
1786303691492 WARNING "src\\lib\\components\\pipeline\\ReportStep.svelte" 1569:3 "Unused CSS selector \".export-hint\"\nhttps://svelte.dev/e/css_unused_selector"
1786303691493 WARNING "src\\lib\\components\\pipeline\\ReportStep.svelte" 1693:3 "Unused CSS selector \".btn-more\"\nhttps://svelte.dev/e/css_unused_selector"
1786303691493 WARNING "src\\lib\\components\\pipeline\\ReportStep.svelte" 1704:3 "Unused CSS selector \".btn-more:hover\"\nhttps://svelte.dev/e/css_unused_selector"
1786303691493 WARNING "src\\lib\\components\\pipeline\\ReportStep.svelte" 1928:5 "Unused CSS selector \".spinner-sm\"\nhttps://svelte.dev/e/css_unused_selector"
1786303691493 WARNING "src\\lib\\components\\pipeline\\wizard\\StepTargetConfirm.svelte" 608:5 "Also define the standard property 'appearance' for compatibility"
1786303691493 WARNING "src\\lib\\components\\pipeline\\ScenarioWizard.svelte" 644:3 "Unused CSS selector \".step-placeholder\"\nhttps://svelte.dev/e/css_unused_selector"
1786303691493 WARNING "src\\lib\\components\\pipeline\\ScenarioWizard.svelte" 651:3 "Unused CSS selector \".step-placeholder h2\"\nhttps://svelte.dev/e/css_unused_selector"
1786303691493 WARNING "src\\lib\\components\\pipeline\\ScenarioWizard.svelte" 658:3 "Unused CSS selector \".step-placeholder-body\"\nhttps://svelte.dev/e/css_unused_selector"
1786303691493 WARNING "src\\lib\\components\\pipeline\\ValuePerCountUnitInput.svelte" 28:28 "This reference only captures the initial value of `currentValue`. Did you mean to reference it inside a derived instead?\nhttps://svelte.dev/e/state_referenced_locally"
1786303691493 WARNING "src\\lib\\components\\pipeline\\ValuePerCountUnitInput.svelte" 28:44 "This reference only captures the initial value of `autoValue`. Did you mean to reference it inside a derived instead?\nhttps://svelte.dev/e/state_referenced_locally"
1786303691493 WARNING "src\\lib\\components\\pipeline\\ValuePerCountUnitInput.svelte" 29:24 "This reference only captures the initial value of `autoValue`. Did you mean to reference it inside a derived instead?\nhttps://svelte.dev/e/state_referenced_locally"
1786303691493 WARNING "src\\lib\\components\\pipeline\\ValuePerCountUnitInput.svelte" 29:58 "This reference only captures the initial value of `autoValue`. Did you mean to reference it inside a derived instead?\nhttps://svelte.dev/e/state_referenced_locally"
1786303691493 WARNING "src\\lib\\components\\pipeline\\ValidateStepV13.svelte" 352:6 "This reference only captures the initial value of `kpiConfirmed`. Did you mean to reference it inside a derived instead?\nhttps://svelte.dev/e/state_referenced_locally"
1786303691493 WARNING "src\\lib\\components\\pipeline\\ValidateStepV13.svelte" 352:28 "This reference only captures the initial value of `rolesConfirmed`. Did you mean to reference it inside a derived instead?\nhttps://svelte.dev/e/state_referenced_locally"
1786303691493 WARNING "src\\lib\\components\\pipeline\\ValidateStepV13.svelte" 437:54 "This reference only captures the initial value of `subStep`. Did you mean to reference it inside a closure instead?\nhttps://svelte.dev/e/state_referenced_locally"
1786303691493 WARNING "src\\lib\\components\\pipeline\\ValidateStepV13.svelte" 1825:5 "Unused CSS selector \".spinner\"\nhttps://svelte.dev/e/css_unused_selector"
1786303691493 WARNING "src\\routes\\+page.svelte" 630:3 "Unused CSS selector \".quick-actions\"\nhttps://svelte.dev/e/css_unused_selector"
1786303691493 WARNING "src\\routes\\+page.svelte" 638:3 "Unused CSS selector \".qa-card\"\nhttps://svelte.dev/e/css_unused_selector"
1786303691493 WARNING "src\\routes\\+page.svelte" 655:3 "Unused CSS selector \".qa-card:hover\"\nhttps://svelte.dev/e/css_unused_selector"
1786303691493 WARNING "src\\routes\\+page.svelte" 661:3 "Unused CSS selector \".qa-icon\"\nhttps://svelte.dev/e/css_unused_selector"
1786303691493 WARNING "src\\routes\\+page.svelte" 662:3 "Unused CSS selector \".qa-label\"\nhttps://svelte.dev/e/css_unused_selector"
1786303691493 WARNING "src\\routes\\+page.svelte" 663:3 "Unused CSS selector \".qa-desc\"\nhttps://svelte.dev/e/css_unused_selector"
1786303691493 WARNING "src\\routes\\+page.svelte" 665:3 "Unused CSS selector \".cabinets-section\"\nhttps://svelte.dev/e/css_unused_selector"
1786303691493 WARNING "src\\routes\\+page.svelte" 670:3 "Unused CSS selector \".section-header\"\nhttps://svelte.dev/e/css_unused_selector"
1786303691493 WARNING "src\\routes\\+page.svelte" 677:3 "Unused CSS selector \".section-title\"\nhttps://svelte.dev/e/css_unused_selector"
1786303691493 WARNING "src\\routes\\+page.svelte" 687:3 "Unused CSS selector \".section-subtitle\"\nhttps://svelte.dev/e/css_unused_selector"
1786303691493 WARNING "src\\routes\\+page.svelte" 693:3 "Unused CSS selector \".open-error\"\nhttps://svelte.dev/e/css_unused_selector"
1786303691493 WARNING "src\\routes\\+page.svelte" 707:3 "Unused CSS selector \".open-error button\"\nhttps://svelte.dev/e/css_unused_selector"
1786303691493 WARNING "src\\routes\\+page.svelte" 719:3 "Unused CSS selector \".cabinets-grid\"\nhttps://svelte.dev/e/css_unused_selector"
1786303691493 WARNING "src\\routes\\+page.svelte" 725:3 "Unused CSS selector \".card-wrapper\"\nhttps://svelte.dev/e/css_unused_selector"
1786303691493 WARNING "src\\routes\\+page.svelte" 730:3 "Unused CSS selector \".exports-section\"\nhttps://svelte.dev/e/css_unused_selector"
1786303691493 WARNING "src\\routes\\+page.svelte" 734:3 "Unused CSS selector \".exports-title\"\nhttps://svelte.dev/e/css_unused_selector"
1786303691493 WARNING "src\\routes\\+page.svelte" 742:3 "Unused CSS selector \".exports-list\"\nhttps://svelte.dev/e/css_unused_selector"
1786303691493 WARNING "src\\routes\\+page.svelte" 748:3 "Unused CSS selector \".export-row\"\nhttps://svelte.dev/e/css_unused_selector"
1786303691493 WARNING "src\\routes\\+page.svelte" 757:3 "Unused CSS selector \".export-row:hover\"\nhttps://svelte.dev/e/css_unused_selector"
1786303691493 WARNING "src\\routes\\+page.svelte" 761:3 "Unused CSS selector \".export-cab\"\nhttps://svelte.dev/e/css_unused_selector"
1786303691493 WARNING "src\\routes\\+page.svelte" 771:3 "Unused CSS selector \".export-file\"\nhttps://svelte.dev/e/css_unused_selector"
1786303691493 WARNING "src\\routes\\+page.svelte" 780:3 "Unused CSS selector \".share-btn\"\nhttps://svelte.dev/e/css_unused_selector"
1786303691493 WARNING "src\\routes\\+page.svelte" 796:3 "Unused CSS selector \".export-row:hover .share-btn\"\nhttps://svelte.dev/e/css_unused_selector"
1786303691493 WARNING "src\\routes\\+page.svelte" 800:3 "Unused CSS selector \".share-btn:hover\"\nhttps://svelte.dev/e/css_unused_selector"
1786303691493 WARNING "src\\routes\\+page.svelte" 806:3 "Unused CSS selector \".share-targets\"\nhttps://svelte.dev/e/css_unused_selector"
1786303691493 WARNING "src\\routes\\+page.svelte" 813:3 "Unused CSS selector \".target-btn\"\nhttps://svelte.dev/e/css_unused_selector"
1786303691493 WARNING "src\\routes\\+page.svelte" 824:3 "Unused CSS selector \".target-btn:hover\"\nhttps://svelte.dev/e/css_unused_selector"
1786303691493 WARNING "src\\routes\\+page.svelte" 886:3 "Unused CSS selector \".share-success\"\nhttps://svelte.dev/e/css_unused_selector"
1786303691493 WARNING "src\\routes\\+page.svelte" 961:3 "Unused CSS selector \".welcome-brand\"\nhttps://svelte.dev/e/css_unused_selector"
1786303691493 WARNING "src\\routes\\+page.svelte" 969:3 "Unused CSS selector \".welcome-brand h3\"\nhttps://svelte.dev/e/css_unused_selector"
1786303691493 WARNING "src\\routes\\+page.svelte" 970:3 "Unused CSS selector \".welcome-brand p\"\nhttps://svelte.dev/e/css_unused_selector"
1786303691493 WARNING "src\\routes\\+page.svelte" 971:3 "Unused CSS selector \".welcome-input-row\"\nhttps://svelte.dev/e/css_unused_selector"
1786303691493 WARNING "src\\routes\\+page.svelte" 972:3 "Unused CSS selector \".welcome-input\"\nhttps://svelte.dev/e/css_unused_selector"
1786303691493 WARNING "src\\routes\\+page.svelte" 973:3 "Unused CSS selector \".welcome-input:focus\"\nhttps://svelte.dev/e/css_unused_selector"
1786303691493 WARNING "src\\routes\\+page.svelte" 974:3 "Unused CSS selector \".welcome-create-btn\"\nhttps://svelte.dev/e/css_unused_selector"
1786303691493 WARNING "src\\routes\\+page.svelte" 975:3 "Unused CSS selector \".welcome-create-btn:disabled\"\nhttps://svelte.dev/e/css_unused_selector"
1786303691493 WARNING "src\\routes\\+page.svelte" 978:3 "Unused CSS selector \".dash-stats\"\nhttps://svelte.dev/e/css_unused_selector"
1786303691493 WARNING "src\\routes\\+page.svelte" 984:3 "Unused CSS selector \".dash-card\"\nhttps://svelte.dev/e/css_unused_selector"
1786303691493 WARNING "src\\routes\\+page.svelte" 995:3 "Unused CSS selector \".dash-card--wide\"\nhttps://svelte.dev/e/css_unused_selector"
1786303691493 WARNING "src\\routes\\+page.svelte" 996:3 "Unused CSS selector \".dash-value\"\nhttps://svelte.dev/e/css_unused_selector"
1786303691493 WARNING "src\\routes\\+page.svelte" 1005:3 "Unused CSS selector \".dash-label\"\nhttps://svelte.dev/e/css_unused_selector"
1786303691493 WARNING "src\\routes\\+page.svelte" 1193:5 "Unused CSS selector \".cabinet-card\"\nhttps://svelte.dev/e/css_unused_selector"
1786303691493 WARNING "src\\routes\\cabinet\\+page.svelte" 539:3 "Unused CSS selector \".breadcrumb\"\nhttps://svelte.dev/e/css_unused_selector"
1786303691493 WARNING "src\\routes\\cabinet\\+page.svelte" 545:3 "Unused CSS selector \".breadcrumb-logo\"\nhttps://svelte.dev/e/css_unused_selector"
1786303691493 WARNING "src\\routes\\cabinet\\+page.svelte" 553:3 "Unused CSS selector \".breadcrumb-root\"\nhttps://svelte.dev/e/css_unused_selector"
1786303691493 WARNING "src\\routes\\cabinet\\+page.svelte" 612:3 "Unused CSS selector \".breadcrumb-sep\"\nhttps://svelte.dev/e/css_unused_selector"
1786303691493 WARNING "src\\routes\\cabinet\\+page.svelte" 617:3 "Unused CSS selector \".breadcrumb-icon\"\nhttps://svelte.dev/e/css_unused_selector"
1786303691493 WARNING "src\\routes\\cabinet\\+page.svelte" 622:3 "Unused CSS selector \".breadcrumb-name\"\nhttps://svelte.dev/e/css_unused_selector"
1786303691493 WARNING "src\\routes\\cabinet\\+page.svelte" 629:3 "Unused CSS selector \".mastery-badge\"\nhttps://svelte.dev/e/css_unused_selector"
1786303691493 WARNING "src\\routes\\cabinet\\+page.svelte" 642:3 "Unused CSS selector \".brand-badge\"\nhttps://svelte.dev/e/css_unused_selector"
1786303691493 WARNING "src\\routes\\cabinet\\+page.svelte" 868:3 "Unused CSS selector \".header-icon-btn.header-icon-active\"\nhttps://svelte.dev/e/css_unused_selector"
1786303691493 WARNING "src\\routes\\data-chat\\+page.svelte" 289:7 "Buttons and links should either contain text or have an `aria-label`, `aria-labelledby` or `title` attribute\nhttps://svelte.dev/e/a11y_consider_explicit_label"
1786303691493 WARNING "src\\routes\\settings\\+page.svelte" 1199:3 "Unused CSS selector \".raw-fp-btn\"\nhttps://svelte.dev/e/css_unused_selector"
1786303691493 WARNING "src\\routes\\settings\\+page.svelte" 1205:3 "Unused CSS selector \".raw-fp-btn:hover\"\nhttps://svelte.dev/e/css_unused_selector"
1786303691493 WARNING "src\\routes\\settings\\+page.svelte" 1211:3 "Unused CSS selector \".status-card\"\nhttps://svelte.dev/e/css_unused_selector"
1786303691493 WARNING "src\\routes\\settings\\+page.svelte" 1222:3 "Unused CSS selector \".status-card.status-ok\"\nhttps://svelte.dev/e/css_unused_selector"
1786303691493 WARNING "src\\routes\\settings\\+page.svelte" 1227:3 "Unused CSS selector \".status-card.status-error\"\nhttps://svelte.dev/e/css_unused_selector"
1786303691493 WARNING "src\\routes\\settings\\+page.svelte" 1240:3 "Unused CSS selector \".status-dot.ok\"\nhttps://svelte.dev/e/css_unused_selector"
1786303691493 WARNING "src\\routes\\settings\\+page.svelte" 1246:3 "Unused CSS selector \".status-dot.error\"\nhttps://svelte.dev/e/css_unused_selector"
1786303691493 WARNING "src\\routes\\settings\\+page.svelte" 1251:3 "Unused CSS selector \".status-label\"\nhttps://svelte.dev/e/css_unused_selector"
1786303691493 WARNING "src\\routes\\settings\\+page.svelte" 1257:3 "Unused CSS selector \".status-detail\"\nhttps://svelte.dev/e/css_unused_selector"
1786303691493 WARNING "src\\routes\\settings\\+page.svelte" 1263:3 "Unused CSS selector \".btn\"\nhttps://svelte.dev/e/css_unused_selector"
1786303691493 WARNING "src\\routes\\settings\\+page.svelte" 1272:3 "Unused CSS selector \".btn-accent\"\nhttps://svelte.dev/e/css_unused_selector"
1786303691493 WARNING "src\\routes\\settings\\+page.svelte" 1279:3 "Unused CSS selector \".btn-accent:hover\"\nhttps://svelte.dev/e/css_unused_selector"
1786303691493 WARNING "src\\routes\\settings\\+page.svelte" 1291:3 "Unused CSS selector \".metrics-grid\"\nhttps://svelte.dev/e/css_unused_selector"
1786303691493 WARNING "src\\routes\\settings\\+page.svelte" 1298:3 "Unused CSS selector \".metric-card\"\nhttps://svelte.dev/e/css_unused_selector"
1786303691493 WARNING "src\\routes\\settings\\+page.svelte" 1308:3 "Unused CSS selector \".metric-value\"\nhttps://svelte.dev/e/css_unused_selector"
1786303691493 WARNING "src\\routes\\settings\\+page.svelte" 1315:3 "Unused CSS selector \".metric-label\"\nhttps://svelte.dev/e/css_unused_selector"
1786303691493 WARNING "src\\routes\\settings\\+page.svelte" 1323:3 "Unused CSS selector \".metric-detail\"\nhttps://svelte.dev/e/css_unused_selector"
1786303691493 WARNING "src\\routes\\settings\\+page.svelte" 1329:3 "Unused CSS selector \".reset-metrics-btn\"\nhttps://svelte.dev/e/css_unused_selector"
1786303691493 WARNING "src\\routes\\settings\\+page.svelte" 1341:3 "Unused CSS selector \".reset-metrics-btn:hover\"\nhttps://svelte.dev/e/css_unused_selector"
1786303691493 WARNING "src\\routes\\settings\\+page.svelte" 1365:3 "Unused CSS selector \".chart-section\"\nhttps://svelte.dev/e/css_unused_selector"
1786303691493 WARNING "src\\routes\\settings\\+page.svelte" 1371:3 "Unused CSS selector \".chart-title\"\nhttps://svelte.dev/e/css_unused_selector"
1786303691493 WARNING "src\\routes\\settings\\+page.svelte" 1380:3 "Unused CSS selector \".chart-bars\"\nhttps://svelte.dev/e/css_unused_selector"
1786303691493 WARNING "src\\routes\\settings\\+page.svelte" 1386:3 "Unused CSS selector \".chart-row\"\nhttps://svelte.dev/e/css_unused_selector"
1786303691493 WARNING "src\\routes\\settings\\+page.svelte" 1392:3 "Unused CSS selector \".chart-label\"\nhttps://svelte.dev/e/css_unused_selector"
1786303691493 WARNING "src\\routes\\settings\\+page.svelte" 1403:3 "Unused CSS selector \".chart-bar-track\"\nhttps://svelte.dev/e/css_unused_selector"
1786303691493 WARNING "src\\routes\\settings\\+page.svelte" 1411:3 "Unused CSS selector \".chart-bar-fill\"\nhttps://svelte.dev/e/css_unused_selector"
1786303691493 WARNING "src\\routes\\settings\\+page.svelte" 1419:3 "Unused CSS selector \".chart-value\"\nhttps://svelte.dev/e/css_unused_selector"
1786303691493 WARNING "src\\routes\\workflow\\+page.svelte" 119:5 "Buttons and links should either contain text or have an `aria-label`, `aria-labelledby` or `title` attribute\nhttps://svelte.dev/e/a11y_consider_explicit_label"
1786303691493 COMPLETED 4157 FILES 0 ERRORS 177 WARNINGS 31 FILES_WITH_PROBLEMS
EXIT_CHECK=0
=== npm test ===

> aurora-ai-agency@2.4.5 test
> vitest run


 RUN  v4.1.2 D:/Docs/Aurora_Ai/Dev/Aurora_Econometrica_thinwt

22:28:20 [vite-plugin-svelte] src/lib/components/pipeline/ScenarioWizard.svelte:644:2 Unused CSS selector ".step-placeholder"
https://svelte.dev/e/css_unused_selector
22:28:20 [vite-plugin-svelte] src/lib/components/pipeline/ScenarioWizard.svelte:651:2 Unused CSS selector ".step-placeholder h2"
https://svelte.dev/e/css_unused_selector
22:28:20 [vite-plugin-svelte] src/lib/components/pipeline/ScenarioWizard.svelte:658:2 Unused CSS selector ".step-placeholder-body"
https://svelte.dev/e/css_unused_selector
22:28:20 [vite-plugin-svelte] src/lib/components/pipeline/MultiScenarioPage.svelte:401:16 Redundant role 'row'
https://svelte.dev/e/a11y_no_redundant_roles
22:28:20 [vite-plugin-svelte] src/lib/components/pipeline/ConvergenceDashboard.svelte:456:2 Unused CSS selector ".chart-panel"
https://svelte.dev/e/css_unused_selector
22:28:20 [vite-plugin-svelte] src/lib/components/pipeline/ConvergenceDashboard.svelte:466:2 Unused CSS selector ".chart-title"
https://svelte.dev/e/css_unused_selector
22:28:20 [vite-plugin-svelte] src/lib/components/pipeline/ConvergenceDashboard.svelte:549:2 Unused CSS selector ".help-icon"
https://svelte.dev/e/css_unused_selector
22:28:20 [vite-plugin-svelte] src/lib/components/pipeline/ConvergenceDashboard.svelte:566:2 Unused CSS selector ".help-icon:hover"
https://svelte.dev/e/css_unused_selector
22:28:21 [vite-plugin-svelte] src/lib/components/ExpandableCard.svelte:54:2 Elements with the 'dialog' interactive role must have a tabindex value
https://svelte.dev/e/a11y_interactive_supports_focus
22:28:21 [vite-plugin-svelte] src/lib/components/ExpandableCard.svelte:54:2 Visible, non-interactive elements with a click event must be accompanied by a keyboard event handler. Consider whether an interactive element such as `<button type="button">` or `<a>` might be more appropriate
https://svelte.dev/e/a11y_click_events_have_key_events
22:28:21 [vite-plugin-svelte] src/lib/components/ExpandableCard.svelte:61:4 Non-interactive element `<div>` should not be assigned mouse or keyboard event listeners
https://svelte.dev/e/a11y_no_noninteractive_element_interactions
22:28:23 [vite-plugin-svelte] src/lib/components/Tooltip.svelte:45:20 This reference only captures the initial value of `id`. Did you mean to reference it inside a closure instead?
https://svelte.dev/e/state_referenced_locally
Not implemented: navigation to another Document
Not implemented: navigation to another Document
Not implemented: navigation to another Document
Not implemented: navigation to another Document
22:29:39 [vite-plugin-svelte] src/lib/components/ConfigPanel.svelte:559:4 A form label must be associated with a control
https://svelte.dev/e/a11y_label_has_associated_control
22:29:39 [vite-plugin-svelte] src/lib/components/ConfigPanel.svelte:573:6 Visible, non-interactive elements with a click event must be accompanied by a keyboard event handler. Consider whether an interactive element such as `<button type="button">` or `<a>` might be more appropriate
https://svelte.dev/e/a11y_click_events_have_key_events
22:29:39 [vite-plugin-svelte] src/lib/components/ConfigPanel.svelte:589:4 A form label must be associated with a control
https://svelte.dev/e/a11y_label_has_associated_control
22:29:39 [vite-plugin-svelte] src/lib/components/ConfigPanel.svelte:605:4 A form label must be associated with a control
https://svelte.dev/e/a11y_label_has_associated_control
22:29:39 [vite-plugin-svelte] src/lib/components/ConfigPanel.svelte:645:8 Visible, non-interactive elements with a click event must be accompanied by a keyboard event handler. Consider whether an interactive element such as `<button type="button">` or `<a>` might be more appropriate
https://svelte.dev/e/a11y_click_events_have_key_events
22:29:39 [vite-plugin-svelte] src/lib/components/ConfigPanel.svelte:699:10 A form label must be associated with a control
https://svelte.dev/e/a11y_label_has_associated_control

 Test Files  98 passed (98)
      Tests  1458 passed (1458)
   Start at  22:28:13
   Duration  88.25s (transform 369.92s, setup 20.43s, import 1284.00s, tests 19.97s, environment 182.25s)

EXIT_TEST=0
