
 RUN  v4.1.2 D:/Docs/Aurora_Ai/Dev/Aurora_Econometrica_thinwt

23:06:02 [vite-plugin-svelte] src/lib/components/pipeline/ConvergenceDashboard.svelte:456:2 Unused CSS selector ".chart-panel"
https://svelte.dev/e/css_unused_selector
23:06:02 [vite-plugin-svelte] src/lib/components/pipeline/ConvergenceDashboard.svelte:466:2 Unused CSS selector ".chart-title"
https://svelte.dev/e/css_unused_selector
23:06:02 [vite-plugin-svelte] src/lib/components/pipeline/ConvergenceDashboard.svelte:549:2 Unused CSS selector ".help-icon"
https://svelte.dev/e/css_unused_selector
23:06:02 [vite-plugin-svelte] src/lib/components/pipeline/ConvergenceDashboard.svelte:566:2 Unused CSS selector ".help-icon:hover"
https://svelte.dev/e/css_unused_selector
23:06:02 [vite-plugin-svelte] src/lib/components/pipeline/MultiScenarioPage.svelte:401:16 Redundant role 'row'
https://svelte.dev/e/a11y_no_redundant_roles
23:06:03 [vite-plugin-svelte] src/lib/components/pipeline/ScenarioWizard.svelte:644:2 Unused CSS selector ".step-placeholder"
https://svelte.dev/e/css_unused_selector
23:06:03 [vite-plugin-svelte] src/lib/components/pipeline/ScenarioWizard.svelte:651:2 Unused CSS selector ".step-placeholder h2"
https://svelte.dev/e/css_unused_selector
23:06:03 [vite-plugin-svelte] src/lib/components/pipeline/ScenarioWizard.svelte:658:2 Unused CSS selector ".step-placeholder-body"
https://svelte.dev/e/css_unused_selector
23:06:05 [vite-plugin-svelte] src/lib/components/ExpandableCard.svelte:54:2 Elements with the 'dialog' interactive role must have a tabindex value
https://svelte.dev/e/a11y_interactive_supports_focus
23:06:05 [vite-plugin-svelte] src/lib/components/ExpandableCard.svelte:54:2 Visible, non-interactive elements with a click event must be accompanied by a keyboard event handler. Consider whether an interactive element such as `<button type="button">` or `<a>` might be more appropriate
https://svelte.dev/e/a11y_click_events_have_key_events
23:06:05 [vite-plugin-svelte] src/lib/components/ExpandableCard.svelte:61:4 Non-interactive element `<div>` should not be assigned mouse or keyboard event listeners
https://svelte.dev/e/a11y_no_noninteractive_element_interactions
23:06:06 [vite-plugin-svelte] src/lib/components/Tooltip.svelte:45:20 This reference only captures the initial value of `id`. Did you mean to reference it inside a closure instead?
https://svelte.dev/e/state_referenced_locally
Not implemented: navigation to another Document
Not implemented: navigation to another Document
Not implemented: navigation to another Document
Not implemented: navigation to another Document
23:07:34 [vite-plugin-svelte] src/lib/components/ConfigPanel.svelte:559:4 A form label must be associated with a control
https://svelte.dev/e/a11y_label_has_associated_control
23:07:34 [vite-plugin-svelte] src/lib/components/ConfigPanel.svelte:573:6 Visible, non-interactive elements with a click event must be accompanied by a keyboard event handler. Consider whether an interactive element such as `<button type="button">` or `<a>` might be more appropriate
https://svelte.dev/e/a11y_click_events_have_key_events
23:07:34 [vite-plugin-svelte] src/lib/components/ConfigPanel.svelte:589:4 A form label must be associated with a control
https://svelte.dev/e/a11y_label_has_associated_control
23:07:34 [vite-plugin-svelte] src/lib/components/ConfigPanel.svelte:605:4 A form label must be associated with a control
https://svelte.dev/e/a11y_label_has_associated_control
23:07:34 [vite-plugin-svelte] src/lib/components/ConfigPanel.svelte:645:8 Visible, non-interactive elements with a click event must be accompanied by a keyboard event handler. Consider whether an interactive element such as `<button type="button">` or `<a>` might be more appropriate
https://svelte.dev/e/a11y_click_events_have_key_events
23:07:34 [vite-plugin-svelte] src/lib/components/ConfigPanel.svelte:699:10 A form label must be associated with a control
https://svelte.dev/e/a11y_label_has_associated_control

 Test Files  99 passed (99)
      Tests  1465 passed (1465)
   Start at  23:05:54
   Duration  101.73s (transform 464.94s, setup 24.71s, import 1486.97s, tests 21.32s, environment 195.34s)

