    Blocking waiting for file lock on build directory
   Compiling aurora-econometrica-gui v2.4.5 (D:\Docs\Aurora_Ai\Dev\Aurora_Econometrica_thinwt\src-tauri)
warning: type alias `PathLocks` is never used
   --> src-tauri\src\commands\content_updater.rs:978:6
    |
978 | type PathLocks = std::sync::Mutex<HashMap<PathBuf, std::sync::Arc<tokio::sync::Mutex<()>>>>;
    |      ^^^^^^^^^
    |
    = note: `#[warn(dead_code)]` (part of `#[warn(unused)]`) on by default

warning: function `vault_write_locks` is never used
   --> src-tauri\src\commands\content_updater.rs:980:4
    |
980 | fn vault_write_locks() -> &'static PathLocks {
    |    ^^^^^^^^^^^^^^^^^

warning: function `vault_lock_for` is never used
   --> src-tauri\src\commands\content_updater.rs:986:4
    |
986 | fn vault_lock_for(dest: &Path) -> std::sync::Arc<tokio::sync::Mutex<()>> {
    |    ^^^^^^^^^^^^^^

warning: `aurora-econometrica-gui` (lib) generated 3 warnings
    Finished `test` profile [unoptimized + debuginfo] target(s) in 47.56s
     Running unittests src\lib.rs (D:/cargo-targets/ai-agency\debug\deps\aurora_econometrica_lib-38014719dd52fc59.exe)

running 7 tests
test commands::content_updater::tests::vault_lock_is_keyed_by_target_file ... ok
test commands::content_updater::tests::rejected_preparation_never_touches_the_existing_vault ... ok
test commands::project::atomic_write_tests::project_mutex_serializes_concurrent_locks_same_id ... ok
test commands::content_updater::tests::concurrent_updates_of_one_vault_keep_the_reported_contents ... FAILED
test commands::content_updater::tests::concurrent_failed_updates_leave_the_cabinet_in_place ... FAILED
test metrics::ratings::tests::concurrent_ratings_do_not_lose_any_of_them ... ok
test session::history::tests::concurrent_save_message_does_not_lose_writes ... ok

failures:

---- commands::content_updater::tests::concurrent_updates_of_one_vault_keep_the_reported_contents stdout ----

thread 'commands::content_updater::tests::concurrent_updates_of_one_vault_keep_the_reported_contents' (70320) panicked at src-tauri\src\commands\content_updater.rs:2469:9:
assertion `left == right` failed: на диске обязано лежать содержимое того вызова, что доложил об успешной записи
  left: [131, 176, 67, 70, 206, 67, 58, 174, 243, 211, 93, 65, 230, 64, 255, 150, 177, 140, 67, 43, 60, 152, 47, 129, 89, 29, 148, 57, 215, 123, 192, 12, 104, 215, 193, 47, 164, 69, 204, 200, 168, 49, 99, 100, 193, 46, 33, 0, 35, 98, 249, 200, 64]
 right: [96, 161, 226, 248, 42, 188, 221, 196, 5, 117, 44, 20, 21, 184, 9, 73, 122, 175, 97, 163, 246, 180, 216, 132, 114, 195, 253, 121, 39, 245, 50, 164, 110, 10, 28, 66, 49, 168, 80, 110, 239, 102, 208, 251, 140, 57, 228, 173, 200, 47]
note: run with `RUST_BACKTRACE=1` environment variable to display a backtrace

---- commands::content_updater::tests::concurrent_failed_updates_leave_the_cabinet_in_place stdout ----

thread 'commands::content_updater::tests::concurrent_failed_updates_leave_the_cabinet_in_place' (74560) panicked at src-tauri\src\commands\content_updater.rs:2531:9:
кабинет клиента обязан остаться на диске


failures:
    commands::content_updater::tests::concurrent_failed_updates_leave_the_cabinet_in_place
    commands::content_updater::tests::concurrent_updates_of_one_vault_keep_the_reported_contents

test result: FAILED. 5 passed; 2 failed; 0 ignored; 0 measured; 392 filtered out; finished in 1.59s

error: test failed, to rerun pass `--lib`
