
 RUN  v4.1.2 D:/Docs/Aurora_Ai/Dev/Aurora_Econometrica_thinwt

 ❯ src/lib/__tests__/insights-rules-refusal-honesty.test.js (7 tests | 1 failed) 9ms
     × при отказе не обещает надёжность, а несёт согласованную фразу 7ms

⎯⎯⎯⎯⎯⎯⎯ Failed Tests 1 ⎯⎯⎯⎯⎯⎯⎯

 FAIL  src/lib/__tests__/insights-rules-refusal-honesty.test.js > панель выводов модели > при отказе не обещает надёжность, а несёт согласованную фразу
AssertionError: расчёт не сошёлся, а панель обещает «Результаты надёжны для принятия решений»: expected 'MQS = 88 (Отличное) – высокое качеств…' not to contain 'Результаты надёжны для принятия решен…'

- Expected
+ Received

- Результаты надёжны для принятия решений
+ MQS = 88 (Отличное) – высокое качество модели. Результаты надёжны для принятия решений. Перейдите к Декомпозиции, чтобы увидеть вклад каждого канала, и к Оптимизации – для перераспределения бюджета.
+ Модель не завершила расчёт. Показатель сходимости R-hat = 1.060 – результаты ненадёжны. Увеличьте draws (2000+) и tune (2000+). Если не помогает – упростите модель (меньше каналов).
+ R² = 0.970 – модель объясняет 97% вариации KPI. Очень сильный fit. R² ≥ 90% – модель захватывает почти всю динамику продаж. Прогнозы устойчивы, декомпозиция вкладов правдоподобна.
+ MAPE = 3.0% – крайне низкая ошибка прогноза. Модель точно следует фактической динамике. Индустриальный benchmark: MAPE < 10% = отлично, 10-20% = приемлемо, > 20% = нужны доработки.
+ Структура модели: Байесовская модель с 3 каналами медиа. Каждый канал прошёл через Adstock (отложенный эффект) + Hill saturation (убывающая отдача). Adstock моделирует, что реклама прошлой недели продолжает работать сегодня. Hill – что после определённого порога каждый дополнительный рубль даёт меньше продаж. Это две стандартные нелинейности в эконометрике медиа.

 ❯ src/lib/__tests__/insights-rules-refusal-honesty.test.js:71:75
     69|     const text = joined(modelInsights(modelData('unreliable')));
     70|     for (const phrase of ENDORSEMENTS) {
     71|       expect(text, `расчёт не сошёлся, а панель обещает «${phrase}»`).…
       |                                                                           ^
     72|     }
     73|     expect(text).toContain(RELIABILITY_STATEMENT_REFUSED);

⎯⎯⎯⎯⎯⎯⎯⎯⎯⎯⎯⎯⎯⎯⎯⎯⎯⎯⎯⎯⎯⎯⎯⎯[1/1]⎯


 Test Files  1 failed (1)
      Tests  1 failed | 6 passed (7)
   Start at  22:56:41
   Duration  976ms (transform 105ms, setup 85ms, import 194ms, tests 9ms, environment 546ms)

