   Compiling aurora-econometrica-gui v2.4.5 (D:\Docs\Aurora_Ai\Dev\Aurora_Econometrica_thinwt\src-tauri)
warning: type alias `PathLocks` is never used
   --> src-tauri\src\commands\content_updater.rs:978:6
    |
978 | type PathLocks = std::sync::Mutex<HashMap<PathBuf, std::sync::Arc<tokio::sync::Mutex<()>>>>;
    |      ^^^^^^^^^
    |
    = note: `#[warn(dead_code)]` (part of `#[warn(unused)]`) on by default

warning: function `vault_write_locks` is never used
   --> src-tauri\src\commands\content_updater.rs:980:4
    |
980 | fn vault_write_locks() -> &'static PathLocks {
    |    ^^^^^^^^^^^^^^^^^

warning: function `vault_lock_for` is never used
   --> src-tauri\src\commands\content_updater.rs:986:4
    |
986 | fn vault_lock_for(dest: &Path) -> std::sync::Arc<tokio::sync::Mutex<()>> {
    |    ^^^^^^^^^^^^^^

warning: `aurora-econometrica-gui` (lib) generated 3 warnings
    Finished `test` profile [unoptimized + debuginfo] target(s) in 36.73s
     Running unittests src\lib.rs (D:/cargo-targets/ai-agency\debug\deps\aurora_econometrica_lib-38014719dd52fc59.exe)

running 2 tests
test commands::content_updater::tests::concurrent_updates_of_one_vault_keep_the_reported_contents ... FAILED
test commands::content_updater::tests::concurrent_failed_updates_leave_the_cabinet_in_place ... FAILED

failures:

---- commands::content_updater::tests::concurrent_updates_of_one_vault_keep_the_reported_contents stdout ----

thread 'commands::content_updater::tests::concurrent_updates_of_one_vault_keep_the_reported_contents' (67040) panicked at src-tauri\src\commands\content_updater.rs:2529:9:
assertion `left == right` failed: на диске обязано лежать содержимое того вызова, что доложил об успешной записи
  left: [55, 179, 76, 245, 174, 177, 18, 37, 240, 1, 101, 228, 47, 93, 101, 139, 250, 236, 96, 254, 21, 28, 6, 49, 116, 240, 135, 176, 220, 179, 1, 160, 78, 166, 156, 63, 166, 69, 24, 9, 224, 54, 114, 63, 171, 136, 27, 19, 208, 215, 120, 82, 153]
 right: [149, 214, 59, 247, 103, 208, 157, 159, 205, 111, 198, 169, 41, 53, 153, 248, 82, 164, 100, 206, 152, 89, 249, 34, 23, 123, 96, 99, 29, 249, 248, 110, 216, 240, 77, 38, 108, 119, 117, 226, 102, 11, 30, 226, 196, 230, 193, 206, 248, 187]
note: run with `RUST_BACKTRACE=1` environment variable to display a backtrace

---- commands::content_updater::tests::concurrent_failed_updates_leave_the_cabinet_in_place stdout ----

thread 'commands::content_updater::tests::concurrent_failed_updates_leave_the_cabinet_in_place' (69912) panicked at src-tauri\src\commands\content_updater.rs:2603:9:
кабинет клиента обязан остаться на диске


failures:
    commands::content_updater::tests::concurrent_failed_updates_leave_the_cabinet_in_place
    commands::content_updater::tests::concurrent_updates_of_one_vault_keep_the_reported_contents

test result: FAILED. 0 passed; 2 failed; 0 ignored; 0 measured; 402 filtered out; finished in 0.57s

error: test failed, to rerun pass `--lib`
