
> aurora-ai-agency@2.4.4 check
> svelte-kit sync && svelte-check --tsconfig ./jsconfig.json

1785798250128 START "d:\\Docs\\Aurora_Ai\\Dev\\Aurora_Econometrica_canon"
1785798250142 WARNING "src\\lib\\components\\CabinetOnboarding.svelte" 395:5 "Unused CSS selector \".onboarding-card\"\nhttps://svelte.dev/e/css_unused_selector"
1785798250142 WARNING "src\\lib\\components\\CommandCard.svelte" 151:5 "Also define the standard property 'line-clamp' for compatibility"
1785798250142 WARNING "src\\lib\\components\\CommandPalette.svelte" 425:5 "Unused CSS selector \".overlay\"\nhttps://svelte.dev/e/css_unused_selector"
1785798250142 WARNING "src\\lib\\components\\CommandPanel.svelte" 109:9 "Buttons and links should either contain text or have an `aria-label`, `aria-labelledby` or `title` attribute\nhttps://svelte.dev/e/a11y_consider_explicit_label"
1785798250143 WARNING "src\\lib\\components\\Tooltip.svelte" 45:21 "This reference only captures the initial value of `id`. Did you mean to reference it inside a closure instead?\nhttps://svelte.dev/e/state_referenced_locally"
1785798250143 WARNING "src\\lib\\components\\ConfigPanel.svelte" 559:5 "A form label must be associated with a control\nhttps://svelte.dev/e/a11y_label_has_associated_control"
1785798250143 WARNING "src\\lib\\components\\ConfigPanel.svelte" 573:7 "Visible, non-interactive elements with a click event must be accompanied by a keyboard event handler. Consider whether an interactive element such as `<button type=\"button\">` or `<a>` might be more appropriate\nhttps://svelte.dev/e/a11y_click_events_have_key_events"
1785798250143 WARNING "src\\lib\\components\\ConfigPanel.svelte" 589:5 "A form label must be associated with a control\nhttps://svelte.dev/e/a11y_label_has_associated_control"
1785798250143 WARNING "src\\lib\\components\\ConfigPanel.svelte" 605:5 "A form label must be associated with a control\nhttps://svelte.dev/e/a11y_label_has_associated_control"
1785798250143 WARNING "src\\lib\\components\\ConfigPanel.svelte" 645:9 "Visible, non-interactive elements with a click event must be accompanied by a keyboard event handler. Consider whether an interactive element such as `<button type=\"button\">` or `<a>` might be more appropriate\nhttps://svelte.dev/e/a11y_click_events_have_key_events"
1785798250143 WARNING "src\\lib\\components\\ConfigPanel.svelte" 699:11 "A form label must be associated with a control\nhttps://svelte.dev/e/a11y_label_has_associated_control"
1785798250143 WARNING "src\\lib\\components\\ExpandableCard.svelte" 54:3 "Elements with the 'dialog' interactive role must have a tabindex value\nhttps://svelte.dev/e/a11y_interactive_supports_focus"
1785798250143 WARNING "src\\lib\\components\\ExpandableCard.svelte" 54:3 "Visible, non-interactive elements with a click event must be accompanied by a keyboard event handler. Consider whether an interactive element such as `<button type=\"button\">` or `<a>` might be more appropriate\nhttps://svelte.dev/e/a11y_click_events_have_key_events"
1785798250143 WARNING "src\\lib\\components\\ExpandableCard.svelte" 61:5 "Non-interactive element `<div>` should not be assigned mouse or keyboard event listeners\nhttps://svelte.dev/e/a11y_no_noninteractive_element_interactions"
1785798250143 WARNING "src\\lib\\components\\GlossaryPanel.svelte" 18:31 "This reference only captures the initial value of `initialTerm`. Did you mean to reference it inside a derived instead?\nhttps://svelte.dev/e/state_referenced_locally"
1785798250143 WARNING "src\\lib\\components\\GlossaryPanel.svelte" 78:1 "Visible, non-interactive elements with a click event must be accompanied by a keyboard event handler. Consider whether an interactive element such as `<button type=\"button\">` or `<a>` might be more appropriate\nhttps://svelte.dev/e/a11y_click_events_have_key_events"
1785798250143 WARNING "src\\lib\\components\\GlossaryPanel.svelte" 78:1 "`<div>` with a click handler must have an ARIA role\nhttps://svelte.dev/e/a11y_no_static_element_interactions"
1785798250143 WARNING "src\\lib\\components\\GlossaryPanel.svelte" 79:3 "Elements with the 'dialog' interactive role must have a tabindex value\nhttps://svelte.dev/e/a11y_interactive_supports_focus"
1785798250143 WARNING "src\\lib\\components\\GlossaryPanel.svelte" 79:3 "Visible, non-interactive elements with a click event must be accompanied by a keyboard event handler. Consider whether an interactive element such as `<button type=\"button\">` or `<a>` might be more appropriate\nhttps://svelte.dev/e/a11y_click_events_have_key_events"
1785798250143 WARNING "src\\lib\\components\\IntroTutorial.svelte" 116:9 "`<svelte:component>` is deprecated in runes mode — components are dynamic by default\nhttps://svelte.dev/e/svelte_component_deprecated"
1785798250143 WARNING "src\\lib\\components\\pipeline\\ChannelCategoriesPanel.svelte" 262:3 "Elements with the 'dialog' interactive role must have a tabindex value\nhttps://svelte.dev/e/a11y_interactive_supports_focus"
1785798250143 WARNING "src\\lib\\components\\pipeline\\ChannelCategoriesPanel.svelte" 262:3 "Visible, non-interactive elements with a click event must be accompanied by a keyboard event handler. Consider whether an interactive element such as `<button type=\"button\">` or `<a>` might be more appropriate\nhttps://svelte.dev/e/a11y_click_events_have_key_events"
1785798250143 WARNING "src\\lib\\components\\pipeline\\ChannelCategoriesPanel.svelte" 263:5 "Visible, non-interactive elements with a click event must be accompanied by a keyboard event handler. Consider whether an interactive element such as `<button type=\"button\">` or `<a>` might be more appropriate\nhttps://svelte.dev/e/a11y_click_events_have_key_events"
1785798250143 WARNING "src\\lib\\components\\pipeline\\ChannelCategoriesPanel.svelte" 263:5 "Non-interactive element `<div>` should not be assigned mouse or keyboard event listeners\nhttps://svelte.dev/e/a11y_no_noninteractive_element_interactions"
1785798250143 WARNING "src\\lib\\components\\pipeline\\ColumnMapper.svelte" 351:7 "Visible, non-interactive elements with a click event must be accompanied by a keyboard event handler. Consider whether an interactive element such as `<button type=\"button\">` or `<a>` might be more appropriate\nhttps://svelte.dev/e/a11y_click_events_have_key_events"
1785798250143 WARNING "src\\lib\\components\\pipeline\\ColumnMapper.svelte" 351:7 "Non-interactive element `<div>` should not be assigned mouse or keyboard event listeners\nhttps://svelte.dev/e/a11y_no_noninteractive_element_interactions"
1785798250143 WARNING "src\\lib\\components\\pipeline\\ConvergenceDashboard.svelte" 427:3 "Unused CSS selector \".chart-panel\"\nhttps://svelte.dev/e/css_unused_selector"
1785798250143 WARNING "src\\lib\\components\\pipeline\\ConvergenceDashboard.svelte" 437:3 "Unused CSS selector \".chart-title\"\nhttps://svelte.dev/e/css_unused_selector"
1785798250143 WARNING "src\\lib\\components\\pipeline\\ConvergenceDashboard.svelte" 520:3 "Unused CSS selector \".help-icon\"\nhttps://svelte.dev/e/css_unused_selector"
1785798250143 WARNING "src\\lib\\components\\pipeline\\ConvergenceDashboard.svelte" 537:3 "Unused CSS selector \".help-icon:hover\"\nhttps://svelte.dev/e/css_unused_selector"
1785798250143 WARNING "src\\lib\\components\\pipeline\\ExpertValidatePanel.svelte" 231:3 "Unused CSS selector \".empty\"\nhttps://svelte.dev/e/css_unused_selector"
1785798250143 WARNING "src\\lib\\components\\pipeline\\ImportStep.svelte" 1039:3 "Unused CSS selector \".engine-selector\"\nhttps://svelte.dev/e/css_unused_selector"
1785798250143 WARNING "src\\lib\\components\\pipeline\\ImportStep.svelte" 1046:3 "Unused CSS selector \".engine-title\"\nhttps://svelte.dev/e/css_unused_selector"
1785798250143 WARNING "src\\lib\\components\\pipeline\\ImportStep.svelte" 1052:3 "Unused CSS selector \".engine-options\"\nhttps://svelte.dev/e/css_unused_selector"
1785798250143 WARNING "src\\lib\\components\\pipeline\\ImportStep.svelte" 1053:3 "Unused CSS selector \".engine-radio\"\nhttps://svelte.dev/e/css_unused_selector"
1785798250143 WARNING "src\\lib\\components\\pipeline\\ImportStep.svelte" 1063:3 "Unused CSS selector \".engine-radio:hover\"\nhttps://svelte.dev/e/css_unused_selector"
1785798250143 WARNING "src\\lib\\components\\pipeline\\ImportStep.svelte" 1067:3 "Unused CSS selector \".engine-radio.active\"\nhttps://svelte.dev/e/css_unused_selector"
1785798250143 WARNING "src\\lib\\components\\pipeline\\ImportStep.svelte" 1071:3 "Unused CSS selector \".engine-radio input[type=\"radio\"]\"\nhttps://svelte.dev/e/css_unused_selector"
1785798250143 WARNING "src\\lib\\components\\pipeline\\ImportStep.svelte" 1081:3 "Unused CSS selector \".engine-radio.active input[type=\"radio\"]\"\nhttps://svelte.dev/e/css_unused_selector"
1785798250143 WARNING "src\\lib\\components\\pipeline\\ImportStep.svelte" 1082:3 "Unused CSS selector \".engine-radio.active input[type=\"radio\"]::after\"\nhttps://svelte.dev/e/css_unused_selector"
1785798250143 WARNING "src\\lib\\components\\pipeline\\ImportStep.svelte" 1088:3 "Unused CSS selector \".engine-content\"\nhttps://svelte.dev/e/css_unused_selector"
1785798250143 WARNING "src\\lib\\components\\pipeline\\ImportStep.svelte" 1089:3 "Unused CSS selector \".engine-label\"\nhttps://svelte.dev/e/css_unused_selector"
1785798250143 WARNING "src\\lib\\components\\pipeline\\ImportStep.svelte" 1095:3 "Unused CSS selector \".engine-icon\"\nhttps://svelte.dev/e/css_unused_selector"
1785798250143 WARNING "src\\lib\\components\\pipeline\\ImportStep.svelte" 1096:3 "Unused CSS selector \".engine-recommend\"\nhttps://svelte.dev/e/css_unused_selector"
1785798250143 WARNING "src\\lib\\components\\pipeline\\ImportStep.svelte" 1107:3 "Unused CSS selector \".engine-desc\"\nhttps://svelte.dev/e/css_unused_selector"
1785798250143 WARNING "src\\lib\\components\\pipeline\\ImportStep.svelte" 1224:3 "Unused CSS selector \".intro-btn.primary\"\nhttps://svelte.dev/e/css_unused_selector"
1785798250143 WARNING "src\\lib\\components\\pipeline\\KPISelector.svelte" 152:15 "`<svelte:component>` is deprecated in runes mode — components are dynamic by default\nhttps://svelte.dev/e/svelte_component_deprecated"
1785798250143 WARNING "src\\lib\\components\\pipeline\\KPISelector.svelte" 189:15 "`<svelte:component>` is deprecated in runes mode — components are dynamic by default\nhttps://svelte.dev/e/svelte_component_deprecated"
1785798250143 WARNING "src\\lib\\components\\pipeline\\MultiScenarioPage.svelte" 401:17 "Redundant role 'row'\nhttps://svelte.dev/e/a11y_no_redundant_roles"
1785798250143 WARNING "src\\lib\\components\\pipeline\\WhyThisStep.svelte" 28:23 "This reference only captures the initial value of `defaultOpen`. Did you mean to reference it inside a closure instead?\nhttps://svelte.dev/e/state_referenced_locally"
1785798250143 WARNING "src\\lib\\components\\pipeline\\OptimizeGoalSeek.svelte" 277:3 "Non-interactive element `<section>` cannot have interactive role 'radiogroup'\nhttps://svelte.dev/e/a11y_no_noninteractive_element_to_interactive_role"
1785798250144 WARNING "src\\lib\\components\\pipeline\\OptimizeStep.svelte" 2575:9 "A form label must be associated with a control\nhttps://svelte.dev/e/a11y_label_has_associated_control"
1785798250144 WARNING "src\\lib\\components\\pipeline\\OptimizeStep.svelte" 3082:3 "Unused CSS selector \".preview-content p\"\nhttps://svelte.dev/e/css_unused_selector"
1785798250144 WARNING "src\\lib\\components\\pipeline\\OptimizeStep.svelte" 3362:3 "Unused CSS selector \".forecast-avg b\"\nhttps://svelte.dev/e/css_unused_selector"
1785798250144 WARNING "src\\lib\\components\\pipeline\\OptimizeStep.svelte" 3405:3 "Unused CSS selector \".mode-radio input\"\nhttps://svelte.dev/e/css_unused_selector"
1785798250144 WARNING "src\\lib\\components\\pipeline\\OptimizeStep.svelte" 3519:3 "Unused CSS selector \".forecast-disclosure[open] .forecast-arrow\"\nhttps://svelte.dev/e/css_unused_selector"
1785798250144 WARNING "src\\lib\\components\\pipeline\\OptimizeStep.svelte" 3546:3 "Unused CSS selector \".forecast-disclosure > .forecast-mode\"\nhttps://svelte.dev/e/css_unused_selector"
1785798250144 WARNING "src\\lib\\components\\pipeline\\OptimizeStep.svelte" 3547:3 "Unused CSS selector \".forecast-disclosure > .forecast-table\"\nhttps://svelte.dev/e/css_unused_selector"
1785798250144 WARNING "src\\lib\\components\\pipeline\\OptimizeStep.svelte" 3548:3 "Unused CSS selector \".forecast-disclosure > .forecast-actions\"\nhttps://svelte.dev/e/css_unused_selector"
1785798250144 WARNING "src\\lib\\components\\pipeline\\OptimizeStep.svelte" 3549:3 "Unused CSS selector \".forecast-disclosure > .whatif-compare\"\nhttps://svelte.dev/e/css_unused_selector"
1785798250144 WARNING "src\\lib\\components\\pipeline\\OptimizeStep.svelte" 3550:3 "Unused CSS selector \".forecast-disclosure > .inline-error\"\nhttps://svelte.dev/e/css_unused_selector"
1785798250144 WARNING "src\\lib\\components\\pipeline\\OptimizeStep.svelte" 3551:3 "Unused CSS selector \".forecast-disclosure > .inline-success\"\nhttps://svelte.dev/e/css_unused_selector"
1785798250144 WARNING "src\\lib\\components\\pipeline\\OptimizeStep.svelte" 3552:3 "Unused CSS selector \".forecast-disclosure > .forecast-actions\"\nhttps://svelte.dev/e/css_unused_selector"
1785798250144 WARNING "src\\lib\\components\\pipeline\\PerChannelInputSelector.svelte" 107:5 "This reference only captures the initial value of `currentSelection`. Did you mean to reference it inside a derived instead?\nhttps://svelte.dev/e/state_referenced_locally"
1785798250144 WARNING "src\\lib\\components\\pipeline\\PerChannelInputSelector.svelte" 108:14 "This reference only captures the initial value of `currentSelection`. Did you mean to reference it inside a derived instead?\nhttps://svelte.dev/e/state_referenced_locally"
1785798250144 WARNING "src\\lib\\components\\pipeline\\PerChannelInputSelector.svelte" 109:53 "This reference only captures the initial value of `channels`. Did you mean to reference it inside a derived instead?\nhttps://svelte.dev/e/state_referenced_locally"
1785798250144 WARNING "src\\lib\\components\\pipeline\\PerChannelInputSelector.svelte" 325:3 "Unused CSS selector \".lead strong\"\nhttps://svelte.dev/e/css_unused_selector"
1785798250144 WARNING "src\\lib\\components\\pipeline\\PlanningStep.svelte" 936:3 "Do not use empty rulesets"
1785798250144 WARNING "src\\lib\\components\\pipeline\\PlanningStep.svelte" 995:3 "Do not use empty rulesets"
1785798250144 WARNING "src\\lib\\components\\pipeline\\PlanningStep.svelte" 1172:3 "Do not use empty rulesets"
1785798250144 WARNING "src\\lib\\components\\pipeline\\PlanningStep.svelte" 1267:3 "Do not use empty rulesets"
1785798250144 WARNING "src\\lib\\components\\pipeline\\PlanningStep.svelte" 1269:3 "Do not use empty rulesets"
1785798250144 WARNING "src\\lib\\components\\pipeline\\ReportStep.svelte" 1416:3 "Unused CSS selector \".export-buttons\"\nhttps://svelte.dev/e/css_unused_selector"
1785798250144 WARNING "src\\lib\\components\\pipeline\\ReportStep.svelte" 1422:3 "Unused CSS selector \".btn-export\"\nhttps://svelte.dev/e/css_unused_selector"
1785798250144 WARNING "src\\lib\\components\\pipeline\\ReportStep.svelte" 1435:3 "Unused CSS selector \".btn-export.primary\"\nhttps://svelte.dev/e/css_unused_selector"
1785798250144 WARNING "src\\lib\\components\\pipeline\\ReportStep.svelte" 1439:3 "Unused CSS selector \".btn-export.secondary\"\nhttps://svelte.dev/e/css_unused_selector"
1785798250144 WARNING "src\\lib\\components\\pipeline\\ReportStep.svelte" 1444:3 "Unused CSS selector \".btn-export.pptx\"\nhttps://svelte.dev/e/css_unused_selector"
1785798250144 WARNING "src\\lib\\components\\pipeline\\ReportStep.svelte" 1449:3 "Unused CSS selector \".btn-export.html\"\nhttps://svelte.dev/e/css_unused_selector"
1785798250144 WARNING "src\\lib\\components\\pipeline\\ReportStep.svelte" 1454:3 "Unused CSS selector \".btn-export:hover:not(:disabled)\"\nhttps://svelte.dev/e/css_unused_selector"
1785798250144 WARNING "src\\lib\\components\\pipeline\\ReportStep.svelte" 1455:3 "Unused CSS selector \".btn-export:disabled\"\nhttps://svelte.dev/e/css_unused_selector"
1785798250144 WARNING "src\\lib\\components\\pipeline\\ReportStep.svelte" 1456:3 "Unused CSS selector \".btn-icon\"\nhttps://svelte.dev/e/css_unused_selector"
1785798250144 WARNING "src\\lib\\components\\pipeline\\ReportStep.svelte" 1565:3 "Unused CSS selector \".export-hint\"\nhttps://svelte.dev/e/css_unused_selector"
1785798250144 WARNING "src\\lib\\components\\pipeline\\ReportStep.svelte" 1689:3 "Unused CSS selector \".btn-more\"\nhttps://svelte.dev/e/css_unused_selector"
1785798250144 WARNING "src\\lib\\components\\pipeline\\ReportStep.svelte" 1700:3 "Unused CSS selector \".btn-more:hover\"\nhttps://svelte.dev/e/css_unused_selector"
1785798250144 WARNING "src\\lib\\components\\pipeline\\ReportStep.svelte" 1924:5 "Unused CSS selector \".spinner-sm\"\nhttps://svelte.dev/e/css_unused_selector"
1785798250144 WARNING "src\\lib\\components\\pipeline\\wizard\\StepTargetConfirm.svelte" 608:5 "Also define the standard property 'appearance' for compatibility"
1785798250144 WARNING "src\\lib\\components\\pipeline\\ScenarioWizard.svelte" 644:3 "Unused CSS selector \".step-placeholder\"\nhttps://svelte.dev/e/css_unused_selector"
1785798250144 WARNING "src\\lib\\components\\pipeline\\ScenarioWizard.svelte" 651:3 "Unused CSS selector \".step-placeholder h2\"\nhttps://svelte.dev/e/css_unused_selector"
1785798250144 WARNING "src\\lib\\components\\pipeline\\ScenarioWizard.svelte" 658:3 "Unused CSS selector \".step-placeholder-body\"\nhttps://svelte.dev/e/css_unused_selector"
1785798250144 WARNING "src\\lib\\components\\pipeline\\ValuePerCountUnitInput.svelte" 28:28 "This reference only captures the initial value of `currentValue`. Did you mean to reference it inside a derived instead?\nhttps://svelte.dev/e/state_referenced_locally"
1785798250144 WARNING "src\\lib\\components\\pipeline\\ValuePerCountUnitInput.svelte" 28:44 "This reference only captures the initial value of `autoValue`. Did you mean to reference it inside a derived instead?\nhttps://svelte.dev/e/state_referenced_locally"
1785798250144 WARNING "src\\lib\\components\\pipeline\\ValuePerCountUnitInput.svelte" 29:24 "This reference only captures the initial value of `autoValue`. Did you mean to reference it inside a derived instead?\nhttps://svelte.dev/e/state_referenced_locally"
1785798250144 WARNING "src\\lib\\components\\pipeline\\ValuePerCountUnitInput.svelte" 29:58 "This reference only captures the initial value of `autoValue`. Did you mean to reference it inside a derived instead?\nhttps://svelte.dev/e/state_referenced_locally"
1785798250144 WARNING "src\\lib\\components\\pipeline\\ValidateStepV13.svelte" 352:6 "This reference only captures the initial value of `kpiConfirmed`. Did you mean to reference it inside a derived instead?\nhttps://svelte.dev/e/state_referenced_locally"
1785798250144 WARNING "src\\lib\\components\\pipeline\\ValidateStepV13.svelte" 352:28 "This reference only captures the initial value of `rolesConfirmed`. Did you mean to reference it inside a derived instead?\nhttps://svelte.dev/e/state_referenced_locally"
1785798250144 WARNING "src\\lib\\components\\pipeline\\ValidateStepV13.svelte" 437:54 "This reference only captures the initial value of `subStep`. Did you mean to reference it inside a closure instead?\nhttps://svelte.dev/e/state_referenced_locally"
1785798250144 WARNING "src\\lib\\components\\pipeline\\ValidateStepV13.svelte" 1825:5 "Unused CSS selector \".spinner\"\nhttps://svelte.dev/e/css_unused_selector"
1785798250144 WARNING "src\\routes\\+page.svelte" 628:3 "Unused CSS selector \".quick-actions\"\nhttps://svelte.dev/e/css_unused_selector"
1785798250144 WARNING "src\\routes\\+page.svelte" 636:3 "Unused CSS selector \".qa-card\"\nhttps://svelte.dev/e/css_unused_selector"
1785798250144 WARNING "src\\routes\\+page.svelte" 653:3 "Unused CSS selector \".qa-card:hover\"\nhttps://svelte.dev/e/css_unused_selector"
1785798250144 WARNING "src\\routes\\+page.svelte" 659:3 "Unused CSS selector \".qa-icon\"\nhttps://svelte.dev/e/css_unused_selector"
1785798250144 WARNING "src\\routes\\+page.svelte" 660:3 "Unused CSS selector \".qa-label\"\nhttps://svelte.dev/e/css_unused_selector"
1785798250144 WARNING "src\\routes\\+page.svelte" 661:3 "Unused CSS selector \".qa-desc\"\nhttps://svelte.dev/e/css_unused_selector"
1785798250144 WARNING "src\\routes\\+page.svelte" 663:3 "Unused CSS selector \".cabinets-section\"\nhttps://svelte.dev/e/css_unused_selector"
1785798250144 WARNING "src\\routes\\+page.svelte" 668:3 "Unused CSS selector \".section-header\"\nhttps://svelte.dev/e/css_unused_selector"
1785798250144 WARNING "src\\routes\\+page.svelte" 675:3 "Unused CSS selector \".section-title\"\nhttps://svelte.dev/e/css_unused_selector"
1785798250144 WARNING "src\\routes\\+page.svelte" 685:3 "Unused CSS selector \".section-subtitle\"\nhttps://svelte.dev/e/css_unused_selector"
1785798250144 WARNING "src\\routes\\+page.svelte" 691:3 "Unused CSS selector \".open-error\"\nhttps://svelte.dev/e/css_unused_selector"
1785798250144 WARNING "src\\routes\\+page.svelte" 705:3 "Unused CSS selector \".open-error button\"\nhttps://svelte.dev/e/css_unused_selector"
1785798250144 WARNING "src\\routes\\+page.svelte" 717:3 "Unused CSS selector \".cabinets-grid\"\nhttps://svelte.dev/e/css_unused_selector"
1785798250144 WARNING "src\\routes\\+page.svelte" 723:3 "Unused CSS selector \".card-wrapper\"\nhttps://svelte.dev/e/css_unused_selector"
1785798250144 WARNING "src\\routes\\+page.svelte" 728:3 "Unused CSS selector \".exports-section\"\nhttps://svelte.dev/e/css_unused_selector"
1785798250144 WARNING "src\\routes\\+page.svelte" 732:3 "Unused CSS selector \".exports-title\"\nhttps://svelte.dev/e/css_unused_selector"
1785798250144 WARNING "src\\routes\\+page.svelte" 740:3 "Unused CSS selector \".exports-list\"\nhttps://svelte.dev/e/css_unused_selector"
1785798250144 WARNING "src\\routes\\+page.svelte" 746:3 "Unused CSS selector \".export-row\"\nhttps://svelte.dev/e/css_unused_selector"
1785798250144 WARNING "src\\routes\\+page.svelte" 755:3 "Unused CSS selector \".export-row:hover\"\nhttps://svelte.dev/e/css_unused_selector"
1785798250144 WARNING "src\\routes\\+page.svelte" 759:3 "Unused CSS selector \".export-cab\"\nhttps://svelte.dev/e/css_unused_selector"
1785798250144 WARNING "src\\routes\\+page.svelte" 769:3 "Unused CSS selector \".export-file\"\nhttps://svelte.dev/e/css_unused_selector"
1785798250144 WARNING "src\\routes\\+page.svelte" 778:3 "Unused CSS selector \".share-btn\"\nhttps://svelte.dev/e/css_unused_selector"
1785798250144 WARNING "src\\routes\\+page.svelte" 794:3 "Unused CSS selector \".export-row:hover .share-btn\"\nhttps://svelte.dev/e/css_unused_selector"
1785798250144 WARNING "src\\routes\\+page.svelte" 798:3 "Unused CSS selector \".share-btn:hover\"\nhttps://svelte.dev/e/css_unused_selector"
1785798250144 WARNING "src\\routes\\+page.svelte" 804:3 "Unused CSS selector \".share-targets\"\nhttps://svelte.dev/e/css_unused_selector"
1785798250144 WARNING "src\\routes\\+page.svelte" 811:3 "Unused CSS selector \".target-btn\"\nhttps://svelte.dev/e/css_unused_selector"
1785798250144 WARNING "src\\routes\\+page.svelte" 822:3 "Unused CSS selector \".target-btn:hover\"\nhttps://svelte.dev/e/css_unused_selector"
1785798250144 WARNING "src\\routes\\+page.svelte" 884:3 "Unused CSS selector \".share-success\"\nhttps://svelte.dev/e/css_unused_selector"
1785798250144 WARNING "src\\routes\\+page.svelte" 959:3 "Unused CSS selector \".welcome-brand\"\nhttps://svelte.dev/e/css_unused_selector"
1785798250144 WARNING "src\\routes\\+page.svelte" 967:3 "Unused CSS selector \".welcome-brand h3\"\nhttps://svelte.dev/e/css_unused_selector"
1785798250144 WARNING "src\\routes\\+page.svelte" 968:3 "Unused CSS selector \".welcome-brand p\"\nhttps://svelte.dev/e/css_unused_selector"
1785798250144 WARNING "src\\routes\\+page.svelte" 969:3 "Unused CSS selector \".welcome-input-row\"\nhttps://svelte.dev/e/css_unused_selector"
1785798250144 WARNING "src\\routes\\+page.svelte" 970:3 "Unused CSS selector \".welcome-input\"\nhttps://svelte.dev/e/css_unused_selector"
1785798250144 WARNING "src\\routes\\+page.svelte" 971:3 "Unused CSS selector \".welcome-input:focus\"\nhttps://svelte.dev/e/css_unused_selector"
1785798250144 WARNING "src\\routes\\+page.svelte" 972:3 "Unused CSS selector \".welcome-create-btn\"\nhttps://svelte.dev/e/css_unused_selector"
1785798250144 WARNING "src\\routes\\+page.svelte" 973:3 "Unused CSS selector \".welcome-create-btn:disabled\"\nhttps://svelte.dev/e/css_unused_selector"
1785798250144 WARNING "src\\routes\\+page.svelte" 976:3 "Unused CSS selector \".dash-stats\"\nhttps://svelte.dev/e/css_unused_selector"
1785798250144 WARNING "src\\routes\\+page.svelte" 982:3 "Unused CSS selector \".dash-card\"\nhttps://svelte.dev/e/css_unused_selector"
1785798250144 WARNING "src\\routes\\+page.svelte" 993:3 "Unused CSS selector \".dash-card--wide\"\nhttps://svelte.dev/e/css_unused_selector"
1785798250144 WARNING "src\\routes\\+page.svelte" 994:3 "Unused CSS selector \".dash-value\"\nhttps://svelte.dev/e/css_unused_selector"
1785798250144 WARNING "src\\routes\\+page.svelte" 1003:3 "Unused CSS selector \".dash-label\"\nhttps://svelte.dev/e/css_unused_selector"
1785798250144 WARNING "src\\routes\\+page.svelte" 1166:5 "Unused CSS selector \".cabinet-card\"\nhttps://svelte.dev/e/css_unused_selector"
1785798250144 WARNING "src\\routes\\cabinet\\+page.svelte" 539:3 "Unused CSS selector \".breadcrumb\"\nhttps://svelte.dev/e/css_unused_selector"
1785798250144 WARNING "src\\routes\\cabinet\\+page.svelte" 545:3 "Unused CSS selector \".breadcrumb-logo\"\nhttps://svelte.dev/e/css_unused_selector"
1785798250144 WARNING "src\\routes\\cabinet\\+page.svelte" 553:3 "Unused CSS selector \".breadcrumb-root\"\nhttps://svelte.dev/e/css_unused_selector"
1785798250144 WARNING "src\\routes\\cabinet\\+page.svelte" 612:3 "Unused CSS selector \".breadcrumb-sep\"\nhttps://svelte.dev/e/css_unused_selector"
1785798250144 WARNING "src\\routes\\cabinet\\+page.svelte" 617:3 "Unused CSS selector \".breadcrumb-icon\"\nhttps://svelte.dev/e/css_unused_selector"
1785798250144 WARNING "src\\routes\\cabinet\\+page.svelte" 622:3 "Unused CSS selector \".breadcrumb-name\"\nhttps://svelte.dev/e/css_unused_selector"
1785798250144 WARNING "src\\routes\\cabinet\\+page.svelte" 629:3 "Unused CSS selector \".mastery-badge\"\nhttps://svelte.dev/e/css_unused_selector"
1785798250144 WARNING "src\\routes\\cabinet\\+page.svelte" 642:3 "Unused CSS selector \".brand-badge\"\nhttps://svelte.dev/e/css_unused_selector"
1785798250144 WARNING "src\\routes\\cabinet\\+page.svelte" 868:3 "Unused CSS selector \".header-icon-btn.header-icon-active\"\nhttps://svelte.dev/e/css_unused_selector"
1785798250144 WARNING "src\\routes\\data-chat\\+page.svelte" 289:7 "Buttons and links should either contain text or have an `aria-label`, `aria-labelledby` or `title` attribute\nhttps://svelte.dev/e/a11y_consider_explicit_label"
1785798250144 WARNING "src\\routes\\settings\\+page.svelte" 1188:3 "Unused CSS selector \".raw-fp-btn\"\nhttps://svelte.dev/e/css_unused_selector"
1785798250144 WARNING "src\\routes\\settings\\+page.svelte" 1194:3 "Unused CSS selector \".raw-fp-btn:hover\"\nhttps://svelte.dev/e/css_unused_selector"
1785798250144 WARNING "src\\routes\\settings\\+page.svelte" 1200:3 "Unused CSS selector \".status-card\"\nhttps://svelte.dev/e/css_unused_selector"
1785798250144 WARNING "src\\routes\\settings\\+page.svelte" 1211:3 "Unused CSS selector \".status-card.status-ok\"\nhttps://svelte.dev/e/css_unused_selector"
1785798250144 WARNING "src\\routes\\settings\\+page.svelte" 1216:3 "Unused CSS selector \".status-card.status-error\"\nhttps://svelte.dev/e/css_unused_selector"
1785798250144 WARNING "src\\routes\\settings\\+page.svelte" 1229:3 "Unused CSS selector \".status-dot.ok\"\nhttps://svelte.dev/e/css_unused_selector"
1785798250144 WARNING "src\\routes\\settings\\+page.svelte" 1235:3 "Unused CSS selector \".status-dot.error\"\nhttps://svelte.dev/e/css_unused_selector"
1785798250144 WARNING "src\\routes\\settings\\+page.svelte" 1240:3 "Unused CSS selector \".status-label\"\nhttps://svelte.dev/e/css_unused_selector"
1785798250144 WARNING "src\\routes\\settings\\+page.svelte" 1246:3 "Unused CSS selector \".status-detail\"\nhttps://svelte.dev/e/css_unused_selector"
1785798250144 WARNING "src\\routes\\settings\\+page.svelte" 1252:3 "Unused CSS selector \".btn\"\nhttps://svelte.dev/e/css_unused_selector"
1785798250144 WARNING "src\\routes\\settings\\+page.svelte" 1261:3 "Unused CSS selector \".btn-accent\"\nhttps://svelte.dev/e/css_unused_selector"
1785798250144 WARNING "src\\routes\\settings\\+page.svelte" 1268:3 "Unused CSS selector \".btn-accent:hover\"\nhttps://svelte.dev/e/css_unused_selector"
1785798250144 WARNING "src\\routes\\settings\\+page.svelte" 1280:3 "Unused CSS selector \".metrics-grid\"\nhttps://svelte.dev/e/css_unused_selector"
1785798250144 WARNING "src\\routes\\settings\\+page.svelte" 1287:3 "Unused CSS selector \".metric-card\"\nhttps://svelte.dev/e/css_unused_selector"
1785798250144 WARNING "src\\routes\\settings\\+page.svelte" 1297:3 "Unused CSS selector \".metric-value\"\nhttps://svelte.dev/e/css_unused_selector"
1785798250144 WARNING "src\\routes\\settings\\+page.svelte" 1304:3 "Unused CSS selector \".metric-label\"\nhttps://svelte.dev/e/css_unused_selector"
1785798250144 WARNING "src\\routes\\settings\\+page.svelte" 1312:3 "Unused CSS selector \".metric-detail\"\nhttps://svelte.dev/e/css_unused_selector"
1785798250144 WARNING "src\\routes\\settings\\+page.svelte" 1318:3 "Unused CSS selector \".reset-metrics-btn\"\nhttps://svelte.dev/e/css_unused_selector"
1785798250144 WARNING "src\\routes\\settings\\+page.svelte" 1330:3 "Unused CSS selector \".reset-metrics-btn:hover\"\nhttps://svelte.dev/e/css_unused_selector"
1785798250144 WARNING "src\\routes\\settings\\+page.svelte" 1354:3 "Unused CSS selector \".chart-section\"\nhttps://svelte.dev/e/css_unused_selector"
1785798250144 WARNING "src\\routes\\settings\\+page.svelte" 1360:3 "Unused CSS selector \".chart-title\"\nhttps://svelte.dev/e/css_unused_selector"
1785798250144 WARNING "src\\routes\\settings\\+page.svelte" 1369:3 "Unused CSS selector \".chart-bars\"\nhttps://svelte.dev/e/css_unused_selector"
1785798250144 WARNING "src\\routes\\settings\\+page.svelte" 1375:3 "Unused CSS selector \".chart-row\"\nhttps://svelte.dev/e/css_unused_selector"
1785798250144 WARNING "src\\routes\\settings\\+page.svelte" 1381:3 "Unused CSS selector \".chart-label\"\nhttps://svelte.dev/e/css_unused_selector"
1785798250144 WARNING "src\\routes\\settings\\+page.svelte" 1392:3 "Unused CSS selector \".chart-bar-track\"\nhttps://svelte.dev/e/css_unused_selector"
1785798250144 WARNING "src\\routes\\settings\\+page.svelte" 1400:3 "Unused CSS selector \".chart-bar-fill\"\nhttps://svelte.dev/e/css_unused_selector"
1785798250144 WARNING "src\\routes\\settings\\+page.svelte" 1408:3 "Unused CSS selector \".chart-value\"\nhttps://svelte.dev/e/css_unused_selector"
1785798250144 WARNING "src\\routes\\workflow\\+page.svelte" 119:5 "Buttons and links should either contain text or have an `aria-label`, `aria-labelledby` or `title` attribute\nhttps://svelte.dev/e/a11y_consider_explicit_label"
1785798250144 COMPLETED 4158 FILES 0 ERRORS 177 WARNINGS 31 FILES_WITH_PROBLEMS
