bringing up nodes...
bringing up nodes...

........................................................................ [  6%]
........................................................................ [ 13%]
........................................................................ [ 20%]
........................................................................ [ 27%]
........................................................................ [ 34%]
........................................................................ [ 41%]
........................................................................ [ 48%]
........................................................................ [ 55%]
........................................................................ [ 62%]
........................................................................ [ 69%]
........................................................................ [ 76%]
.......................................................s................ [ 83%]
........................................................................ [ 90%]
........................................................................ [ 96%]
................................                                         [100%]
============================== warnings summary ===============================
server.py:235
server.py:235
server.py:235
server.py:235
  D:\Docs\Aurora_Ai\Dev\Aurora_Econometrica_thinwt\sidecar\econometrica\server.py:235: DeprecationWarning: 
          on_event is deprecated, use lifespan event handlers instead.
  
          Read more about it in the
          [FastAPI docs for Lifespan Events](https://fastapi.tiangolo.com/advanced/events/).
          
    @app.on_event('startup')

C:\Users\ackol\AppData\Local\Programs\Python\Python312\Lib\site-packages\fastapi\applications.py:4599
C:\Users\ackol\AppData\Local\Programs\Python\Python312\Lib\site-packages\fastapi\applications.py:4599
C:\Users\ackol\AppData\Local\Programs\Python\Python312\Lib\site-packages\fastapi\applications.py:4599
C:\Users\ackol\AppData\Local\Programs\Python\Python312\Lib\site-packages\fastapi\applications.py:4599
  C:\Users\ackol\AppData\Local\Programs\Python\Python312\Lib\site-packages\fastapi\applications.py:4599: DeprecationWarning: 
          on_event is deprecated, use lifespan event handlers instead.
  
          Read more about it in the
          [FastAPI docs for Lifespan Events](https://fastapi.tiangolo.com/advanced/events/).
          
    return self.router.on_event(event_type)

sidecar/econometrica/tests/test_negative_baseline_live.py: 2 warnings
sidecar/econometrica/tests/test_methodology_cert_live.py: 8 warnings
sidecar/econometrica/tests/test_mcmc_determinism_live.py: 8 warnings
  D:\Docs\Aurora_Ai\Dev\Aurora_Econometrica_thinwt\sidecar\econometrica\engines\modeler.py:931: DeprecationWarning: Scan return signature will change. Updates dict will not be returned, only the first argument. Pass `return_updates=False` to conform to the new API and avoid this warning
    adstock_seq, _ = pt_scan(

-- Docs: https://docs.pytest.org/en/stable/how-to/capture-warnings.html
=========================== short test summary info ===========================
SKIPPED [1] tests\test_planning_carryin_e2e.py:136: posterior samples недоступны в OLS модели — CI тест пропущен
1039 passed, 1 skipped, 26 warnings in 65.53s (0:01:05)
