file:///D:/Docs/Aurora_Ai/Dev/Aurora_Econometrica_thinwt/node_modules/@vitest/runner/dist/chunk-artifact.js:1621
		throw new Error(`Vitest failed to find ${message}. One of the following is possible:` + "\n- \"vitest\" is imported directly without running \"vitest\" command" + "\n- \"vitest\" is imported inside \"globalSetup\" (to fix this, use \"setupFiles\" instead, because \"globalSetup\" runs in a different context)" + "\n- \"vitest\" is imported inside Vite / Vitest config file" + "\n- Otherwise, it might be a Vitest bug. Please report it to https://github.com/vitest-dev/vitest/issues\n");
		      ^

Error: Vitest failed to find the current suite. One of the following is possible:
- "vitest" is imported directly without running "vitest" command
- "vitest" is imported inside "globalSetup" (to fix this, use "setupFiles" instead, because "globalSetup" runs in a different context)
- "vitest" is imported inside Vite / Vitest config file
- Otherwise, it might be a Vitest bug. Please report it to https://github.com/vitest-dev/vitest/issues

    at assert (file:///D:/Docs/Aurora_Ai/Dev/Aurora_Econometrica_thinwt/node_modules/@vitest/runner/dist/chunk-artifact.js:1621:9)
    at getCurrentSuite (file:///D:/Docs/Aurora_Ai/Dev/Aurora_Econometrica_thinwt/node_modules/@vitest/runner/dist/chunk-artifact.js:1656:2)
    at afterEach (file:///D:/Docs/Aurora_Ai/Dev/Aurora_Econometrica_thinwt/node_modules/@vitest/runner/dist/chunk-artifact.js:742:9)
    at file:///D:/Docs/Aurora_Ai/Dev/Aurora_Econometrica_thinwt/tools/__tests__/check-installer-edition.test.mjs:46:1
    at ModuleJob.run (node:internal/modules/esm/module_job:430:25)
    at async onImport.tracePromise.__proto__ (node:internal/modules/esm/loader:661:26)
    at async asyncRunEntryPointWithESMLoader (node:internal/modules/run_main:101:5)

Node.js v24.14.0
✖ __tests__\check-installer-edition.test.mjs (147.476ms)
ℹ tests 1
ℹ suites 0
ℹ pass 0
ℹ fail 1
ℹ cancelled 0
ℹ skipped 0
ℹ todo 0
ℹ duration_ms 153.4427

✖ failing tests:

test at __tests__\check-installer-edition.test.mjs:1:1
✖ __tests__\check-installer-edition.test.mjs (147.476ms)
  'test failed'
